
> fringe@0.0.0 test /Users/jackschaible/dev/fringe
> pnpm run test:server && pnpm run test:client && pnpm run test:infra


> fringe@0.0.0 test:server /Users/jackschaible/dev/fringe
> dotnet test fringe.sln --collect:"XPlat Code Coverage" --results-directory coverage/dotnet --logger trx

  Determining projects to restore...
  All projects are up-to-date for restore.
  Fringe.Data -> /Users/jackschaible/dev/fringe/Fringe.Data/bin/Debug/net10.0/Fringe.Data.dll
  FringeScraper -> /Users/jackschaible/dev/fringe/Fringe.Scraper/bin/Debug/net10.0/FringeScraper.dll
  Fringe.Data.Tests -> /Users/jackschaible/dev/fringe/Fringe.Data.Tests/bin/Debug/net10.0/Fringe.Data.Tests.dll
Test run for /Users/jackschaible/dev/fringe/Fringe.Data.Tests/bin/Debug/net10.0/Fringe.Data.Tests.dll (.NETCoreApp,Version=v10.0)
VSTest version 18.0.1 (arm64)

  Fringe.API -> /Users/jackschaible/dev/fringe/Fringe.API/bin/Debug/net10.0/Fringe.API.dll
  Fringe.Scraper.Tests -> /Users/jackschaible/dev/fringe/Fringe.Scraper.Tests/bin/Debug/net10.0/Fringe.Scraper.Tests.dll
Test run for /Users/jackschaible/dev/fringe/Fringe.Scraper.Tests/bin/Debug/net10.0/Fringe.Scraper.Tests.dll (.NETCoreApp,Version=v10.0)
Starting test execution, please wait...
A total of 1 test files matched the specified pattern.
VSTest version 18.0.1 (arm64)

Starting test execution, please wait...
A total of 1 test files matched the specified pattern.
  Fringe.API.Tests -> /Users/jackschaible/dev/fringe/Fringe.API.Tests/bin/Debug/net10.0/Fringe.API.Tests.dll
Test run for /Users/jackschaible/dev/fringe/Fringe.API.Tests/bin/Debug/net10.0/Fringe.API.Tests.dll (.NETCoreApp,Version=v10.0)
VSTest version 18.0.1 (arm64)

Starting test execution, please wait...
A total of 1 test files matched the specified pattern.
Results File: /Users/jackschaible/dev/fringe/coverage/dotnet/_Mac_2026-07-15_19_13_53.trx

Passed!  - Failed:     0, Passed:    50, Skipped:     0, Total:    50, Duration: 83 ms - Fringe.Data.Tests.dll (net10.0)
Results File: /Users/jackschaible/dev/fringe/coverage/dotnet/_Mac_2026-07-15_19_13_54.trx

Passed!  - Failed:     0, Passed:    91, Skipped:     0, Total:    91, Duration: 62 ms - Fringe.API.Tests.dll (net10.0)
Results File: /Users/jackschaible/dev/fringe/coverage/dotnet/_Mac_2026-07-15_19_13_53[1].trx

Passed!  - Failed:     0, Passed:    63, Skipped:     0, Total:    63, Duration: 3 s - Fringe.Scraper.Tests.dll (net10.0)

Attachments:
  /Users/jackschaible/dev/fringe/coverage/dotnet/9dd4cf17-5c48-4449-a3c2-226f70b998c0/coverage.cobertura.xml
  /Users/jackschaible/dev/fringe/coverage/dotnet/80864c1e-a9c7-455e-aee0-ab6ff6bb5fd9/coverage.cobertura.xml
  /Users/jackschaible/dev/fringe/coverage/dotnet/8115bb09-fae6-4f23-b2b4-2dd24f6348cd/coverage.cobertura.xml

> fringe@0.0.0 test:client /Users/jackschaible/dev/fringe
> pnpm --dir fringe-client run test:coverage


> fringe-client@0.0.0 test:coverage /Users/jackschaible/dev/fringe/fringe-client
> ng test --watch=false --browsers=ChromeHeadless --code-coverage

❯ Building...
✔ Building...
Initial chunk files                                                           | Names                                                                      |  Raw size
chunk-2WVEWLIA.js                                                             | -                                                                          |   2.28 MB | 
polyfills.js                                                                  | polyfills                                                                  | 950.89 kB | 
spec-app-pages-availability-availability.spec.js                              | spec-app-pages-availability-availability.spec                              | 677.28 kB | 
chunk-3OSSZ4G5.js                                                             | -                                                                          | 239.94 kB | 
chunk-NROKQMQI.js                                                             | -                                                                          | 223.82 kB | 
chunk-67CMC2L6.js                                                             | -                                                                          | 196.13 kB | 
chunk-LKKMB2XD.js                                                             | -                                                                          | 190.81 kB | 
chunk-24ZVXI7S.js                                                             | -                                                                          | 187.99 kB | 
spec-app-pages-login-login.spec.js                                            | spec-app-pages-login-login.spec                                            | 101.70 kB | 
chunk-BK4LG3Q7.js                                                             | -                                                                          |  99.44 kB | 
chunk-U2B76NY7.js                                                             | -                                                                          |  68.48 kB | 
chunk-2SUR2SH6.js                                                             | -                                                                          |  55.52 kB | 
spec-app-pages-shows-shows.spec.js                                            | spec-app-pages-shows-shows.spec                                            |  52.22 kB | 
spec-app-pages-schedule-schedule.spec.js                                      | spec-app-pages-schedule-schedule.spec                                      |  41.35 kB | 
chunk-VDDUPCSB.js                                                             | -                                                                          |  41.05 kB | 
chunk-2JRB4LLN.js                                                             | -                                                                          |  37.88 kB | 
chunk-VSSVU3HP.js                                                             | -                                                                          |  27.48 kB | 
test_main.js                                                                  | test_main                                                                  |  22.42 kB | 
chunk-ZHQWXZWH.js                                                             | -                                                                          |  21.82 kB | 
spec-app-app.spec.js                                                          | spec-app-app.spec                                                          |  19.60 kB | 
chunk-VQDLVEWF.js                                                             | -                                                                          |  14.17 kB | 
chunk-D23EJHVL.js                                                             | -                                                                          |  13.46 kB | 
spec-app-pages-privacy-privacy.spec.js                                        | spec-app-pages-privacy-privacy.spec                                        |  13.35 kB | 
spec-app-pages-group-group.spec.js                                            | spec-app-pages-group-group.spec                                            |  12.98 kB | 
styles.css                                                                    | styles                                                                     |  12.72 kB | 
chunk-KF2RBEDY.js                                                             | -                                                                          |  12.47 kB | 
spec-app-interceptors-unauthorized.interceptor.spec.js                        | spec-app-interceptors-unauthorized.interceptor.spec                        |  12.21 kB | 
spec-app-pages-terms-terms.spec.js                                            | spec-app-pages-terms-terms.spec                                            |  12.20 kB | 
spec-app-interceptors-auth.interceptor.spec.js                                | spec-app-interceptors-auth.interceptor.spec                                |  11.51 kB | 
chunk-TQB46IZP.js                                                             | -                                                                          |  11.17 kB | 
chunk-GF2VKR2D.js                                                             | -                                                                          |  10.92 kB | 
chunk-VLGDPNG2.js                                                             | -                                                                          |  10.44 kB | 
spec-app-services-auth.service.spec.js                                        | spec-app-services-auth.service.spec                                        |  10.16 kB | 
spec-app-services-api.service.spec.js                                         | spec-app-services-api.service.spec                                         |   9.94 kB | 
chunk-EZNI3KJV.js                                                             | -                                                                          |   9.10 kB | 
chunk-QSGBYOWO.js                                                             | -                                                                          |   7.83 kB | 
spec-app-guards-guest.guard.spec.js                                           | spec-app-guards-guest.guard.spec                                           |   7.59 kB | 
chunk-YY3GK5OT.js                                                             | -                                                                          |   7.58 kB | 
spec-app-guards-auth.guard.spec.js                                            | spec-app-guards-auth.guard.spec                                            |   7.58 kB | 
chunk-3OQY4ED3.js                                                             | -                                                                          |   7.35 kB | 
spec-app-services-api.service.schedule.spec.js                                | spec-app-services-api.service.schedule.spec                                |   7.01 kB | 
chunk-LPGB6VSD.js                                                             | -                                                                          |   6.97 kB | 
spec-app-pages-auth-callback-auth-callback.spec.js                            | spec-app-pages-auth-callback-auth-callback.spec                            |   6.86 kB | 
chunk-TTLPFDVZ.js                                                             | -                                                                          |   6.47 kB | 
chunk-CBEQKYSX.js                                                             | -                                                                          |   6.39 kB | 
chunk-ETES7CQY.js                                                             | -                                                                          |   6.14 kB | 
spec-app-pages-schedule-alternate-proposals-alternate-proposals.spec.js       | spec-app-pages-schedule-alternate-proposals-alternate-proposals.spec       |   5.30 kB | 
chunk-HHALFNBG.js                                                             | -                                                                          |   5.05 kB | 
spec-app-pages-shows-show-detail-panel-show-detail-panel.spec.js              | spec-app-pages-shows-show-detail-panel-show-detail-panel.spec              |   4.76 kB | 
spec-app-services-cookie-consent.service.spec.js                              | spec-app-services-cookie-consent.service.spec                              |   4.66 kB | 
chunk-7IQSZKX3.js                                                             | -                                                                          |   4.38 kB | 
spec-app-pages-shows-browse-show-card-browse-show-card.spec.js                | spec-app-pages-shows-browse-show-card-browse-show-card.spec                |   3.83 kB | 
spec-app-components-cookie-consent-drawer-cookie-consent-drawer.spec.js       | spec-app-components-cookie-consent-drawer-cookie-consent-drawer.spec       |   3.80 kB | 
spec-app-pages-shows-ranked-show-item-ranked-show-item.spec.js                | spec-app-pages-shows-ranked-show-item-ranked-show-item.spec                |   3.45 kB | 
spec-app-pages-shows-show-detail-stats-show-detail-stats.spec.js              | spec-app-pages-shows-show-detail-stats-show-detail-stats.spec              |   3.20 kB | 
spec-app-pages-schedule-needs-change-needs-change.spec.js                     | spec-app-pages-schedule-needs-change-needs-change.spec                     |   2.93 kB | 
spec-app-pages-schedule-missed-shows-list-missed-shows-list.spec.js           | spec-app-pages-schedule-missed-shows-list-missed-shows-list.spec           |   2.80 kB | 
spec-app-pages-schedule-proposal-schedule-item-proposal-schedule-item.spec.js | spec-app-pages-schedule-proposal-schedule-item-proposal-schedule-item.spec |   2.69 kB | 
spec-app-pages-schedule-schedule-item-row-schedule-item-row.spec.js           | spec-app-pages-schedule-schedule-item-row-schedule-item-row.spec           |   2.59 kB | 
chunk-ONVVGCPQ.js                                                             | -                                                                          |   2.55 kB | 
chunk-T2BVRHRV.js                                                             | -                                                                          |   2.28 kB | 
spec-app-pages-group-group-test-helpers.spec.js                               | spec-app-pages-group-group-test-helpers.spec                               | 780 bytes | 
jasmine-cleanup-0.js                                                          | jasmine-cleanup-0                                                          | 537 bytes | 
spec-app-pages-shows-fringe-url.spec.js                                       | spec-app-pages-shows-fringe-url.spec                                       | 462 bytes | 

                                                                              | Initial total                                                              |   5.85 MB

Lazy chunk files                                                              | Names                                                                      |  Raw size
chunk-ICOAAY3E.js                                                             | index                                                                      | 477.64 kB | 

Application bundle generation complete. [1.627 seconds] - 2026-07-16T01:14:00.571Z

[32m15 07 2026 19:14:00.788:INFO [karma-server]: [39mKarma v6.4.4 server started at http://localhost:9876/
[32m15 07 2026 19:14:00.789:INFO [launcher]: [39mLaunching browsers ChromeHeadless with concurrency unlimited
[32m15 07 2026 19:14:00.792:INFO [launcher]: [39mStarting browser ChromeHeadless
[32m15 07 2026 19:14:05.403:INFO [Chrome Headless 150.0.0.0 (Mac OS 10.15.7)]: [39mConnected on socket bKQt_rcSs3hjuMinAAAB with id 88829761
Chrome Headless 150.0.0.0 (Mac OS 10.15.7): Executed 0 of 266[32m SUCCESS[39m (0 secs / 0 secs)
[1A[2KChrome Headless 150.0.0.0 (Mac OS 10.15.7): Executed 1 of 266[32m SUCCESS[39m (0 secs / 0.035 secs)
[1A[2KChrome Headless 150.0.0.0 (Mac OS 10.15.7): Executed 2 of 266[32m SUCCESS[39m (0 secs / 0.037 secs)
[1A[2KChrome Headless 150.0.0.0 (Mac OS 10.15.7): Executed 3 of 266[32m SUCCESS[39m (0 secs / 0.039 secs)
[1A[2KChrome Headless 150.0.0.0 (Mac OS 10.15.7): Executed 4 of 266[32m SUCCESS[39m (0 secs / 0.043 secs)
[1A[2KChrome Headless 150.0.0.0 (Mac OS 10.15.7): Executed 5 of 266[32m SUCCESS[39m (0 secs / 0.044 secs)
[1A[2KChrome Headless 150.0.0.0 (Mac OS 10.15.7): Executed 6 of 266[32m SUCCESS[39m (0 secs / 0.045 secs)
[1A[2KChrome Headless 150.0.0.0 (Mac OS 10.15.7): Executed 7 of 266[32m SUCCESS[39m (0 secs / 0.046 secs)
[1A[2KChrome Headless 150.0.0.0 (Mac OS 10.15.7): Executed 8 of 266[32m SUCCESS[39m (0 secs / 0.046 secs)
[1A[2KChrome Headless 150.0.0.0 (Mac OS 10.15.7): Executed 9 of 266[32m SUCCESS[39m (0 secs / 0.046 secs)
[1A[2KChrome Headless 150.0.0.0 (Mac OS 10.15.7): Executed 10 of 266[32m SUCCESS[39m (0 secs / 0.047 secs)
[1A[2KChrome Headless 150.0.0.0 (Mac OS 10.15.7): Executed 11 of 266[32m SUCCESS[39m (0 secs / 0.047 secs)
[1A[2KChrome Headless 150.0.0.0 (Mac OS 10.15.7): Executed 12 of 266[32m SUCCESS[39m (0 secs / 0.047 secs)
[1A[2KChrome Headless 150.0.0.0 (Mac OS 10.15.7): Executed 13 of 266[32m SUCCESS[39m (0 secs / 0.047 secs)
[1A[2KChrome Headless 150.0.0.0 (Mac OS 10.15.7): Executed 14 of 266[32m SUCCESS[39m (0 secs / 0.047 secs)
[1A[2KChrome Headless 150.0.0.0 (Mac OS 10.15.7): Executed 15 of 266[32m SUCCESS[39m (0 secs / 0.047 secs)
[1A[2KChrome Headless 150.0.0.0 (Mac OS 10.15.7): Executed 16 of 266[32m SUCCESS[39m (0 secs / 0.048 secs)
[1A[2KChrome Headless 150.0.0.0 (Mac OS 10.15.7): Executed 17 of 266[32m SUCCESS[39m (0 secs / 0.048 secs)
[1A[2KChrome Headless 150.0.0.0 (Mac OS 10.15.7): Executed 18 of 266[32m SUCCESS[39m (0 secs / 0.048 secs)
[1A[2KChrome Headless 150.0.0.0 (Mac OS 10.15.7): Executed 19 of 266[32m SUCCESS[39m (0 secs / 0.048 secs)
[1A[2KChrome Headless 150.0.0.0 (Mac OS 10.15.7): Executed 20 of 266[32m SUCCESS[39m (0 secs / 0.049 secs)
[1A[2KChrome Headless 150.0.0.0 (Mac OS 10.15.7): Executed 21 of 266[32m SUCCESS[39m (0 secs / 0.049 secs)
[1A[2KChrome Headless 150.0.0.0 (Mac OS 10.15.7): Executed 22 of 266[32m SUCCESS[39m (0 secs / 0.063 secs)
[1A[2KChrome Headless 150.0.0.0 (Mac OS 10.15.7): Executed 23 of 266[32m SUCCESS[39m (0 secs / 0.064 secs)
[1A[2KChrome Headless 150.0.0.0 (Mac OS 10.15.7): Executed 24 of 266[32m SUCCESS[39m (0 secs / 0.065 secs)
[1A[2KChrome Headless 150.0.0.0 (Mac OS 10.15.7): Executed 25 of 266[32m SUCCESS[39m (0 secs / 0.067 secs)
[1A[2KChrome Headless 150.0.0.0 (Mac OS 10.15.7): Executed 26 of 266[32m SUCCESS[39m (0 secs / 0.069 secs)
[1A[2KChrome Headless 150.0.0.0 (Mac OS 10.15.7): Executed 27 of 266[32m SUCCESS[39m (0 secs / 0.07 secs)
[1A[2KChrome Headless 150.0.0.0 (Mac OS 10.15.7): Executed 28 of 266[32m SUCCESS[39m (0 secs / 0.071 secs)
[1A[2KChrome Headless 150.0.0.0 (Mac OS 10.15.7): Executed 29 of 266[32m SUCCESS[39m (0 secs / 0.071 secs)
[1A[2KChrome Headless 150.0.0.0 (Mac OS 10.15.7): Executed 30 of 266[32m SUCCESS[39m (0 secs / 0.071 secs)
[1A[2KChrome Headless 150.0.0.0 (Mac OS 10.15.7): Executed 31 of 266[32m SUCCESS[39m (0 secs / 0.071 secs)
[1A[2KChrome Headless 150.0.0.0 (Mac OS 10.15.7): Executed 32 of 266[32m SUCCESS[39m (0 secs / 0.071 secs)
[1A[2KChrome Headless 150.0.0.0 (Mac OS 10.15.7): Executed 33 of 266[32m SUCCESS[39m (0 secs / 0.072 secs)
[1A[2KChrome Headless 150.0.0.0 (Mac OS 10.15.7): Executed 34 of 266[32m SUCCESS[39m (0 secs / 0.072 secs)
[1A[2KChrome Headless 150.0.0.0 (Mac OS 10.15.7): Executed 35 of 266[32m SUCCESS[39m (0 secs / 0.073 secs)
[1A[2KChrome Headless 150.0.0.0 (Mac OS 10.15.7): Executed 36 of 266[32m SUCCESS[39m (0 secs / 0.073 secs)
[1A[2KChrome Headless 150.0.0.0 (Mac OS 10.15.7): Executed 37 of 266[32m SUCCESS[39m (0 secs / 0.073 secs)
[1A[2KChrome Headless 150.0.0.0 (Mac OS 10.15.7): Executed 38 of 266[32m SUCCESS[39m (0 secs / 0.077 secs)
[1A[2KChrome Headless 150.0.0.0 (Mac OS 10.15.7): Executed 39 of 266[32m SUCCESS[39m (0 secs / 0.078 secs)
[1A[2KChrome Headless 150.0.0.0 (Mac OS 10.15.7): Executed 40 of 266[32m SUCCESS[39m (0 secs / 0.078 secs)
[1A[2KChrome Headless 150.0.0.0 (Mac OS 10.15.7): Executed 41 of 266[32m SUCCESS[39m (0 secs / 0.079 secs)
[1A[2KChrome Headless 150.0.0.0 (Mac OS 10.15.7): Executed 42 of 266[32m SUCCESS[39m (0 secs / 0.092 secs)
[1A[2KChrome Headless 150.0.0.0 (Mac OS 10.15.7): Executed 43 of 266[32m SUCCESS[39m (0 secs / 0.094 secs)
[1A[2KChrome Headless 150.0.0.0 (Mac OS 10.15.7): Executed 44 of 266[32m SUCCESS[39m (0 secs / 0.095 secs)
[1A[2KChrome Headless 150.0.0.0 (Mac OS 10.15.7): Executed 45 of 266[32m SUCCESS[39m (0 secs / 0.097 secs)
[1A[2KChrome Headless 150.0.0.0 (Mac OS 10.15.7): Executed 46 of 266[32m SUCCESS[39m (0 secs / 0.098 secs)
[1A[2KChrome Headless 150.0.0.0 (Mac OS 10.15.7): Executed 47 of 266[32m SUCCESS[39m (0 secs / 0.099 secs)
[1A[2KChrome Headless 150.0.0.0 (Mac OS 10.15.7): Executed 48 of 266[32m SUCCESS[39m (0 secs / 0.1 secs)
[1A[2KChrome Headless 150.0.0.0 (Mac OS 10.15.7): Executed 49 of 266[32m SUCCESS[39m (0 secs / 0.1 secs)
[1A[2KChrome Headless 150.0.0.0 (Mac OS 10.15.7): Executed 50 of 266[32m SUCCESS[39m (0 secs / 0.101 secs)
[1A[2KChrome Headless 150.0.0.0 (Mac OS 10.15.7): Executed 51 of 266[32m SUCCESS[39m (0 secs / 0.101 secs)
[1A[2KChrome Headless 150.0.0.0 (Mac OS 10.15.7): Executed 52 of 266[32m SUCCESS[39m (0 secs / 0.101 secs)
[1A[2KChrome Headless 150.0.0.0 (Mac OS 10.15.7): Executed 53 of 266[32m SUCCESS[39m (0 secs / 0.101 secs)
[1A[2KChrome Headless 150.0.0.0 (Mac OS 10.15.7): Executed 54 of 266[32m SUCCESS[39m (0 secs / 0.102 secs)
[1A[2KChrome Headless 150.0.0.0 (Mac OS 10.15.7): Executed 55 of 266[32m SUCCESS[39m (0 secs / 0.112 secs)
[1A[2KChrome Headless 150.0.0.0 (Mac OS 10.15.7): Executed 56 of 266[32m SUCCESS[39m (0 secs / 0.112 secs)
[1A[2KChrome Headless 150.0.0.0 (Mac OS 10.15.7): Executed 57 of 266[32m SUCCESS[39m (0 secs / 0.113 secs)
[1A[2KChrome Headless 150.0.0.0 (Mac OS 10.15.7): Executed 58 of 266[32m SUCCESS[39m (0 secs / 0.113 secs)
[1A[2KChrome Headless 150.0.0.0 (Mac OS 10.15.7): Executed 59 of 266[32m SUCCESS[39m (0 secs / 0.115 secs)
[1A[2KChrome Headless 150.0.0.0 (Mac OS 10.15.7): Executed 60 of 266[32m SUCCESS[39m (0 secs / 0.117 secs)
[1A[2KChrome Headless 150.0.0.0 (Mac OS 10.15.7): Executed 61 of 266[32m SUCCESS[39m (0 secs / 0.117 secs)
[1A[2KChrome Headless 150.0.0.0 (Mac OS 10.15.7): Executed 62 of 266[32m SUCCESS[39m (0 secs / 0.117 secs)
[1A[2KChrome Headless 150.0.0.0 (Mac OS 10.15.7): Executed 63 of 266[32m SUCCESS[39m (0 secs / 0.117 secs)
[1A[2KChrome Headless 150.0.0.0 (Mac OS 10.15.7): Executed 64 of 266[32m SUCCESS[39m (0 secs / 0.118 secs)
[1A[2KChrome Headless 150.0.0.0 (Mac OS 10.15.7): Executed 65 of 266[32m SUCCESS[39m (0 secs / 0.118 secs)
[1A[2KChrome Headless 150.0.0.0 (Mac OS 10.15.7): Executed 66 of 266[32m SUCCESS[39m (0 secs / 0.119 secs)
[1A[2KChrome Headless 150.0.0.0 (Mac OS 10.15.7): Executed 67 of 266[32m SUCCESS[39m (0 secs / 0.12 secs)
[1A[2KChrome Headless 150.0.0.0 (Mac OS 10.15.7): Executed 68 of 266[32m SUCCESS[39m (0 secs / 0.121 secs)
[1A[2KChrome Headless 150.0.0.0 (Mac OS 10.15.7): Executed 69 of 266[32m SUCCESS[39m (0 secs / 0.122 secs)
[1A[2KChrome Headless 150.0.0.0 (Mac OS 10.15.7): Executed 70 of 266[32m SUCCESS[39m (0 secs / 0.123 secs)
[1A[2KChrome Headless 150.0.0.0 (Mac OS 10.15.7): Executed 71 of 266[32m SUCCESS[39m (0 secs / 0.124 secs)
[1A[2KChrome Headless 150.0.0.0 (Mac OS 10.15.7): Executed 72 of 266[32m SUCCESS[39m (0 secs / 0.125 secs)
[1A[2KChrome Headless 150.0.0.0 (Mac OS 10.15.7): Executed 73 of 266[32m SUCCESS[39m (0 secs / 0.125 secs)
[1A[2KChrome Headless 150.0.0.0 (Mac OS 10.15.7): Executed 74 of 266[32m SUCCESS[39m (0 secs / 0.126 secs)
[1A[2KChrome Headless 150.0.0.0 (Mac OS 10.15.7): Executed 75 of 266[32m SUCCESS[39m (0 secs / 0.127 secs)
[1A[2KChrome Headless 150.0.0.0 (Mac OS 10.15.7): Executed 76 of 266[32m SUCCESS[39m (0 secs / 0.128 secs)
[1A[2KChrome Headless 150.0.0.0 (Mac OS 10.15.7): Executed 77 of 266[32m SUCCESS[39m (0 secs / 0.128 secs)
[1A[2KChrome Headless 150.0.0.0 (Mac OS 10.15.7): Executed 78 of 266[32m SUCCESS[39m (0 secs / 0.128 secs)
[1A[2KChrome Headless 150.0.0.0 (Mac OS 10.15.7): Executed 79 of 266[32m SUCCESS[39m (0 secs / 0.129 secs)
[1A[2KChrome Headless 150.0.0.0 (Mac OS 10.15.7): Executed 80 of 266[32m SUCCESS[39m (0 secs / 0.13 secs)
[1A[2KChrome Headless 150.0.0.0 (Mac OS 10.15.7): Executed 81 of 266[32m SUCCESS[39m (0 secs / 0.13 secs)
[1A[2KChrome Headless 150.0.0.0 (Mac OS 10.15.7): Executed 82 of 266[32m SUCCESS[39m (0 secs / 0.13 secs)
[1A[2KChrome Headless 150.0.0.0 (Mac OS 10.15.7): Executed 83 of 266[32m SUCCESS[39m (0 secs / 0.131 secs)
[1A[2KChrome Headless 150.0.0.0 (Mac OS 10.15.7): Executed 84 of 266[32m SUCCESS[39m (0 secs / 0.132 secs)
[1A[2KChrome Headless 150.0.0.0 (Mac OS 10.15.7): Executed 85 of 266[32m SUCCESS[39m (0 secs / 0.133 secs)
[1A[2KChrome Headless 150.0.0.0 (Mac OS 10.15.7): Executed 86 of 266[32m SUCCESS[39m (0 secs / 0.134 secs)
[1A[2KChrome Headless 150.0.0.0 (Mac OS 10.15.7): Executed 87 of 266[32m SUCCESS[39m (0 secs / 0.135 secs)
[1A[2KChrome Headless 150.0.0.0 (Mac OS 10.15.7): Executed 88 of 266[32m SUCCESS[39m (0 secs / 0.14 secs)
[1A[2KChrome Headless 150.0.0.0 (Mac OS 10.15.7): Executed 89 of 266[32m SUCCESS[39m (0 secs / 0.141 secs)
[1A[2KChrome Headless 150.0.0.0 (Mac OS 10.15.7): Executed 90 of 266[32m SUCCESS[39m (0 secs / 0.141 secs)
[1A[2KChrome Headless 150.0.0.0 (Mac OS 10.15.7): Executed 91 of 266[32m SUCCESS[39m (0 secs / 0.142 secs)
[1A[2KChrome Headless 150.0.0.0 (Mac OS 10.15.7): Executed 92 of 266[32m SUCCESS[39m (0 secs / 0.142 secs)
[1A[2KChrome Headless 150.0.0.0 (Mac OS 10.15.7): Executed 93 of 266[32m SUCCESS[39m (0 secs / 0.142 secs)
[1A[2KChrome Headless 150.0.0.0 (Mac OS 10.15.7): Executed 94 of 266[32m SUCCESS[39m (0 secs / 0.143 secs)
[1A[2KChrome Headless 150.0.0.0 (Mac OS 10.15.7): Executed 95 of 266[32m SUCCESS[39m (0 secs / 0.144 secs)
[1A[2KChrome Headless 150.0.0.0 (Mac OS 10.15.7): Executed 96 of 266[32m SUCCESS[39m (0 secs / 0.144 secs)
[1A[2KChrome Headless 150.0.0.0 (Mac OS 10.15.7): Executed 97 of 266[32m SUCCESS[39m (0 secs / 0.144 secs)
[1A[2KChrome Headless 150.0.0.0 (Mac OS 10.15.7): Executed 98 of 266[32m SUCCESS[39m (0 secs / 0.144 secs)
[1A[2KChrome Headless 150.0.0.0 (Mac OS 10.15.7): Executed 99 of 266[32m SUCCESS[39m (0 secs / 0.146 secs)
[1A[2KChrome Headless 150.0.0.0 (Mac OS 10.15.7): Executed 100 of 266[32m SUCCESS[39m (0 secs / 0.146 secs)
[1A[2KChrome Headless 150.0.0.0 (Mac OS 10.15.7): Executed 101 of 266[32m SUCCESS[39m (0 secs / 0.146 secs)
[1A[2KChrome Headless 150.0.0.0 (Mac OS 10.15.7): Executed 102 of 266[32m SUCCESS[39m (0 secs / 0.147 secs)
[1A[2KChrome Headless 150.0.0.0 (Mac OS 10.15.7): Executed 103 of 266[32m SUCCESS[39m (0 secs / 0.148 secs)
[1A[2KChrome Headless 150.0.0.0 (Mac OS 10.15.7): Executed 104 of 266[32m SUCCESS[39m (0 secs / 0.148 secs)
[1A[2KChrome Headless 150.0.0.0 (Mac OS 10.15.7): Executed 105 of 266[32m SUCCESS[39m (0 secs / 0.148 secs)
[1A[2KChrome Headless 150.0.0.0 (Mac OS 10.15.7): Executed 106 of 266[32m SUCCESS[39m (0 secs / 0.149 secs)
[1A[2KChrome Headless 150.0.0.0 (Mac OS 10.15.7): Executed 107 of 266[32m SUCCESS[39m (0 secs / 0.15 secs)
[1A[2KChrome Headless 150.0.0.0 (Mac OS 10.15.7): Executed 108 of 266[32m SUCCESS[39m (0 secs / 0.15 secs)
[1A[2KChrome Headless 150.0.0.0 (Mac OS 10.15.7): Executed 109 of 266[32m SUCCESS[39m (0 secs / 0.151 secs)
[1A[2KChrome Headless 150.0.0.0 (Mac OS 10.15.7): Executed 110 of 266[32m SUCCESS[39m (0 secs / 0.151 secs)
[1A[2KChrome Headless 150.0.0.0 (Mac OS 10.15.7): Executed 111 of 266[32m SUCCESS[39m (0 secs / 0.152 secs)
[1A[2KChrome Headless 150.0.0.0 (Mac OS 10.15.7): Executed 112 of 266[32m SUCCESS[39m (0 secs / 0.152 secs)
[1A[2KChrome Headless 150.0.0.0 (Mac OS 10.15.7): Executed 113 of 266[32m SUCCESS[39m (0 secs / 0.153 secs)
[1A[2KChrome Headless 150.0.0.0 (Mac OS 10.15.7): Executed 114 of 266[32m SUCCESS[39m (0 secs / 0.154 secs)
[1A[2KChrome Headless 150.0.0.0 (Mac OS 10.15.7): Executed 115 of 266[32m SUCCESS[39m (0 secs / 0.154 secs)
[1A[2KChrome Headless 150.0.0.0 (Mac OS 10.15.7): Executed 116 of 266[32m SUCCESS[39m (0 secs / 0.155 secs)
[1A[2KChrome Headless 150.0.0.0 (Mac OS 10.15.7): Executed 117 of 266[32m SUCCESS[39m (0 secs / 0.155 secs)
[1A[2KChrome Headless 150.0.0.0 (Mac OS 10.15.7): Executed 118 of 266[32m SUCCESS[39m (0 secs / 0.156 secs)
[1A[2KChrome Headless 150.0.0.0 (Mac OS 10.15.7): Executed 119 of 266[32m SUCCESS[39m (0 secs / 0.156 secs)
[1A[2KChrome Headless 150.0.0.0 (Mac OS 10.15.7): Executed 120 of 266[32m SUCCESS[39m (0 secs / 0.156 secs)
[1A[2KChrome Headless 150.0.0.0 (Mac OS 10.15.7): Executed 121 of 266[32m SUCCESS[39m (0 secs / 0.157 secs)
[1A[2KChrome Headless 150.0.0.0 (Mac OS 10.15.7): Executed 122 of 266[32m SUCCESS[39m (0 secs / 0.157 secs)
[1A[2KChrome Headless 150.0.0.0 (Mac OS 10.15.7): Executed 123 of 266[32m SUCCESS[39m (0 secs / 0.158 secs)
[1A[2KChrome Headless 150.0.0.0 (Mac OS 10.15.7): Executed 124 of 266[32m SUCCESS[39m (0 secs / 0.158 secs)
[1A[2KChrome Headless 150.0.0.0 (Mac OS 10.15.7): Executed 125 of 266[32m SUCCESS[39m (0 secs / 0.158 secs)
[1A[2KChrome Headless 150.0.0.0 (Mac OS 10.15.7): Executed 126 of 266[32m SUCCESS[39m (0 secs / 0.159 secs)
[1A[2KChrome Headless 150.0.0.0 (Mac OS 10.15.7): Executed 127 of 266[32m SUCCESS[39m (0 secs / 0.16 secs)
[1A[2KChrome Headless 150.0.0.0 (Mac OS 10.15.7): Executed 128 of 266[32m SUCCESS[39m (0 secs / 0.161 secs)
[1A[2KChrome Headless 150.0.0.0 (Mac OS 10.15.7): Executed 129 of 266[32m SUCCESS[39m (0 secs / 0.162 secs)
[1A[2KChrome Headless 150.0.0.0 (Mac OS 10.15.7): Executed 130 of 266[32m SUCCESS[39m (0 secs / 0.163 secs)
[1A[2KChrome Headless 150.0.0.0 (Mac OS 10.15.7): Executed 131 of 266[32m SUCCESS[39m (0 secs / 0.163 secs)
[1A[2KChrome Headless 150.0.0.0 (Mac OS 10.15.7): Executed 132 of 266[32m SUCCESS[39m (0 secs / 0.164 secs)
[1A[2KChrome Headless 150.0.0.0 (Mac OS 10.15.7): Executed 133 of 266[32m SUCCESS[39m (0 secs / 0.164 secs)
[1A[2KChrome Headless 150.0.0.0 (Mac OS 10.15.7): Executed 134 of 266[32m SUCCESS[39m (0 secs / 0.184 secs)
[1A[2KChrome Headless 150.0.0.0 (Mac OS 10.15.7): Executed 135 of 266[32m SUCCESS[39m (0 secs / 0.185 secs)
[1A[2KChrome Headless 150.0.0.0 (Mac OS 10.15.7): Executed 136 of 266[32m SUCCESS[39m (0 secs / 0.185 secs)
[1A[2KChrome Headless 150.0.0.0 (Mac OS 10.15.7): Executed 137 of 266[32m SUCCESS[39m (0 secs / 0.186 secs)
[1A[2KChrome Headless 150.0.0.0 (Mac OS 10.15.7): Executed 138 of 266[32m SUCCESS[39m (0 secs / 0.186 secs)
[1A[2KChrome Headless 150.0.0.0 (Mac OS 10.15.7): Executed 139 of 266[32m SUCCESS[39m (0 secs / 0.187 secs)
[1A[2KChrome Headless 150.0.0.0 (Mac OS 10.15.7): Executed 140 of 266[32m SUCCESS[39m (0 secs / 0.188 secs)
[1A[2KChrome Headless 150.0.0.0 (Mac OS 10.15.7): Executed 141 of 266[32m SUCCESS[39m (0 secs / 0.188 secs)
[1A[2KChrome Headless 150.0.0.0 (Mac OS 10.15.7): Executed 142 of 266[32m SUCCESS[39m (0 secs / 0.189 secs)
[1A[2KChrome Headless 150.0.0.0 (Mac OS 10.15.7): Executed 143 of 266[32m SUCCESS[39m (0 secs / 0.19 secs)
[1A[2KChrome Headless 150.0.0.0 (Mac OS 10.15.7): Executed 144 of 266[32m SUCCESS[39m (0 secs / 0.191 secs)
[1A[2KChrome Headless 150.0.0.0 (Mac OS 10.15.7): Executed 145 of 266[32m SUCCESS[39m (0 secs / 0.191 secs)
[1A[2KChrome Headless 150.0.0.0 (Mac OS 10.15.7): Executed 146 of 266[32m SUCCESS[39m (0 secs / 0.191 secs)
[1A[2KChrome Headless 150.0.0.0 (Mac OS 10.15.7): Executed 147 of 266[32m SUCCESS[39m (0 secs / 0.192 secs)
[1A[2KChrome Headless 150.0.0.0 (Mac OS 10.15.7): Executed 148 of 266[32m SUCCESS[39m (0 secs / 0.192 secs)
[1A[2KChrome Headless 150.0.0.0 (Mac OS 10.15.7): Executed 149 of 266[32m SUCCESS[39m (0 secs / 0.193 secs)
[1A[2KChrome Headless 150.0.0.0 (Mac OS 10.15.7): Executed 150 of 266[32m SUCCESS[39m (0 secs / 0.193 secs)
[1A[2KChrome Headless 150.0.0.0 (Mac OS 10.15.7): Executed 151 of 266[32m SUCCESS[39m (0 secs / 0.193 secs)
[1A[2KChrome Headless 150.0.0.0 (Mac OS 10.15.7): Executed 152 of 266[32m SUCCESS[39m (0 secs / 0.194 secs)
[1A[2KChrome Headless 150.0.0.0 (Mac OS 10.15.7): Executed 153 of 266[32m SUCCESS[39m (0 secs / 0.194 secs)
[1A[2KChrome Headless 150.0.0.0 (Mac OS 10.15.7): Executed 154 of 266[32m SUCCESS[39m (0 secs / 0.195 secs)
[1A[2KChrome Headless 150.0.0.0 (Mac OS 10.15.7): Executed 155 of 266[32m SUCCESS[39m (0 secs / 0.2 secs)
[1A[2KChrome Headless 150.0.0.0 (Mac OS 10.15.7): Executed 156 of 266[32m SUCCESS[39m (0 secs / 0.201 secs)
[1A[2KChrome Headless 150.0.0.0 (Mac OS 10.15.7): Executed 157 of 266[32m SUCCESS[39m (0 secs / 0.202 secs)
[1A[2KChrome Headless 150.0.0.0 (Mac OS 10.15.7): Executed 158 of 266[32m SUCCESS[39m (0 secs / 0.202 secs)
[1A[2KChrome Headless 150.0.0.0 (Mac OS 10.15.7): Executed 159 of 266[32m SUCCESS[39m (0 secs / 0.202 secs)
[1A[2KChrome Headless 150.0.0.0 (Mac OS 10.15.7): Executed 160 of 266[32m SUCCESS[39m (0 secs / 0.202 secs)
[1A[2KChrome Headless 150.0.0.0 (Mac OS 10.15.7): Executed 161 of 266[32m SUCCESS[39m (0 secs / 0.205 secs)
[1A[2KChrome Headless 150.0.0.0 (Mac OS 10.15.7): Executed 162 of 266[32m SUCCESS[39m (0 secs / 0.207 secs)
[1A[2KChrome Headless 150.0.0.0 (Mac OS 10.15.7): Executed 163 of 266[32m SUCCESS[39m (0 secs / 0.208 secs)
[1A[2KChrome Headless 150.0.0.0 (Mac OS 10.15.7): Executed 164 of 266[32m SUCCESS[39m (0 secs / 0.209 secs)
[1A[2KChrome Headless 150.0.0.0 (Mac OS 10.15.7): Executed 165 of 266[32m SUCCESS[39m (0 secs / 0.21 secs)
[1A[2KChrome Headless 150.0.0.0 (Mac OS 10.15.7): Executed 166 of 266[32m SUCCESS[39m (0 secs / 0.21 secs)
[1A[2KChrome Headless 150.0.0.0 (Mac OS 10.15.7): Executed 167 of 266[32m SUCCESS[39m (0 secs / 0.21 secs)
[1A[2KChrome Headless 150.0.0.0 (Mac OS 10.15.7): Executed 168 of 266[32m SUCCESS[39m (0 secs / 0.211 secs)
[1A[2KChrome Headless 150.0.0.0 (Mac OS 10.15.7): Executed 169 of 266[32m SUCCESS[39m (0 secs / 0.211 secs)
[1A[2KChrome Headless 150.0.0.0 (Mac OS 10.15.7): Executed 170 of 266[32m SUCCESS[39m (0 secs / 0.214 secs)
[1A[2KChrome Headless 150.0.0.0 (Mac OS 10.15.7): Executed 171 of 266[32m SUCCESS[39m (0 secs / 0.214 secs)
[1A[2KChrome Headless 150.0.0.0 (Mac OS 10.15.7): Executed 172 of 266[32m SUCCESS[39m (0 secs / 0.215 secs)
[1A[2KChrome Headless 150.0.0.0 (Mac OS 10.15.7): Executed 173 of 266[32m SUCCESS[39m (0 secs / 0.215 secs)
[1A[2KChrome Headless 150.0.0.0 (Mac OS 10.15.7): Executed 174 of 266[32m SUCCESS[39m (0 secs / 0.216 secs)
[1A[2KChrome Headless 150.0.0.0 (Mac OS 10.15.7): Executed 175 of 266[32m SUCCESS[39m (0 secs / 0.217 secs)
[1A[2KChrome Headless 150.0.0.0 (Mac OS 10.15.7): Executed 176 of 266[32m SUCCESS[39m (0 secs / 0.218 secs)
[1A[2KChrome Headless 150.0.0.0 (Mac OS 10.15.7): Executed 177 of 266[32m SUCCESS[39m (0 secs / 0.218 secs)
[1A[2KChrome Headless 150.0.0.0 (Mac OS 10.15.7): Executed 178 of 266[32m SUCCESS[39m (0 secs / 0.219 secs)
[1A[2KChrome Headless 150.0.0.0 (Mac OS 10.15.7): Executed 179 of 266[32m SUCCESS[39m (0 secs / 0.219 secs)
[1A[2KChrome Headless 150.0.0.0 (Mac OS 10.15.7): Executed 180 of 266[32m SUCCESS[39m (0 secs / 0.22 secs)
[1A[2KChrome Headless 150.0.0.0 (Mac OS 10.15.7): Executed 181 of 266[32m SUCCESS[39m (0 secs / 0.22 secs)
[1A[2KChrome Headless 150.0.0.0 (Mac OS 10.15.7): Executed 182 of 266[32m SUCCESS[39m (0 secs / 0.22 secs)
[1A[2KChrome Headless 150.0.0.0 (Mac OS 10.15.7): Executed 183 of 266[32m SUCCESS[39m (0 secs / 0.221 secs)
[1A[2KChrome Headless 150.0.0.0 (Mac OS 10.15.7): Executed 184 of 266[32m SUCCESS[39m (0 secs / 0.222 secs)
[1A[2KChrome Headless 150.0.0.0 (Mac OS 10.15.7): Executed 185 of 266[32m SUCCESS[39m (0 secs / 0.222 secs)
[1A[2KChrome Headless 150.0.0.0 (Mac OS 10.15.7): Executed 186 of 266[32m SUCCESS[39m (0 secs / 0.223 secs)
[1A[2KChrome Headless 150.0.0.0 (Mac OS 10.15.7): Executed 187 of 266[32m SUCCESS[39m (0 secs / 0.223 secs)
[1A[2KChrome Headless 150.0.0.0 (Mac OS 10.15.7): Executed 188 of 266[32m SUCCESS[39m (0 secs / 0.224 secs)
[1A[2KChrome Headless 150.0.0.0 (Mac OS 10.15.7): Executed 189 of 266[32m SUCCESS[39m (0 secs / 0.224 secs)
[1A[2KChrome Headless 150.0.0.0 (Mac OS 10.15.7): Executed 190 of 266[32m SUCCESS[39m (0 secs / 0.224 secs)
[1A[2KChrome Headless 150.0.0.0 (Mac OS 10.15.7): Executed 191 of 266[32m SUCCESS[39m (0 secs / 0.225 secs)
[1A[2KChrome Headless 150.0.0.0 (Mac OS 10.15.7): Executed 192 of 266[32m SUCCESS[39m (0 secs / 0.225 secs)
[1A[2KChrome Headless 150.0.0.0 (Mac OS 10.15.7): Executed 193 of 266[32m SUCCESS[39m (0 secs / 0.225 secs)
[1A[2KChrome Headless 150.0.0.0 (Mac OS 10.15.7): Executed 194 of 266[32m SUCCESS[39m (0 secs / 0.225 secs)
[1A[2KChrome Headless 150.0.0.0 (Mac OS 10.15.7): Executed 195 of 266[32m SUCCESS[39m (0 secs / 0.226 secs)
[1A[2KChrome Headless 150.0.0.0 (Mac OS 10.15.7): Executed 196 of 266[32m SUCCESS[39m (0 secs / 0.226 secs)
[1A[2KChrome Headless 150.0.0.0 (Mac OS 10.15.7): Executed 197 of 266[32m SUCCESS[39m (0 secs / 0.226 secs)
[1A[2KChrome Headless 150.0.0.0 (Mac OS 10.15.7): Executed 198 of 266[32m SUCCESS[39m (0 secs / 0.226 secs)
[1A[2KChrome Headless 150.0.0.0 (Mac OS 10.15.7): Executed 199 of 266[32m SUCCESS[39m (0 secs / 0.226 secs)
[1A[2KChrome Headless 150.0.0.0 (Mac OS 10.15.7): Executed 200 of 266[32m SUCCESS[39m (0 secs / 0.232 secs)
[1A[2KChrome Headless 150.0.0.0 (Mac OS 10.15.7): Executed 201 of 266[32m SUCCESS[39m (0 secs / 0.232 secs)
[1A[2KChrome Headless 150.0.0.0 (Mac OS 10.15.7): Executed 202 of 266[32m SUCCESS[39m (0 secs / 0.232 secs)
[1A[2KChrome Headless 150.0.0.0 (Mac OS 10.15.7): Executed 203 of 266[32m SUCCESS[39m (0 secs / 0.232 secs)
[1A[2KChrome Headless 150.0.0.0 (Mac OS 10.15.7): Executed 204 of 266[32m SUCCESS[39m (0 secs / 0.233 secs)
[1A[2KChrome Headless 150.0.0.0 (Mac OS 10.15.7): Executed 205 of 266[32m SUCCESS[39m (0 secs / 0.234 secs)
[1A[2KChrome Headless 150.0.0.0 (Mac OS 10.15.7): Executed 206 of 266[32m SUCCESS[39m (0 secs / 0.235 secs)
[1A[2KChrome Headless 150.0.0.0 (Mac OS 10.15.7): Executed 207 of 266[32m SUCCESS[39m (0 secs / 0.236 secs)
[1A[2KChrome Headless 150.0.0.0 (Mac OS 10.15.7): Executed 208 of 266[32m SUCCESS[39m (0 secs / 0.237 secs)
[1A[2KChrome Headless 150.0.0.0 (Mac OS 10.15.7): Executed 209 of 266[32m SUCCESS[39m (0 secs / 0.237 secs)
[1A[2KChrome Headless 150.0.0.0 (Mac OS 10.15.7): Executed 210 of 266[32m SUCCESS[39m (0 secs / 0.237 secs)
[1A[2KChrome Headless 150.0.0.0 (Mac OS 10.15.7): Executed 211 of 266[32m SUCCESS[39m (0 secs / 0.238 secs)
[1A[2KChrome Headless 150.0.0.0 (Mac OS 10.15.7): Executed 212 of 266[32m SUCCESS[39m (0 secs / 0.238 secs)
[1A[2KChrome Headless 150.0.0.0 (Mac OS 10.15.7): Executed 213 of 266[32m SUCCESS[39m (0 secs / 0.238 secs)
[1A[2KChrome Headless 150.0.0.0 (Mac OS 10.15.7): Executed 214 of 266[32m SUCCESS[39m (0 secs / 0.238 secs)
[1A[2KChrome Headless 150.0.0.0 (Mac OS 10.15.7): Executed 215 of 266[32m SUCCESS[39m (0 secs / 0.239 secs)
[1A[2KChrome Headless 150.0.0.0 (Mac OS 10.15.7): Executed 216 of 266[32m SUCCESS[39m (0 secs / 0.239 secs)
[1A[2KChrome Headless 150.0.0.0 (Mac OS 10.15.7): Executed 217 of 266[32m SUCCESS[39m (0 secs / 0.24 secs)
[1A[2KChrome Headless 150.0.0.0 (Mac OS 10.15.7): Executed 218 of 266[32m SUCCESS[39m (0 secs / 0.241 secs)
[1A[2KChrome Headless 150.0.0.0 (Mac OS 10.15.7): Executed 219 of 266[32m SUCCESS[39m (0 secs / 0.241 secs)
[1A[2KChrome Headless 150.0.0.0 (Mac OS 10.15.7): Executed 220 of 266[32m SUCCESS[39m (0 secs / 0.241 secs)
[1A[2KChrome Headless 150.0.0.0 (Mac OS 10.15.7): Executed 221 of 266[32m SUCCESS[39m (0 secs / 0.243 secs)
[1A[2KChrome Headless 150.0.0.0 (Mac OS 10.15.7): Executed 222 of 266[32m SUCCESS[39m (0 secs / 0.244 secs)
[1A[2KChrome Headless 150.0.0.0 (Mac OS 10.15.7): Executed 223 of 266[32m SUCCESS[39m (0 secs / 0.245 secs)
[1A[2KChrome Headless 150.0.0.0 (Mac OS 10.15.7): Executed 224 of 266[32m SUCCESS[39m (0 secs / 0.246 secs)
[1A[2KChrome Headless 150.0.0.0 (Mac OS 10.15.7): Executed 225 of 266[32m SUCCESS[39m (0 secs / 0.246 secs)
[1A[2KChrome Headless 150.0.0.0 (Mac OS 10.15.7): Executed 226 of 266[32m SUCCESS[39m (0 secs / 0.246 secs)
[1A[2KChrome Headless 150.0.0.0 (Mac OS 10.15.7): Executed 227 of 266[32m SUCCESS[39m (0 secs / 0.246 secs)
[1A[2KChrome Headless 150.0.0.0 (Mac OS 10.15.7): Executed 228 of 266[32m SUCCESS[39m (0 secs / 0.246 secs)
[1A[2KChrome Headless 150.0.0.0 (Mac OS 10.15.7): Executed 229 of 266[32m SUCCESS[39m (0 secs / 0.247 secs)
[1A[2KChrome Headless 150.0.0.0 (Mac OS 10.15.7): Executed 230 of 266[32m SUCCESS[39m (0 secs / 0.248 secs)
[1A[2KChrome Headless 150.0.0.0 (Mac OS 10.15.7): Executed 231 of 266[32m SUCCESS[39m (0 secs / 0.249 secs)
[1A[2KChrome Headless 150.0.0.0 (Mac OS 10.15.7): Executed 232 of 266[32m SUCCESS[39m (0 secs / 0.249 secs)
[1A[2KChrome Headless 150.0.0.0 (Mac OS 10.15.7): Executed 233 of 266[32m SUCCESS[39m (0 secs / 0.25 secs)
[1A[2KChrome Headless 150.0.0.0 (Mac OS 10.15.7): Executed 234 of 266[32m SUCCESS[39m (0 secs / 0.25 secs)
[1A[2KChrome Headless 150.0.0.0 (Mac OS 10.15.7): Executed 235 of 266[32m SUCCESS[39m (0 secs / 0.25 secs)
[1A[2KChrome Headless 150.0.0.0 (Mac OS 10.15.7): Executed 236 of 266[32m SUCCESS[39m (0 secs / 0.251 secs)
[1A[2KChrome Headless 150.0.0.0 (Mac OS 10.15.7): Executed 237 of 266[32m SUCCESS[39m (0 secs / 0.251 secs)
[1A[2KChrome Headless 150.0.0.0 (Mac OS 10.15.7): Executed 238 of 266[32m SUCCESS[39m (0 secs / 0.252 secs)
[1A[2KChrome Headless 150.0.0.0 (Mac OS 10.15.7): Executed 239 of 266[32m SUCCESS[39m (0 secs / 0.253 secs)
[1A[2KChrome Headless 150.0.0.0 (Mac OS 10.15.7): Executed 240 of 266[32m SUCCESS[39m (0 secs / 0.253 secs)
[1A[2KChrome Headless 150.0.0.0 (Mac OS 10.15.7): Executed 241 of 266[32m SUCCESS[39m (0 secs / 0.254 secs)
[1A[2KChrome Headless 150.0.0.0 (Mac OS 10.15.7): Executed 242 of 266[32m SUCCESS[39m (0 secs / 0.254 secs)
[1A[2KChrome Headless 150.0.0.0 (Mac OS 10.15.7): Executed 243 of 266[32m SUCCESS[39m (0 secs / 0.255 secs)
[1A[2KChrome Headless 150.0.0.0 (Mac OS 10.15.7): Executed 244 of 266[32m SUCCESS[39m (0 secs / 0.255 secs)
[1A[2KChrome Headless 150.0.0.0 (Mac OS 10.15.7): Executed 245 of 266[32m SUCCESS[39m (0 secs / 0.256 secs)
[1A[2KChrome Headless 150.0.0.0 (Mac OS 10.15.7): Executed 246 of 266[32m SUCCESS[39m (0 secs / 0.257 secs)
[1A[2KChrome Headless 150.0.0.0 (Mac OS 10.15.7): Executed 247 of 266[32m SUCCESS[39m (0 secs / 0.257 secs)
[1A[2KChrome Headless 150.0.0.0 (Mac OS 10.15.7): Executed 248 of 266[32m SUCCESS[39m (0 secs / 0.258 secs)
[1A[2KChrome Headless 150.0.0.0 (Mac OS 10.15.7): Executed 249 of 266[32m SUCCESS[39m (0 secs / 0.258 secs)
[1A[2KChrome Headless 150.0.0.0 (Mac OS 10.15.7): Executed 250 of 266[32m SUCCESS[39m (0 secs / 0.259 secs)
[1A[2KChrome Headless 150.0.0.0 (Mac OS 10.15.7): Executed 251 of 266[32m SUCCESS[39m (0 secs / 0.259 secs)
[1A[2KChrome Headless 150.0.0.0 (Mac OS 10.15.7): Executed 252 of 266[32m SUCCESS[39m (0 secs / 0.26 secs)
[1A[2KChrome Headless 150.0.0.0 (Mac OS 10.15.7): Executed 253 of 266[32m SUCCESS[39m (0 secs / 0.262 secs)
[1A[2KChrome Headless 150.0.0.0 (Mac OS 10.15.7): Executed 254 of 266[32m SUCCESS[39m (0 secs / 0.263 secs)
[1A[2KChrome Headless 150.0.0.0 (Mac OS 10.15.7): Executed 255 of 266[32m SUCCESS[39m (0 secs / 0.263 secs)
[1A[2KChrome Headless 150.0.0.0 (Mac OS 10.15.7): Executed 256 of 266[32m SUCCESS[39m (0 secs / 0.264 secs)
[1A[2KChrome Headless 150.0.0.0 (Mac OS 10.15.7): Executed 257 of 266[32m SUCCESS[39m (0 secs / 0.265 secs)
[1A[2KChrome Headless 150.0.0.0 (Mac OS 10.15.7): Executed 258 of 266[32m SUCCESS[39m (0 secs / 0.266 secs)
[1A[2KChrome Headless 150.0.0.0 (Mac OS 10.15.7): Executed 259 of 266[32m SUCCESS[39m (0 secs / 0.267 secs)
[1A[2KChrome Headless 150.0.0.0 (Mac OS 10.15.7): Executed 260 of 266[32m SUCCESS[39m (0 secs / 0.267 secs)
[1A[2KChrome Headless 150.0.0.0 (Mac OS 10.15.7): Executed 261 of 266[32m SUCCESS[39m (0 secs / 0.268 secs)
[1A[2KChrome Headless 150.0.0.0 (Mac OS 10.15.7): Executed 262 of 266[32m SUCCESS[39m (0 secs / 0.268 secs)
[1A[2KChrome Headless 150.0.0.0 (Mac OS 10.15.7): Executed 263 of 266[32m SUCCESS[39m (0 secs / 0.269 secs)
[1A[2KChrome Headless 150.0.0.0 (Mac OS 10.15.7): Executed 264 of 266[32m SUCCESS[39m (0 secs / 0.27 secs)
[1A[2KChrome Headless 150.0.0.0 (Mac OS 10.15.7): Executed 265 of 266[32m SUCCESS[39m (0 secs / 0.271 secs)
[1A[2KChrome Headless 150.0.0.0 (Mac OS 10.15.7): Executed 266 of 266[32m SUCCESS[39m (0 secs / 0.271 secs)
[1A[2KChrome Headless 150.0.0.0 (Mac OS 10.15.7): Executed 266 of 266[32m SUCCESS[39m (0.305 secs / 0.271 secs)
[32mTOTAL: 266 SUCCESS[39m

=============================== Coverage summary ===============================
Statements   : 86.27% ( 660/765 )
Branches     : 76.22% ( 93/122 )
Functions    : 92.09% ( 163/177 )
Lines        : 86.1% ( 626/727 )
================================================================================

> fringe@0.0.0 test:infra /Users/jackschaible/dev/fringe
> pnpm --prefix infra run test:coverage


> fringe-infra@1.0.0 test:coverage /Users/jackschaible/dev/fringe/infra
> jest --coverage

PASS test/lambda/pre-sign-up.test.ts (13.297 s)
PASS test/lambda/define-auth-challenge.test.ts (13.425 s)
  ● Console

    console.log
      DefineAuthChallenge session length: 0 []

      at log (lambda/auth/define-auth-challenge.ts:5:11)

    console.log
      DefineAuthChallenge response: {"issueTokens":false,"failAuthentication":false,"challengeName":"CUSTOM_CHALLENGE"}

      at log (lambda/auth/define-auth-challenge.ts:23:11)

    console.log
      DefineAuthChallenge session length: 1 [{"name":"CUSTOM_CHALLENGE","result":true}]

      at log (lambda/auth/define-auth-challenge.ts:5:11)

    console.log
      DefineAuthChallenge response: {"issueTokens":true,"failAuthentication":false,"challengeName":""}

      at log (lambda/auth/define-auth-challenge.ts:23:11)

    console.log
      DefineAuthChallenge session length: 1 [{"name":"CUSTOM_CHALLENGE","result":false}]

      at log (lambda/auth/define-auth-challenge.ts:5:11)

    console.log
      DefineAuthChallenge response: {"issueTokens":false,"failAuthentication":true,"challengeName":""}

      at log (lambda/auth/define-auth-challenge.ts:23:11)

    console.log
      DefineAuthChallenge session length: 2 [{"name":"CUSTOM_CHALLENGE","result":true},{"name":"CUSTOM_CHALLENGE","result":false}]

      at log (lambda/auth/define-auth-challenge.ts:5:11)

    console.log
      DefineAuthChallenge response: {"issueTokens":false,"failAuthentication":true,"challengeName":""}

      at log (lambda/auth/define-auth-challenge.ts:23:11)

    console.log
      DefineAuthChallenge session length: 0 []

      at log (lambda/auth/define-auth-challenge.ts:5:11)

    console.log
      DefineAuthChallenge response: {"issueTokens":false,"failAuthentication":false,"challengeName":"CUSTOM_CHALLENGE"}

      at log (lambda/auth/define-auth-challenge.ts:23:11)

    console.log
      DefineAuthChallenge session length: 2 [{"name":"CUSTOM_CHALLENGE","result":true},{"name":"CUSTOM_CHALLENGE","result":true}]

      at log (lambda/auth/define-auth-challenge.ts:5:11)

    console.log
      DefineAuthChallenge response: {"issueTokens":false,"failAuthentication":true,"challengeName":""}

      at log (lambda/auth/define-auth-challenge.ts:23:11)

PASS test/lambda/verify-auth-challenge-response.test.ts (13.695 s)
  ● Console

    console.log
      VerifyAuthChallengeResponse: match= true expected length= 6 provided length= 6

      at log (lambda/auth/verify-auth-challenge-response.ts:7:11)

    console.log
      VerifyAuthChallengeResponse: match= false expected length= 6 provided length= 6

      at log (lambda/auth/verify-auth-challenge-response.ts:7:11)

    console.log
      VerifyAuthChallengeResponse: match= false expected length= 6 provided length= 6

      at log (lambda/auth/verify-auth-challenge-response.ts:7:11)

    console.log
      VerifyAuthChallengeResponse: match= false expected length= 6 provided length= 7

      at log (lambda/auth/verify-auth-challenge-response.ts:7:11)

    console.log
      VerifyAuthChallengeResponse: match= true expected length= 6 provided length= 6

      at log (lambda/auth/verify-auth-challenge-response.ts:7:11)

    console.log
      VerifyAuthChallengeResponse: match= true expected length= 0 provided length= 0

      at log (lambda/auth/verify-auth-challenge-response.ts:7:11)

    console.log
      VerifyAuthChallengeResponse: match= false expected length= 6 provided length= 4

      at log (lambda/auth/verify-auth-challenge-response.ts:7:11)

PASS test/lambda/create-auth-challenge.test.ts (13.913 s)
  ● Console

    console.log
      CreateAuthChallenge: sending OTP to user@example.com

      at log (lambda/auth/create-auth-challenge.ts:9:11)

    console.log
      CreateAuthChallenge: email sent successfully

      at log (lambda/auth/create-auth-challenge.ts:24:13)

    console.log
      CreateAuthChallenge: sending OTP to user@example.com

      at log (lambda/auth/create-auth-challenge.ts:9:11)

    console.log
      CreateAuthChallenge: email sent successfully

      at log (lambda/auth/create-auth-challenge.ts:24:13)

    console.log
      CreateAuthChallenge: sending OTP to recipient@example.com

      at log (lambda/auth/create-auth-challenge.ts:9:11)

    console.log
      CreateAuthChallenge: email sent successfully

      at log (lambda/auth/create-auth-challenge.ts:24:13)

    console.log
      CreateAuthChallenge: sending OTP to user@example.com

      at log (lambda/auth/create-auth-challenge.ts:9:11)

    console.log
      CreateAuthChallenge: email sent successfully

      at log (lambda/auth/create-auth-challenge.ts:24:13)

    console.log
      CreateAuthChallenge: sending OTP to user@example.com

      at log (lambda/auth/create-auth-challenge.ts:9:11)

    console.log
      CreateAuthChallenge: email sent successfully

      at log (lambda/auth/create-auth-challenge.ts:24:13)

    console.log
      CreateAuthChallenge: sending OTP to user@example.com

      at log (lambda/auth/create-auth-challenge.ts:9:11)

    console.log
      CreateAuthChallenge: email sent successfully

      at log (lambda/auth/create-auth-challenge.ts:24:13)

    console.log
      CreateAuthChallenge: sending OTP to user@example.com

      at log (lambda/auth/create-auth-challenge.ts:9:11)

    console.log
      CreateAuthChallenge: email sent successfully

      at log (lambda/auth/create-auth-challenge.ts:24:13)

    console.log
      CreateAuthChallenge: sending OTP to user@example.com

      at log (lambda/auth/create-auth-challenge.ts:9:11)

    console.log
      CreateAuthChallenge: email sent successfully

      at log (lambda/auth/create-auth-challenge.ts:24:13)

    console.log
      CreateAuthChallenge: sending OTP to user@example.com

      at log (lambda/auth/create-auth-challenge.ts:9:11)

    console.log
      CreateAuthChallenge: email sent successfully

      at log (lambda/auth/create-auth-challenge.ts:24:13)

    console.log
      CreateAuthChallenge: sending OTP to user@example.com

      at log (lambda/auth/create-auth-challenge.ts:9:11)

    console.error
      CreateAuthChallenge: SES send failed: Error: SES error
          at Object.<anonymous> (/Users/jackschaible/dev/fringe/infra/test/lambda/create-auth-challenge.test.ts:121:38)
          at Promise.then.completed (/Users/jackschaible/dev/fringe/infra/node_modules/jest-circus/build/utils.js:298:28)
          at new Promise (<anonymous>)
          at callAsyncCircusFn (/Users/jackschaible/dev/fringe/infra/node_modules/jest-circus/build/utils.js:231:10)
          at _callCircusTest (/Users/jackschaible/dev/fringe/infra/node_modules/jest-circus/build/run.js:316:40)
          at processTicksAndRejections (node:internal/process/task_queues:104:5)
          at _runTest (/Users/jackschaible/dev/fringe/infra/node_modules/jest-circus/build/run.js:252:3)
          at _runTestsForDescribeBlock (/Users/jackschaible/dev/fringe/infra/node_modules/jest-circus/build/run.js:126:9)
          at _runTestsForDescribeBlock (/Users/jackschaible/dev/fringe/infra/node_modules/jest-circus/build/run.js:121:9)
          at run (/Users/jackschaible/dev/fringe/infra/node_modules/jest-circus/build/run.js:71:3)
          at runAndTransformResultsToJestFormat (/Users/jackschaible/dev/fringe/infra/node_modules/jest-circus/build/legacy-code-todo-rewrite/jestAdapterInit.js:122:21)
          at jestAdapter (/Users/jackschaible/dev/fringe/infra/node_modules/jest-circus/build/legacy-code-todo-rewrite/jestAdapter.js:79:19)
          at runTestInternal (/Users/jackschaible/dev/fringe/infra/node_modules/jest-runner/build/runTest.js:367:16)
          at runTest (/Users/jackschaible/dev/fringe/infra/node_modules/jest-runner/build/runTest.js:444:34)
          at Object.worker (/Users/jackschaible/dev/fringe/infra/node_modules/jest-runner/build/testWorker.js:106:12)

      24 |     console.log('CreateAuthChallenge: email sent successfully');
      25 |   } catch (err) {
    > 26 |     console.error('CreateAuthChallenge: SES send failed:', err);
         |             ^
      27 |     throw err;
      28 |   }
      29 |

      at error (lambda/auth/create-auth-challenge.ts:26:13)
      at Object.<anonymous> (test/lambda/create-auth-challenge.test.ts:123:5)

PASS test/constructs/dynamo.test.ts (13.986 s)
  ● Console

    console.warn
      [WARNING] aws-cdk-lib.aws_dynamodb.TableGrantsProps#encryptedResource is deprecated.
        - Leave this field undefined. If the table is encrypted with a customer-managed KMS key, appropriate
      grants to the key will be automatically added.
        This API will be removed in the next major release.

       9 |     super(scope, id);
      10 |
    > 11 |     this.table = new TableV2(this, 'Table', {
         |                  ^
      12 |       tableName: 'fringe',
      13 |       partitionKey: { name: 'pk', type: AttributeType.STRING },
      14 |       sortKey: { name: 'sk', type: AttributeType.STRING },

      at print (node_modules/aws-cdk-lib/.warnings.jsii.js:11:146)
      at Proxy.aws_cdk_lib_aws_dynamodb_TableGrantsProps (node_modules/aws-cdk-lib/.warnings.jsii.js:1:40694)
      at new TableGrants (node_modules/aws-cdk-lib/aws-dynamodb/lib/table-grants.js:1:2345)
      at new TableV22 (node_modules/aws-cdk-lib/aws-dynamodb/lib/table-v2.js:1:15662)
      at new TableV22 (node_modules/aws-cdk-lib/core/lib/no-box-stack-traces.js:1:447)
      at new TableV22 (node_modules/aws-cdk-lib/core/lib/prop-injectable.js:1:957)
      at new FringeDynamo (lib/constructs/dynamo.ts:11:18)
      at Object.<anonymous> (test/constructs/dynamo.test.ts:11:5)

    console.warn
      [WARNING] aws-cdk-lib.aws_dynamodb.TableGrantsProps#policyResource is deprecated.
        - Leave this field undefined. A best-effort attempt will be made to discover a resource policy and add
      permissions to it.
        This API will be removed in the next major release.

       9 |     super(scope, id);
      10 |
    > 11 |     this.table = new TableV2(this, 'Table', {
         |                  ^
      12 |       tableName: 'fringe',
      13 |       partitionKey: { name: 'pk', type: AttributeType.STRING },
      14 |       sortKey: { name: 'sk', type: AttributeType.STRING },

      at print (node_modules/aws-cdk-lib/.warnings.jsii.js:11:146)
      at Proxy.aws_cdk_lib_aws_dynamodb_TableGrantsProps (node_modules/aws-cdk-lib/.warnings.jsii.js:2:72)
      at new TableGrants (node_modules/aws-cdk-lib/aws-dynamodb/lib/table-grants.js:1:2345)
      at new TableV22 (node_modules/aws-cdk-lib/aws-dynamodb/lib/table-v2.js:1:15662)
      at new TableV22 (node_modules/aws-cdk-lib/core/lib/no-box-stack-traces.js:1:447)
      at new TableV22 (node_modules/aws-cdk-lib/core/lib/prop-injectable.js:1:957)
      at new FringeDynamo (lib/constructs/dynamo.ts:11:18)
      at Object.<anonymous> (test/constructs/dynamo.test.ts:11:5)

    console.warn
      [WARNING] aws-cdk-lib.aws_dynamodb.TableGrantsProps#encryptedResource is deprecated.
        - Leave this field undefined. If the table is encrypted with a customer-managed KMS key, appropriate
      grants to the key will be automatically added.
        This API will be removed in the next major release.

       9 |     super(scope, id);
      10 |
    > 11 |     this.table = new TableV2(this, 'Table', {
         |                  ^
      12 |       tableName: 'fringe',
      13 |       partitionKey: { name: 'pk', type: AttributeType.STRING },
      14 |       sortKey: { name: 'sk', type: AttributeType.STRING },

      at print (node_modules/aws-cdk-lib/.warnings.jsii.js:11:146)
      at Proxy.aws_cdk_lib_aws_dynamodb_TableGrantsProps (node_modules/aws-cdk-lib/.warnings.jsii.js:1:40694)
      at new TableGrants (node_modules/aws-cdk-lib/aws-dynamodb/lib/table-grants.js:1:2345)
      at new TableV22 (node_modules/aws-cdk-lib/aws-dynamodb/lib/table-v2.js:1:15662)
      at new TableV22 (node_modules/aws-cdk-lib/core/lib/no-box-stack-traces.js:1:447)
      at new TableV22 (node_modules/aws-cdk-lib/core/lib/prop-injectable.js:1:957)
      at new FringeDynamo (lib/constructs/dynamo.ts:11:18)
      at Object.<anonymous> (test/constructs/dynamo.test.ts:11:5)

    console.warn
      [WARNING] aws-cdk-lib.aws_dynamodb.TableGrantsProps#policyResource is deprecated.
        - Leave this field undefined. A best-effort attempt will be made to discover a resource policy and add
      permissions to it.
        This API will be removed in the next major release.

       9 |     super(scope, id);
      10 |
    > 11 |     this.table = new TableV2(this, 'Table', {
         |                  ^
      12 |       tableName: 'fringe',
      13 |       partitionKey: { name: 'pk', type: AttributeType.STRING },
      14 |       sortKey: { name: 'sk', type: AttributeType.STRING },

      at print (node_modules/aws-cdk-lib/.warnings.jsii.js:11:146)
      at Proxy.aws_cdk_lib_aws_dynamodb_TableGrantsProps (node_modules/aws-cdk-lib/.warnings.jsii.js:2:72)
      at new TableGrants (node_modules/aws-cdk-lib/aws-dynamodb/lib/table-grants.js:1:2345)
      at new TableV22 (node_modules/aws-cdk-lib/aws-dynamodb/lib/table-v2.js:1:15662)
      at new TableV22 (node_modules/aws-cdk-lib/core/lib/no-box-stack-traces.js:1:447)
      at new TableV22 (node_modules/aws-cdk-lib/core/lib/prop-injectable.js:1:957)
      at new FringeDynamo (lib/constructs/dynamo.ts:11:18)
      at Object.<anonymous> (test/constructs/dynamo.test.ts:11:5)

    console.warn
      [WARNING] aws-cdk-lib.aws_dynamodb.TableGrantsProps#encryptedResource is deprecated.
        - Leave this field undefined. If the table is encrypted with a customer-managed KMS key, appropriate
      grants to the key will be automatically added.
        This API will be removed in the next major release.

       9 |     super(scope, id);
      10 |
    > 11 |     this.table = new TableV2(this, 'Table', {
         |                  ^
      12 |       tableName: 'fringe',
      13 |       partitionKey: { name: 'pk', type: AttributeType.STRING },
      14 |       sortKey: { name: 'sk', type: AttributeType.STRING },

      at print (node_modules/aws-cdk-lib/.warnings.jsii.js:11:146)
      at Proxy.aws_cdk_lib_aws_dynamodb_TableGrantsProps (node_modules/aws-cdk-lib/.warnings.jsii.js:1:40694)
      at new TableGrants (node_modules/aws-cdk-lib/aws-dynamodb/lib/table-grants.js:1:2345)
      at new TableV22 (node_modules/aws-cdk-lib/aws-dynamodb/lib/table-v2.js:1:15662)
      at new TableV22 (node_modules/aws-cdk-lib/core/lib/no-box-stack-traces.js:1:447)
      at new TableV22 (node_modules/aws-cdk-lib/core/lib/prop-injectable.js:1:957)
      at new FringeDynamo (lib/constructs/dynamo.ts:11:18)
      at Object.<anonymous> (test/constructs/dynamo.test.ts:11:5)

    console.warn
      [WARNING] aws-cdk-lib.aws_dynamodb.TableGrantsProps#policyResource is deprecated.
        - Leave this field undefined. A best-effort attempt will be made to discover a resource policy and add
      permissions to it.
        This API will be removed in the next major release.

       9 |     super(scope, id);
      10 |
    > 11 |     this.table = new TableV2(this, 'Table', {
         |                  ^
      12 |       tableName: 'fringe',
      13 |       partitionKey: { name: 'pk', type: AttributeType.STRING },
      14 |       sortKey: { name: 'sk', type: AttributeType.STRING },

      at print (node_modules/aws-cdk-lib/.warnings.jsii.js:11:146)
      at Proxy.aws_cdk_lib_aws_dynamodb_TableGrantsProps (node_modules/aws-cdk-lib/.warnings.jsii.js:2:72)
      at new TableGrants (node_modules/aws-cdk-lib/aws-dynamodb/lib/table-grants.js:1:2345)
      at new TableV22 (node_modules/aws-cdk-lib/aws-dynamodb/lib/table-v2.js:1:15662)
      at new TableV22 (node_modules/aws-cdk-lib/core/lib/no-box-stack-traces.js:1:447)
      at new TableV22 (node_modules/aws-cdk-lib/core/lib/prop-injectable.js:1:957)
      at new FringeDynamo (lib/constructs/dynamo.ts:11:18)
      at Object.<anonymous> (test/constructs/dynamo.test.ts:11:5)

    console.warn
      [WARNING] aws-cdk-lib.aws_dynamodb.TableGrantsProps#encryptedResource is deprecated.
        - Leave this field undefined. If the table is encrypted with a customer-managed KMS key, appropriate
      grants to the key will be automatically added.
        This API will be removed in the next major release.

       9 |     super(scope, id);
      10 |
    > 11 |     this.table = new TableV2(this, 'Table', {
         |                  ^
      12 |       tableName: 'fringe',
      13 |       partitionKey: { name: 'pk', type: AttributeType.STRING },
      14 |       sortKey: { name: 'sk', type: AttributeType.STRING },

      at print (node_modules/aws-cdk-lib/.warnings.jsii.js:11:146)
      at Proxy.aws_cdk_lib_aws_dynamodb_TableGrantsProps (node_modules/aws-cdk-lib/.warnings.jsii.js:1:40694)
      at new TableGrants (node_modules/aws-cdk-lib/aws-dynamodb/lib/table-grants.js:1:2345)
      at new TableV22 (node_modules/aws-cdk-lib/aws-dynamodb/lib/table-v2.js:1:15662)
      at new TableV22 (node_modules/aws-cdk-lib/core/lib/no-box-stack-traces.js:1:447)
      at new TableV22 (node_modules/aws-cdk-lib/core/lib/prop-injectable.js:1:957)
      at new FringeDynamo (lib/constructs/dynamo.ts:11:18)
      at Object.<anonymous> (test/constructs/dynamo.test.ts:11:5)

    console.warn
      [WARNING] aws-cdk-lib.aws_dynamodb.TableGrantsProps#policyResource is deprecated.
        - Leave this field undefined. A best-effort attempt will be made to discover a resource policy and add
      permissions to it.
        This API will be removed in the next major release.

       9 |     super(scope, id);
      10 |
    > 11 |     this.table = new TableV2(this, 'Table', {
         |                  ^
      12 |       tableName: 'fringe',
      13 |       partitionKey: { name: 'pk', type: AttributeType.STRING },
      14 |       sortKey: { name: 'sk', type: AttributeType.STRING },

      at print (node_modules/aws-cdk-lib/.warnings.jsii.js:11:146)
      at Proxy.aws_cdk_lib_aws_dynamodb_TableGrantsProps (node_modules/aws-cdk-lib/.warnings.jsii.js:2:72)
      at new TableGrants (node_modules/aws-cdk-lib/aws-dynamodb/lib/table-grants.js:1:2345)
      at new TableV22 (node_modules/aws-cdk-lib/aws-dynamodb/lib/table-v2.js:1:15662)
      at new TableV22 (node_modules/aws-cdk-lib/core/lib/no-box-stack-traces.js:1:447)
      at new TableV22 (node_modules/aws-cdk-lib/core/lib/prop-injectable.js:1:957)
      at new FringeDynamo (lib/constructs/dynamo.ts:11:18)
      at Object.<anonymous> (test/constructs/dynamo.test.ts:11:5)

    console.warn
      [WARNING] aws-cdk-lib.aws_dynamodb.TableGrantsProps#encryptedResource is deprecated.
        - Leave this field undefined. If the table is encrypted with a customer-managed KMS key, appropriate
      grants to the key will be automatically added.
        This API will be removed in the next major release.

       9 |     super(scope, id);
      10 |
    > 11 |     this.table = new TableV2(this, 'Table', {
         |                  ^
      12 |       tableName: 'fringe',
      13 |       partitionKey: { name: 'pk', type: AttributeType.STRING },
      14 |       sortKey: { name: 'sk', type: AttributeType.STRING },

      at print (node_modules/aws-cdk-lib/.warnings.jsii.js:11:146)
      at Proxy.aws_cdk_lib_aws_dynamodb_TableGrantsProps (node_modules/aws-cdk-lib/.warnings.jsii.js:1:40694)
      at new TableGrants (node_modules/aws-cdk-lib/aws-dynamodb/lib/table-grants.js:1:2345)
      at new TableV22 (node_modules/aws-cdk-lib/aws-dynamodb/lib/table-v2.js:1:15662)
      at new TableV22 (node_modules/aws-cdk-lib/core/lib/no-box-stack-traces.js:1:447)
      at new TableV22 (node_modules/aws-cdk-lib/core/lib/prop-injectable.js:1:957)
      at new FringeDynamo (lib/constructs/dynamo.ts:11:18)
      at Object.<anonymous> (test/constructs/dynamo.test.ts:11:5)

    console.warn
      [WARNING] aws-cdk-lib.aws_dynamodb.TableGrantsProps#policyResource is deprecated.
        - Leave this field undefined. A best-effort attempt will be made to discover a resource policy and add
      permissions to it.
        This API will be removed in the next major release.

       9 |     super(scope, id);
      10 |
    > 11 |     this.table = new TableV2(this, 'Table', {
         |                  ^
      12 |       tableName: 'fringe',
      13 |       partitionKey: { name: 'pk', type: AttributeType.STRING },
      14 |       sortKey: { name: 'sk', type: AttributeType.STRING },

      at print (node_modules/aws-cdk-lib/.warnings.jsii.js:11:146)
      at Proxy.aws_cdk_lib_aws_dynamodb_TableGrantsProps (node_modules/aws-cdk-lib/.warnings.jsii.js:2:72)
      at new TableGrants (node_modules/aws-cdk-lib/aws-dynamodb/lib/table-grants.js:1:2345)
      at new TableV22 (node_modules/aws-cdk-lib/aws-dynamodb/lib/table-v2.js:1:15662)
      at new TableV22 (node_modules/aws-cdk-lib/core/lib/no-box-stack-traces.js:1:447)
      at new TableV22 (node_modules/aws-cdk-lib/core/lib/prop-injectable.js:1:957)
      at new FringeDynamo (lib/constructs/dynamo.ts:11:18)
      at Object.<anonymous> (test/constructs/dynamo.test.ts:11:5)

    console.warn
      [WARNING] aws-cdk-lib.aws_dynamodb.TableGrantsProps#encryptedResource is deprecated.
        - Leave this field undefined. If the table is encrypted with a customer-managed KMS key, appropriate
      grants to the key will be automatically added.
        This API will be removed in the next major release.

       9 |     super(scope, id);
      10 |
    > 11 |     this.table = new TableV2(this, 'Table', {
         |                  ^
      12 |       tableName: 'fringe',
      13 |       partitionKey: { name: 'pk', type: AttributeType.STRING },
      14 |       sortKey: { name: 'sk', type: AttributeType.STRING },

      at print (node_modules/aws-cdk-lib/.warnings.jsii.js:11:146)
      at Proxy.aws_cdk_lib_aws_dynamodb_TableGrantsProps (node_modules/aws-cdk-lib/.warnings.jsii.js:1:40694)
      at new TableGrants (node_modules/aws-cdk-lib/aws-dynamodb/lib/table-grants.js:1:2345)
      at new TableV22 (node_modules/aws-cdk-lib/aws-dynamodb/lib/table-v2.js:1:15662)
      at new TableV22 (node_modules/aws-cdk-lib/core/lib/no-box-stack-traces.js:1:447)
      at new TableV22 (node_modules/aws-cdk-lib/core/lib/prop-injectable.js:1:957)
      at new FringeDynamo (lib/constructs/dynamo.ts:11:18)
      at Object.<anonymous> (test/constructs/dynamo.test.ts:11:5)

    console.warn
      [WARNING] aws-cdk-lib.aws_dynamodb.TableGrantsProps#policyResource is deprecated.
        - Leave this field undefined. A best-effort attempt will be made to discover a resource policy and add
      permissions to it.
        This API will be removed in the next major release.

       9 |     super(scope, id);
      10 |
    > 11 |     this.table = new TableV2(this, 'Table', {
         |                  ^
      12 |       tableName: 'fringe',
      13 |       partitionKey: { name: 'pk', type: AttributeType.STRING },
      14 |       sortKey: { name: 'sk', type: AttributeType.STRING },

      at print (node_modules/aws-cdk-lib/.warnings.jsii.js:11:146)
      at Proxy.aws_cdk_lib_aws_dynamodb_TableGrantsProps (node_modules/aws-cdk-lib/.warnings.jsii.js:2:72)
      at new TableGrants (node_modules/aws-cdk-lib/aws-dynamodb/lib/table-grants.js:1:2345)
      at new TableV22 (node_modules/aws-cdk-lib/aws-dynamodb/lib/table-v2.js:1:15662)
      at new TableV22 (node_modules/aws-cdk-lib/core/lib/no-box-stack-traces.js:1:447)
      at new TableV22 (node_modules/aws-cdk-lib/core/lib/prop-injectable.js:1:957)
      at new FringeDynamo (lib/constructs/dynamo.ts:11:18)
      at Object.<anonymous> (test/constructs/dynamo.test.ts:11:5)

Bundling asset TestStack/Auth/PreSignUp/Code/Stage...
PASS test/cert-stack.test.ts (14.092 s)
Bundling asset FringeStack/Auth/PreSignUp/Code/Stage...
Bundling asset TestStack/Auth/PreSignUp/Code/Stage...
PASS test/constructs/scraper.test.ts (14.545 s)
  ● Console

    console.warn
      [WARNING] aws-cdk-lib.aws_dynamodb.TableGrantsProps#encryptedResource is deprecated.
        - Leave this field undefined. If the table is encrypted with a customer-managed KMS key, appropriate
      grants to the key will be automatically added.
        This API will be removed in the next major release.

       9 |     super(scope, id);
      10 |
    > 11 |     this.table = new TableV2(this, 'Table', {
         |                  ^
      12 |       tableName: 'fringe',
      13 |       partitionKey: { name: 'pk', type: AttributeType.STRING },
      14 |       sortKey: { name: 'sk', type: AttributeType.STRING },

      at print (node_modules/aws-cdk-lib/.warnings.jsii.js:11:146)
      at Proxy.aws_cdk_lib_aws_dynamodb_TableGrantsProps (node_modules/aws-cdk-lib/.warnings.jsii.js:1:40694)
      at new TableGrants (node_modules/aws-cdk-lib/aws-dynamodb/lib/table-grants.js:1:2345)
      at new TableV22 (node_modules/aws-cdk-lib/aws-dynamodb/lib/table-v2.js:1:15662)
      at new TableV22 (node_modules/aws-cdk-lib/core/lib/no-box-stack-traces.js:1:447)
      at new TableV22 (node_modules/aws-cdk-lib/core/lib/prop-injectable.js:1:957)
      at new FringeDynamo (lib/constructs/dynamo.ts:11:18)
      at Object.<anonymous> (test/constructs/scraper.test.ts:12:20)

    console.warn
      [WARNING] aws-cdk-lib.aws_dynamodb.TableGrantsProps#policyResource is deprecated.
        - Leave this field undefined. A best-effort attempt will be made to discover a resource policy and add
      permissions to it.
        This API will be removed in the next major release.

       9 |     super(scope, id);
      10 |
    > 11 |     this.table = new TableV2(this, 'Table', {
         |                  ^
      12 |       tableName: 'fringe',
      13 |       partitionKey: { name: 'pk', type: AttributeType.STRING },
      14 |       sortKey: { name: 'sk', type: AttributeType.STRING },

      at print (node_modules/aws-cdk-lib/.warnings.jsii.js:11:146)
      at Proxy.aws_cdk_lib_aws_dynamodb_TableGrantsProps (node_modules/aws-cdk-lib/.warnings.jsii.js:2:72)
      at new TableGrants (node_modules/aws-cdk-lib/aws-dynamodb/lib/table-grants.js:1:2345)
      at new TableV22 (node_modules/aws-cdk-lib/aws-dynamodb/lib/table-v2.js:1:15662)
      at new TableV22 (node_modules/aws-cdk-lib/core/lib/no-box-stack-traces.js:1:447)
      at new TableV22 (node_modules/aws-cdk-lib/core/lib/prop-injectable.js:1:957)
      at new FringeDynamo (lib/constructs/dynamo.ts:11:18)
      at Object.<anonymous> (test/constructs/scraper.test.ts:12:20)

    console.warn
      [WARNING] aws-cdk-lib.aws_dynamodb.TableGrantsProps#encryptedResource is deprecated.
        - Leave this field undefined. If the table is encrypted with a customer-managed KMS key, appropriate
      grants to the key will be automatically added.
        This API will be removed in the next major release.

       9 |     super(scope, id);
      10 |
    > 11 |     this.table = new TableV2(this, 'Table', {
         |                  ^
      12 |       tableName: 'fringe',
      13 |       partitionKey: { name: 'pk', type: AttributeType.STRING },
      14 |       sortKey: { name: 'sk', type: AttributeType.STRING },

      at print (node_modules/aws-cdk-lib/.warnings.jsii.js:11:146)
      at Proxy.aws_cdk_lib_aws_dynamodb_TableGrantsProps (node_modules/aws-cdk-lib/.warnings.jsii.js:1:40694)
      at new TableGrants (node_modules/aws-cdk-lib/aws-dynamodb/lib/table-grants.js:1:2345)
      at new TableV22 (node_modules/aws-cdk-lib/aws-dynamodb/lib/table-v2.js:1:15662)
      at new TableV22 (node_modules/aws-cdk-lib/core/lib/no-box-stack-traces.js:1:447)
      at new TableV22 (node_modules/aws-cdk-lib/core/lib/prop-injectable.js:1:957)
      at new FringeDynamo (lib/constructs/dynamo.ts:11:18)
      at Object.<anonymous> (test/constructs/scraper.test.ts:12:20)

    console.warn
      [WARNING] aws-cdk-lib.aws_dynamodb.TableGrantsProps#policyResource is deprecated.
        - Leave this field undefined. A best-effort attempt will be made to discover a resource policy and add
      permissions to it.
        This API will be removed in the next major release.

       9 |     super(scope, id);
      10 |
    > 11 |     this.table = new TableV2(this, 'Table', {
         |                  ^
      12 |       tableName: 'fringe',
      13 |       partitionKey: { name: 'pk', type: AttributeType.STRING },
      14 |       sortKey: { name: 'sk', type: AttributeType.STRING },

      at print (node_modules/aws-cdk-lib/.warnings.jsii.js:11:146)
      at Proxy.aws_cdk_lib_aws_dynamodb_TableGrantsProps (node_modules/aws-cdk-lib/.warnings.jsii.js:2:72)
      at new TableGrants (node_modules/aws-cdk-lib/aws-dynamodb/lib/table-grants.js:1:2345)
      at new TableV22 (node_modules/aws-cdk-lib/aws-dynamodb/lib/table-v2.js:1:15662)
      at new TableV22 (node_modules/aws-cdk-lib/core/lib/no-box-stack-traces.js:1:447)
      at new TableV22 (node_modules/aws-cdk-lib/core/lib/prop-injectable.js:1:957)
      at new FringeDynamo (lib/constructs/dynamo.ts:11:18)
      at Object.<anonymous> (test/constructs/scraper.test.ts:12:20)

    console.warn
      [WARNING] aws-cdk-lib.aws_dynamodb.TableGrantsProps#encryptedResource is deprecated.
        - Leave this field undefined. If the table is encrypted with a customer-managed KMS key, appropriate
      grants to the key will be automatically added.
        This API will be removed in the next major release.

       9 |     super(scope, id);
      10 |
    > 11 |     this.table = new TableV2(this, 'Table', {
         |                  ^
      12 |       tableName: 'fringe',
      13 |       partitionKey: { name: 'pk', type: AttributeType.STRING },
      14 |       sortKey: { name: 'sk', type: AttributeType.STRING },

      at print (node_modules/aws-cdk-lib/.warnings.jsii.js:11:146)
      at Proxy.aws_cdk_lib_aws_dynamodb_TableGrantsProps (node_modules/aws-cdk-lib/.warnings.jsii.js:1:40694)
      at new TableGrants (node_modules/aws-cdk-lib/aws-dynamodb/lib/table-grants.js:1:2345)
      at new TableV22 (node_modules/aws-cdk-lib/aws-dynamodb/lib/table-v2.js:1:15662)
      at new TableV22 (node_modules/aws-cdk-lib/core/lib/no-box-stack-traces.js:1:447)
      at new TableV22 (node_modules/aws-cdk-lib/core/lib/prop-injectable.js:1:957)
      at new FringeDynamo (lib/constructs/dynamo.ts:11:18)
      at Object.<anonymous> (test/constructs/scraper.test.ts:12:20)

    console.warn
      [WARNING] aws-cdk-lib.aws_dynamodb.TableGrantsProps#policyResource is deprecated.
        - Leave this field undefined. A best-effort attempt will be made to discover a resource policy and add
      permissions to it.
        This API will be removed in the next major release.

       9 |     super(scope, id);
      10 |
    > 11 |     this.table = new TableV2(this, 'Table', {
         |                  ^
      12 |       tableName: 'fringe',
      13 |       partitionKey: { name: 'pk', type: AttributeType.STRING },
      14 |       sortKey: { name: 'sk', type: AttributeType.STRING },

      at print (node_modules/aws-cdk-lib/.warnings.jsii.js:11:146)
      at Proxy.aws_cdk_lib_aws_dynamodb_TableGrantsProps (node_modules/aws-cdk-lib/.warnings.jsii.js:2:72)
      at new TableGrants (node_modules/aws-cdk-lib/aws-dynamodb/lib/table-grants.js:1:2345)
      at new TableV22 (node_modules/aws-cdk-lib/aws-dynamodb/lib/table-v2.js:1:15662)
      at new TableV22 (node_modules/aws-cdk-lib/core/lib/no-box-stack-traces.js:1:447)
      at new TableV22 (node_modules/aws-cdk-lib/core/lib/prop-injectable.js:1:957)
      at new FringeDynamo (lib/constructs/dynamo.ts:11:18)
      at Object.<anonymous> (test/constructs/scraper.test.ts:12:20)

    console.warn
      [WARNING] aws-cdk-lib.aws_dynamodb.TableGrantsProps#encryptedResource is deprecated.
        - Leave this field undefined. If the table is encrypted with a customer-managed KMS key, appropriate
      grants to the key will be automatically added.
        This API will be removed in the next major release.

       9 |     super(scope, id);
      10 |
    > 11 |     this.table = new TableV2(this, 'Table', {
         |                  ^
      12 |       tableName: 'fringe',
      13 |       partitionKey: { name: 'pk', type: AttributeType.STRING },
      14 |       sortKey: { name: 'sk', type: AttributeType.STRING },

      at print (node_modules/aws-cdk-lib/.warnings.jsii.js:11:146)
      at Proxy.aws_cdk_lib_aws_dynamodb_TableGrantsProps (node_modules/aws-cdk-lib/.warnings.jsii.js:1:40694)
      at new TableGrants (node_modules/aws-cdk-lib/aws-dynamodb/lib/table-grants.js:1:2345)
      at new TableV22 (node_modules/aws-cdk-lib/aws-dynamodb/lib/table-v2.js:1:15662)
      at new TableV22 (node_modules/aws-cdk-lib/core/lib/no-box-stack-traces.js:1:447)
      at new TableV22 (node_modules/aws-cdk-lib/core/lib/prop-injectable.js:1:957)
      at new FringeDynamo (lib/constructs/dynamo.ts:11:18)
      at Object.<anonymous> (test/constructs/scraper.test.ts:12:20)

    console.warn
      [WARNING] aws-cdk-lib.aws_dynamodb.TableGrantsProps#policyResource is deprecated.
        - Leave this field undefined. A best-effort attempt will be made to discover a resource policy and add
      permissions to it.
        This API will be removed in the next major release.

       9 |     super(scope, id);
      10 |
    > 11 |     this.table = new TableV2(this, 'Table', {
         |                  ^
      12 |       tableName: 'fringe',
      13 |       partitionKey: { name: 'pk', type: AttributeType.STRING },
      14 |       sortKey: { name: 'sk', type: AttributeType.STRING },

      at print (node_modules/aws-cdk-lib/.warnings.jsii.js:11:146)
      at Proxy.aws_cdk_lib_aws_dynamodb_TableGrantsProps (node_modules/aws-cdk-lib/.warnings.jsii.js:2:72)
      at new TableGrants (node_modules/aws-cdk-lib/aws-dynamodb/lib/table-grants.js:1:2345)
      at new TableV22 (node_modules/aws-cdk-lib/aws-dynamodb/lib/table-v2.js:1:15662)
      at new TableV22 (node_modules/aws-cdk-lib/core/lib/no-box-stack-traces.js:1:447)
      at new TableV22 (node_modules/aws-cdk-lib/core/lib/prop-injectable.js:1:957)
      at new FringeDynamo (lib/constructs/dynamo.ts:11:18)
      at Object.<anonymous> (test/constructs/scraper.test.ts:12:20)

    console.warn
      [WARNING] aws-cdk-lib.aws_dynamodb.TableGrantsProps#encryptedResource is deprecated.
        - Leave this field undefined. If the table is encrypted with a customer-managed KMS key, appropriate
      grants to the key will be automatically added.
        This API will be removed in the next major release.

       9 |     super(scope, id);
      10 |
    > 11 |     this.table = new TableV2(this, 'Table', {
         |                  ^
      12 |       tableName: 'fringe',
      13 |       partitionKey: { name: 'pk', type: AttributeType.STRING },
      14 |       sortKey: { name: 'sk', type: AttributeType.STRING },

      at print (node_modules/aws-cdk-lib/.warnings.jsii.js:11:146)
      at Proxy.aws_cdk_lib_aws_dynamodb_TableGrantsProps (node_modules/aws-cdk-lib/.warnings.jsii.js:1:40694)
      at new TableGrants (node_modules/aws-cdk-lib/aws-dynamodb/lib/table-grants.js:1:2345)
      at new TableV22 (node_modules/aws-cdk-lib/aws-dynamodb/lib/table-v2.js:1:15662)
      at new TableV22 (node_modules/aws-cdk-lib/core/lib/no-box-stack-traces.js:1:447)
      at new TableV22 (node_modules/aws-cdk-lib/core/lib/prop-injectable.js:1:957)
      at new FringeDynamo (lib/constructs/dynamo.ts:11:18)
      at Object.<anonymous> (test/constructs/scraper.test.ts:12:20)

    console.warn
      [WARNING] aws-cdk-lib.aws_dynamodb.TableGrantsProps#policyResource is deprecated.
        - Leave this field undefined. A best-effort attempt will be made to discover a resource policy and add
      permissions to it.
        This API will be removed in the next major release.

       9 |     super(scope, id);
      10 |
    > 11 |     this.table = new TableV2(this, 'Table', {
         |                  ^
      12 |       tableName: 'fringe',
      13 |       partitionKey: { name: 'pk', type: AttributeType.STRING },
      14 |       sortKey: { name: 'sk', type: AttributeType.STRING },

      at print (node_modules/aws-cdk-lib/.warnings.jsii.js:11:146)
      at Proxy.aws_cdk_lib_aws_dynamodb_TableGrantsProps (node_modules/aws-cdk-lib/.warnings.jsii.js:2:72)
      at new TableGrants (node_modules/aws-cdk-lib/aws-dynamodb/lib/table-grants.js:1:2345)
      at new TableV22 (node_modules/aws-cdk-lib/aws-dynamodb/lib/table-v2.js:1:15662)
      at new TableV22 (node_modules/aws-cdk-lib/core/lib/no-box-stack-traces.js:1:447)
      at new TableV22 (node_modules/aws-cdk-lib/core/lib/prop-injectable.js:1:957)
      at new FringeDynamo (lib/constructs/dynamo.ts:11:18)
      at Object.<anonymous> (test/constructs/scraper.test.ts:12:20)

    console.warn
      [WARNING] aws-cdk-lib.aws_dynamodb.TableGrantsProps#encryptedResource is deprecated.
        - Leave this field undefined. If the table is encrypted with a customer-managed KMS key, appropriate
      grants to the key will be automatically added.
        This API will be removed in the next major release.

       9 |     super(scope, id);
      10 |
    > 11 |     this.table = new TableV2(this, 'Table', {
         |                  ^
      12 |       tableName: 'fringe',
      13 |       partitionKey: { name: 'pk', type: AttributeType.STRING },
      14 |       sortKey: { name: 'sk', type: AttributeType.STRING },

      at print (node_modules/aws-cdk-lib/.warnings.jsii.js:11:146)
      at Proxy.aws_cdk_lib_aws_dynamodb_TableGrantsProps (node_modules/aws-cdk-lib/.warnings.jsii.js:1:40694)
      at new TableGrants (node_modules/aws-cdk-lib/aws-dynamodb/lib/table-grants.js:1:2345)
      at new TableV22 (node_modules/aws-cdk-lib/aws-dynamodb/lib/table-v2.js:1:15662)
      at new TableV22 (node_modules/aws-cdk-lib/core/lib/no-box-stack-traces.js:1:447)
      at new TableV22 (node_modules/aws-cdk-lib/core/lib/prop-injectable.js:1:957)
      at new FringeDynamo (lib/constructs/dynamo.ts:11:18)
      at Object.<anonymous> (test/constructs/scraper.test.ts:12:20)

    console.warn
      [WARNING] aws-cdk-lib.aws_dynamodb.TableGrantsProps#policyResource is deprecated.
        - Leave this field undefined. A best-effort attempt will be made to discover a resource policy and add
      permissions to it.
        This API will be removed in the next major release.

       9 |     super(scope, id);
      10 |
    > 11 |     this.table = new TableV2(this, 'Table', {
         |                  ^
      12 |       tableName: 'fringe',
      13 |       partitionKey: { name: 'pk', type: AttributeType.STRING },
      14 |       sortKey: { name: 'sk', type: AttributeType.STRING },

      at print (node_modules/aws-cdk-lib/.warnings.jsii.js:11:146)
      at Proxy.aws_cdk_lib_aws_dynamodb_TableGrantsProps (node_modules/aws-cdk-lib/.warnings.jsii.js:2:72)
      at new TableGrants (node_modules/aws-cdk-lib/aws-dynamodb/lib/table-grants.js:1:2345)
      at new TableV22 (node_modules/aws-cdk-lib/aws-dynamodb/lib/table-v2.js:1:15662)
      at new TableV22 (node_modules/aws-cdk-lib/core/lib/no-box-stack-traces.js:1:447)
      at new TableV22 (node_modules/aws-cdk-lib/core/lib/prop-injectable.js:1:957)
      at new FringeDynamo (lib/constructs/dynamo.ts:11:18)
      at Object.<anonymous> (test/constructs/scraper.test.ts:12:20)

    console.warn
      [WARNING] aws-cdk-lib.aws_dynamodb.TableGrantsProps#encryptedResource is deprecated.
        - Leave this field undefined. If the table is encrypted with a customer-managed KMS key, appropriate
      grants to the key will be automatically added.
        This API will be removed in the next major release.

       9 |     super(scope, id);
      10 |
    > 11 |     this.table = new TableV2(this, 'Table', {
         |                  ^
      12 |       tableName: 'fringe',
      13 |       partitionKey: { name: 'pk', type: AttributeType.STRING },
      14 |       sortKey: { name: 'sk', type: AttributeType.STRING },

      at print (node_modules/aws-cdk-lib/.warnings.jsii.js:11:146)
      at Proxy.aws_cdk_lib_aws_dynamodb_TableGrantsProps (node_modules/aws-cdk-lib/.warnings.jsii.js:1:40694)
      at new TableGrants (node_modules/aws-cdk-lib/aws-dynamodb/lib/table-grants.js:1:2345)
      at new TableV22 (node_modules/aws-cdk-lib/aws-dynamodb/lib/table-v2.js:1:15662)
      at new TableV22 (node_modules/aws-cdk-lib/core/lib/no-box-stack-traces.js:1:447)
      at new TableV22 (node_modules/aws-cdk-lib/core/lib/prop-injectable.js:1:957)
      at new FringeDynamo (lib/constructs/dynamo.ts:11:18)
      at Object.<anonymous> (test/constructs/scraper.test.ts:12:20)

    console.warn
      [WARNING] aws-cdk-lib.aws_dynamodb.TableGrantsProps#policyResource is deprecated.
        - Leave this field undefined. A best-effort attempt will be made to discover a resource policy and add
      permissions to it.
        This API will be removed in the next major release.

       9 |     super(scope, id);
      10 |
    > 11 |     this.table = new TableV2(this, 'Table', {
         |                  ^
      12 |       tableName: 'fringe',
      13 |       partitionKey: { name: 'pk', type: AttributeType.STRING },
      14 |       sortKey: { name: 'sk', type: AttributeType.STRING },

      at print (node_modules/aws-cdk-lib/.warnings.jsii.js:11:146)
      at Proxy.aws_cdk_lib_aws_dynamodb_TableGrantsProps (node_modules/aws-cdk-lib/.warnings.jsii.js:2:72)
      at new TableGrants (node_modules/aws-cdk-lib/aws-dynamodb/lib/table-grants.js:1:2345)
      at new TableV22 (node_modules/aws-cdk-lib/aws-dynamodb/lib/table-v2.js:1:15662)
      at new TableV22 (node_modules/aws-cdk-lib/core/lib/no-box-stack-traces.js:1:447)
      at new TableV22 (node_modules/aws-cdk-lib/core/lib/prop-injectable.js:1:957)
      at new FringeDynamo (lib/constructs/dynamo.ts:11:18)
      at Object.<anonymous> (test/constructs/scraper.test.ts:12:20)

    console.warn
      [WARNING] aws-cdk-lib.aws_dynamodb.TableGrantsProps#encryptedResource is deprecated.
        - Leave this field undefined. If the table is encrypted with a customer-managed KMS key, appropriate
      grants to the key will be automatically added.
        This API will be removed in the next major release.

       9 |     super(scope, id);
      10 |
    > 11 |     this.table = new TableV2(this, 'Table', {
         |                  ^
      12 |       tableName: 'fringe',
      13 |       partitionKey: { name: 'pk', type: AttributeType.STRING },
      14 |       sortKey: { name: 'sk', type: AttributeType.STRING },

      at print (node_modules/aws-cdk-lib/.warnings.jsii.js:11:146)
      at Proxy.aws_cdk_lib_aws_dynamodb_TableGrantsProps (node_modules/aws-cdk-lib/.warnings.jsii.js:1:40694)
      at new TableGrants (node_modules/aws-cdk-lib/aws-dynamodb/lib/table-grants.js:1:2345)
      at new TableV22 (node_modules/aws-cdk-lib/aws-dynamodb/lib/table-v2.js:1:15662)
      at new TableV22 (node_modules/aws-cdk-lib/core/lib/no-box-stack-traces.js:1:447)
      at new TableV22 (node_modules/aws-cdk-lib/core/lib/prop-injectable.js:1:957)
      at new FringeDynamo (lib/constructs/dynamo.ts:11:18)
      at Object.<anonymous> (test/constructs/scraper.test.ts:12:20)

    console.warn
      [WARNING] aws-cdk-lib.aws_dynamodb.TableGrantsProps#policyResource is deprecated.
        - Leave this field undefined. A best-effort attempt will be made to discover a resource policy and add
      permissions to it.
        This API will be removed in the next major release.

       9 |     super(scope, id);
      10 |
    > 11 |     this.table = new TableV2(this, 'Table', {
         |                  ^
      12 |       tableName: 'fringe',
      13 |       partitionKey: { name: 'pk', type: AttributeType.STRING },
      14 |       sortKey: { name: 'sk', type: AttributeType.STRING },

      at print (node_modules/aws-cdk-lib/.warnings.jsii.js:11:146)
      at Proxy.aws_cdk_lib_aws_dynamodb_TableGrantsProps (node_modules/aws-cdk-lib/.warnings.jsii.js:2:72)
      at new TableGrants (node_modules/aws-cdk-lib/aws-dynamodb/lib/table-grants.js:1:2345)
      at new TableV22 (node_modules/aws-cdk-lib/aws-dynamodb/lib/table-v2.js:1:15662)
      at new TableV22 (node_modules/aws-cdk-lib/core/lib/no-box-stack-traces.js:1:447)
      at new TableV22 (node_modules/aws-cdk-lib/core/lib/prop-injectable.js:1:957)
      at new FringeDynamo (lib/constructs/dynamo.ts:11:18)
      at Object.<anonymous> (test/constructs/scraper.test.ts:12:20)

    console.warn
      [WARNING] aws-cdk-lib.aws_dynamodb.TableGrantsProps#encryptedResource is deprecated.
        - Leave this field undefined. If the table is encrypted with a customer-managed KMS key, appropriate
      grants to the key will be automatically added.
        This API will be removed in the next major release.

       9 |     super(scope, id);
      10 |
    > 11 |     this.table = new TableV2(this, 'Table', {
         |                  ^
      12 |       tableName: 'fringe',
      13 |       partitionKey: { name: 'pk', type: AttributeType.STRING },
      14 |       sortKey: { name: 'sk', type: AttributeType.STRING },

      at print (node_modules/aws-cdk-lib/.warnings.jsii.js:11:146)
      at Proxy.aws_cdk_lib_aws_dynamodb_TableGrantsProps (node_modules/aws-cdk-lib/.warnings.jsii.js:1:40694)
      at new TableGrants (node_modules/aws-cdk-lib/aws-dynamodb/lib/table-grants.js:1:2345)
      at new TableV22 (node_modules/aws-cdk-lib/aws-dynamodb/lib/table-v2.js:1:15662)
      at new TableV22 (node_modules/aws-cdk-lib/core/lib/no-box-stack-traces.js:1:447)
      at new TableV22 (node_modules/aws-cdk-lib/core/lib/prop-injectable.js:1:957)
      at new FringeDynamo (lib/constructs/dynamo.ts:11:18)
      at Object.<anonymous> (test/constructs/scraper.test.ts:12:20)

    console.warn
      [WARNING] aws-cdk-lib.aws_dynamodb.TableGrantsProps#policyResource is deprecated.
        - Leave this field undefined. A best-effort attempt will be made to discover a resource policy and add
      permissions to it.
        This API will be removed in the next major release.

       9 |     super(scope, id);
      10 |
    > 11 |     this.table = new TableV2(this, 'Table', {
         |                  ^
      12 |       tableName: 'fringe',
      13 |       partitionKey: { name: 'pk', type: AttributeType.STRING },
      14 |       sortKey: { name: 'sk', type: AttributeType.STRING },

      at print (node_modules/aws-cdk-lib/.warnings.jsii.js:11:146)
      at Proxy.aws_cdk_lib_aws_dynamodb_TableGrantsProps (node_modules/aws-cdk-lib/.warnings.jsii.js:2:72)
      at new TableGrants (node_modules/aws-cdk-lib/aws-dynamodb/lib/table-grants.js:1:2345)
      at new TableV22 (node_modules/aws-cdk-lib/aws-dynamodb/lib/table-v2.js:1:15662)
      at new TableV22 (node_modules/aws-cdk-lib/core/lib/no-box-stack-traces.js:1:447)
      at new TableV22 (node_modules/aws-cdk-lib/core/lib/prop-injectable.js:1:957)
      at new FringeDynamo (lib/constructs/dynamo.ts:11:18)
      at Object.<anonymous> (test/constructs/scraper.test.ts:12:20)

    console.warn
      [WARNING] aws-cdk-lib.aws_dynamodb.TableGrantsProps#encryptedResource is deprecated.
        - Leave this field undefined. If the table is encrypted with a customer-managed KMS key, appropriate
      grants to the key will be automatically added.
        This API will be removed in the next major release.

       9 |     super(scope, id);
      10 |
    > 11 |     this.table = new TableV2(this, 'Table', {
         |                  ^
      12 |       tableName: 'fringe',
      13 |       partitionKey: { name: 'pk', type: AttributeType.STRING },
      14 |       sortKey: { name: 'sk', type: AttributeType.STRING },

      at print (node_modules/aws-cdk-lib/.warnings.jsii.js:11:146)
      at Proxy.aws_cdk_lib_aws_dynamodb_TableGrantsProps (node_modules/aws-cdk-lib/.warnings.jsii.js:1:40694)
      at new TableGrants (node_modules/aws-cdk-lib/aws-dynamodb/lib/table-grants.js:1:2345)
      at new TableV22 (node_modules/aws-cdk-lib/aws-dynamodb/lib/table-v2.js:1:15662)
      at new TableV22 (node_modules/aws-cdk-lib/core/lib/no-box-stack-traces.js:1:447)
      at new TableV22 (node_modules/aws-cdk-lib/core/lib/prop-injectable.js:1:957)
      at new FringeDynamo (lib/constructs/dynamo.ts:11:18)
      at Object.<anonymous> (test/constructs/scraper.test.ts:12:20)

    console.warn
      [WARNING] aws-cdk-lib.aws_dynamodb.TableGrantsProps#policyResource is deprecated.
        - Leave this field undefined. A best-effort attempt will be made to discover a resource policy and add
      permissions to it.
        This API will be removed in the next major release.

       9 |     super(scope, id);
      10 |
    > 11 |     this.table = new TableV2(this, 'Table', {
         |                  ^
      12 |       tableName: 'fringe',
      13 |       partitionKey: { name: 'pk', type: AttributeType.STRING },
      14 |       sortKey: { name: 'sk', type: AttributeType.STRING },

      at print (node_modules/aws-cdk-lib/.warnings.jsii.js:11:146)
      at Proxy.aws_cdk_lib_aws_dynamodb_TableGrantsProps (node_modules/aws-cdk-lib/.warnings.jsii.js:2:72)
      at new TableGrants (node_modules/aws-cdk-lib/aws-dynamodb/lib/table-grants.js:1:2345)
      at new TableV22 (node_modules/aws-cdk-lib/aws-dynamodb/lib/table-v2.js:1:15662)
      at new TableV22 (node_modules/aws-cdk-lib/core/lib/no-box-stack-traces.js:1:447)
      at new TableV22 (node_modules/aws-cdk-lib/core/lib/prop-injectable.js:1:957)
      at new FringeDynamo (lib/constructs/dynamo.ts:11:18)
      at Object.<anonymous> (test/constructs/scraper.test.ts:12:20)

    console.warn
      [WARNING] aws-cdk-lib.aws_dynamodb.TableGrantsProps#encryptedResource is deprecated.
        - Leave this field undefined. If the table is encrypted with a customer-managed KMS key, appropriate
      grants to the key will be automatically added.
        This API will be removed in the next major release.

       9 |     super(scope, id);
      10 |
    > 11 |     this.table = new TableV2(this, 'Table', {
         |                  ^
      12 |       tableName: 'fringe',
      13 |       partitionKey: { name: 'pk', type: AttributeType.STRING },
      14 |       sortKey: { name: 'sk', type: AttributeType.STRING },

      at print (node_modules/aws-cdk-lib/.warnings.jsii.js:11:146)
      at Proxy.aws_cdk_lib_aws_dynamodb_TableGrantsProps (node_modules/aws-cdk-lib/.warnings.jsii.js:1:40694)
      at new TableGrants (node_modules/aws-cdk-lib/aws-dynamodb/lib/table-grants.js:1:2345)
      at new TableV22 (node_modules/aws-cdk-lib/aws-dynamodb/lib/table-v2.js:1:15662)
      at new TableV22 (node_modules/aws-cdk-lib/core/lib/no-box-stack-traces.js:1:447)
      at new TableV22 (node_modules/aws-cdk-lib/core/lib/prop-injectable.js:1:957)
      at new FringeDynamo (lib/constructs/dynamo.ts:11:18)
      at Object.<anonymous> (test/constructs/scraper.test.ts:12:20)

    console.warn
      [WARNING] aws-cdk-lib.aws_dynamodb.TableGrantsProps#policyResource is deprecated.
        - Leave this field undefined. A best-effort attempt will be made to discover a resource policy and add
      permissions to it.
        This API will be removed in the next major release.

       9 |     super(scope, id);
      10 |
    > 11 |     this.table = new TableV2(this, 'Table', {
         |                  ^
      12 |       tableName: 'fringe',
      13 |       partitionKey: { name: 'pk', type: AttributeType.STRING },
      14 |       sortKey: { name: 'sk', type: AttributeType.STRING },

      at print (node_modules/aws-cdk-lib/.warnings.jsii.js:11:146)
      at Proxy.aws_cdk_lib_aws_dynamodb_TableGrantsProps (node_modules/aws-cdk-lib/.warnings.jsii.js:2:72)
      at new TableGrants (node_modules/aws-cdk-lib/aws-dynamodb/lib/table-grants.js:1:2345)
      at new TableV22 (node_modules/aws-cdk-lib/aws-dynamodb/lib/table-v2.js:1:15662)
      at new TableV22 (node_modules/aws-cdk-lib/core/lib/no-box-stack-traces.js:1:447)
      at new TableV22 (node_modules/aws-cdk-lib/core/lib/prop-injectable.js:1:957)
      at new FringeDynamo (lib/constructs/dynamo.ts:11:18)
      at Object.<anonymous> (test/constructs/scraper.test.ts:12:20)

    console.warn
      [WARNING] aws-cdk-lib.aws_dynamodb.TableGrantsProps#encryptedResource is deprecated.
        - Leave this field undefined. If the table is encrypted with a customer-managed KMS key, appropriate
      grants to the key will be automatically added.
        This API will be removed in the next major release.

       9 |     super(scope, id);
      10 |
    > 11 |     this.table = new TableV2(this, 'Table', {
         |                  ^
      12 |       tableName: 'fringe',
      13 |       partitionKey: { name: 'pk', type: AttributeType.STRING },
      14 |       sortKey: { name: 'sk', type: AttributeType.STRING },

      at print (node_modules/aws-cdk-lib/.warnings.jsii.js:11:146)
      at Proxy.aws_cdk_lib_aws_dynamodb_TableGrantsProps (node_modules/aws-cdk-lib/.warnings.jsii.js:1:40694)
      at new TableGrants (node_modules/aws-cdk-lib/aws-dynamodb/lib/table-grants.js:1:2345)
      at new TableV22 (node_modules/aws-cdk-lib/aws-dynamodb/lib/table-v2.js:1:15662)
      at new TableV22 (node_modules/aws-cdk-lib/core/lib/no-box-stack-traces.js:1:447)
      at new TableV22 (node_modules/aws-cdk-lib/core/lib/prop-injectable.js:1:957)
      at new FringeDynamo (lib/constructs/dynamo.ts:11:18)
      at Object.<anonymous> (test/constructs/scraper.test.ts:12:20)

    console.warn
      [WARNING] aws-cdk-lib.aws_dynamodb.TableGrantsProps#policyResource is deprecated.
        - Leave this field undefined. A best-effort attempt will be made to discover a resource policy and add
      permissions to it.
        This API will be removed in the next major release.

       9 |     super(scope, id);
      10 |
    > 11 |     this.table = new TableV2(this, 'Table', {
         |                  ^
      12 |       tableName: 'fringe',
      13 |       partitionKey: { name: 'pk', type: AttributeType.STRING },
      14 |       sortKey: { name: 'sk', type: AttributeType.STRING },

      at print (node_modules/aws-cdk-lib/.warnings.jsii.js:11:146)
      at Proxy.aws_cdk_lib_aws_dynamodb_TableGrantsProps (node_modules/aws-cdk-lib/.warnings.jsii.js:2:72)
      at new TableGrants (node_modules/aws-cdk-lib/aws-dynamodb/lib/table-grants.js:1:2345)
      at new TableV22 (node_modules/aws-cdk-lib/aws-dynamodb/lib/table-v2.js:1:15662)
      at new TableV22 (node_modules/aws-cdk-lib/core/lib/no-box-stack-traces.js:1:447)
      at new TableV22 (node_modules/aws-cdk-lib/core/lib/prop-injectable.js:1:957)
      at new FringeDynamo (lib/constructs/dynamo.ts:11:18)
      at Object.<anonymous> (test/constructs/scraper.test.ts:12:20)

npm warn Unknown env config "npm-globalconfig". This will stop working in the next major version of npm. See `npm help npmrc` for supported config options.
npm warn Unknown env config "dir". This will stop working in the next major version of npm. See `npm help npmrc` for supported config options.
npm warn Unknown env config "verify-deps-before-run". This will stop working in the next major version of npm. See `npm help npmrc` for supported config options.
npm warn Unknown env config "_jsr-registry". This will stop working in the next major version of npm. See `npm help npmrc` for supported config options.
npm warn Unknown env config "npm-globalconfig". This will stop working in the next major version of npm. See `npm help npmrc` for supported config options.
npm warn Unknown env config "dir". This will stop working in the next major version of npm. See `npm help npmrc` for supported config options.
npm warn Unknown env config "verify-deps-before-run". This will stop working in the next major version of npm. See `npm help npmrc` for supported config options.
npm warn Unknown env config "_jsr-registry". This will stop working in the next major version of npm. See `npm help npmrc` for supported config options.
npm warn Unknown env config "npm-globalconfig". This will stop working in the next major version of npm. See `npm help npmrc` for supported config options.
npm warn Unknown env config "dir". This will stop working in the next major version of npm. See `npm help npmrc` for supported config options.
npm warn Unknown env config "verify-deps-before-run". This will stop working in the next major version of npm. See `npm help npmrc` for supported config options.
npm warn Unknown env config "_jsr-registry". This will stop working in the next major version of npm. See `npm help npmrc` for supported config options.

  ...1ff621ae86ee23544d48bd3f15ce10060df7ce534af8339f-building/index.js  1.2kb

⚡ Done in 12ms

  ...2bfb5fde4dde3a06eb05a1b993242520aa3563ee195ec73c-building/index.js  1.2kb

⚡ Done in 12ms

  ...e304054defa88376668fabebe5d8e40582208f04c41a817b-building/index.js  1.2kb

⚡ Done in 12ms
Bundling asset TestStack/Auth/DefineAuthChallenge/Code/Stage...
Bundling asset FringeStack/Auth/DefineAuthChallenge/Code/Stage...
Bundling asset TestStack/Auth/DefineAuthChallenge/Code/Stage...
npm warn Unknown env config "npm-globalconfig". This will stop working in the next major version of npm. See `npm help npmrc` for supported config options.
npm warn Unknown env config "dir". This will stop working in the next major version of npm. See `npm help npmrc` for supported config options.
npm warn Unknown env config "verify-deps-before-run". This will stop working in the next major version of npm. See `npm help npmrc` for supported config options.
npm warn Unknown env config "_jsr-registry". This will stop working in the next major version of npm. See `npm help npmrc` for supported config options.
npm warn Unknown env config "npm-globalconfig". This will stop working in the next major version of npm. See `npm help npmrc` for supported config options.
npm warn Unknown env config "dir". This will stop working in the next major version of npm. See `npm help npmrc` for supported config options.
npm warn Unknown env config "verify-deps-before-run". This will stop working in the next major version of npm. See `npm help npmrc` for supported config options.
npm warn Unknown env config "_jsr-registry". This will stop working in the next major version of npm. See `npm help npmrc` for supported config options.
npm warn Unknown env config "npm-globalconfig". This will stop working in the next major version of npm. See `npm help npmrc` for supported config options.
npm warn Unknown env config "dir". This will stop working in the next major version of npm. See `npm help npmrc` for supported config options.
npm warn Unknown env config "verify-deps-before-run". This will stop working in the next major version of npm. See `npm help npmrc` for supported config options.
npm warn Unknown env config "_jsr-registry". This will stop working in the next major version of npm. See `npm help npmrc` for supported config options.

  ...3e2943bbc86845d1d01525697c914d1f96fcd59b05d24d37-building/index.js  1.9kb

⚡ Done in 1ms

  ...cc4010d90f2e2b04824d2bb6edb261c946eccf25d9ae25b3-building/index.js  1.9kb

⚡ Done in 1ms

  ...0f1765ad019c930ae85971a12251fc1d7276b6047a37101b-building/index.js  1.9kb

⚡ Done in 1ms
Bundling asset TestStack/Auth/CreateAuthChallenge/Code/Stage...
Bundling asset FringeStack/Auth/CreateAuthChallenge/Code/Stage...
Bundling asset TestStack/Auth/CreateAuthChallenge/Code/Stage...
npm warn Unknown env config "npm-globalconfig". This will stop working in the next major version of npm. See `npm help npmrc` for supported config options.
npm warn Unknown env config "npm-globalconfig". This will stop working in the next major version of npm. See `npm help npmrc` for supported config options.
npm warn Unknown env config "dir". This will stop working in the next major version of npm. See `npm help npmrc` for supported config options.
npm warn Unknown env config "verify-deps-before-run". This will stop working in the next major version of npm. See `npm help npmrc` for supported config options.
npm warn Unknown env config "_jsr-registry". This will stop working in the next major version of npm. See `npm help npmrc` for supported config options.
npm warn Unknown env config "dir". This will stop working in the next major version of npm. See `npm help npmrc` for supported config options.
npm warn Unknown env config "verify-deps-before-run". This will stop working in the next major version of npm. See `npm help npmrc` for supported config options.
npm warn Unknown env config "_jsr-registry". This will stop working in the next major version of npm. See `npm help npmrc` for supported config options.
npm warn Unknown env config "npm-globalconfig". This will stop working in the next major version of npm. See `npm help npmrc` for supported config options.
npm warn Unknown env config "dir". This will stop working in the next major version of npm. See `npm help npmrc` for supported config options.
npm warn Unknown env config "verify-deps-before-run". This will stop working in the next major version of npm. See `npm help npmrc` for supported config options.
npm warn Unknown env config "_jsr-registry". This will stop working in the next major version of npm. See `npm help npmrc` for supported config options.

  ...14b780dcade7de6bbec3fd116f6e7a7631cb8226471db817-building/index.js  2.1kb

⚡ Done in 1ms

  ...691adb271bb55c958eaa402ac87df94dd73ae48b89c0ddc4-building/index.js  2.1kb

⚡ Done in 1ms

  ...068b5e71eb375ec8a4545616bccd029dccabb67fabebe796-building/index.js  2.1kb

⚡ Done in 1ms
Bundling asset FringeStack/Auth/VerifyAuthChallengeResponse/Code/Stage...
Bundling asset TestStack/Auth/VerifyAuthChallengeResponse/Code/Stage...
Bundling asset TestStack/Auth/VerifyAuthChallengeResponse/Code/Stage...
npm warn Unknown env config "npm-globalconfig". This will stop working in the next major version of npm. See `npm help npmrc` for supported config options.
npm warn Unknown env config "dir". This will stop working in the next major version of npm. See `npm help npmrc` for supported config options.
npm warn Unknown env config "verify-deps-before-run". This will stop working in the next major version of npm. See `npm help npmrc` for supported config options.
npm warn Unknown env config "_jsr-registry". This will stop working in the next major version of npm. See `npm help npmrc` for supported config options.
npm warn Unknown env config "npm-globalconfig". This will stop working in the next major version of npm. See `npm help npmrc` for supported config options.
npm warn Unknown env config "dir". This will stop working in the next major version of npm. See `npm help npmrc` for supported config options.
npm warn Unknown env config "verify-deps-before-run". This will stop working in the next major version of npm. See `npm help npmrc` for supported config options.
npm warn Unknown env config "_jsr-registry". This will stop working in the next major version of npm. See `npm help npmrc` for supported config options.
npm warn Unknown env config "npm-globalconfig". This will stop working in the next major version of npm. See `npm help npmrc` for supported config options.
npm warn Unknown env config "dir". This will stop working in the next major version of npm. See `npm help npmrc` for supported config options.
npm warn Unknown env config "verify-deps-before-run". This will stop working in the next major version of npm. See `npm help npmrc` for supported config options.
npm warn Unknown env config "_jsr-registry". This will stop working in the next major version of npm. See `npm help npmrc` for supported config options.
FAIL test/constructs/frontend.test.ts (15.415 s)
  ● FringeFrontend › S3 Bucket › creates an S3 Bucket

    «CannotFindAsset» Cannot find asset at /Users/jackschaible/dev/fringe/fringe-client/dist/client-new/browser
        .../Users/jackschaible/dev/fringe/infra/node_modules/aws-cdk-lib/aws-s3-deployment/lib/bucket-deployment.js:1:83 in aws-cdk-lib...
        at Array.map (:)
        ...new BucketDeployment2 in aws-cdk-lib...

      54 |     });
      55 |
    > 56 |     new BucketDeployment(this, "Deploy", {
         |     ^
      57 |       sources: [Source.asset("../fringe-client/dist/client-new/browser")],
      58 |       destinationBucket: bucket,
      59 |       distribution,

      at new FringeFrontend (lib/constructs/frontend.ts:56:5)
          ...Promise.then.completed in jest-circus...
          at new Promise (:)
          ...jest-circus, node internals, jest-circus, jest-runner...
      Relates to construct:
          <.> (aws-cdk-lib.App)
           └─ TestStack (aws-cdk-lib.Stack)
               └─ Frontend (constructs.Construct)
                   └─ Deploy (aws-cdk-lib.aws_s3_deployment.BucketDeployment)
                       └─ Asset1 (aws-cdk-lib.aws_s3_assets.Asset)
                           └─ Stage (aws-cdk-lib.AssetStaging)

  ● FringeFrontend › S3 Bucket › blocks all public access

    «CannotFindAsset» Cannot find asset at /Users/jackschaible/dev/fringe/fringe-client/dist/client-new/browser
        .../Users/jackschaible/dev/fringe/infra/node_modules/aws-cdk-lib/aws-s3-deployment/lib/bucket-deployment.js:1:83 in aws-cdk-lib...
        at Array.map (:)
        ...new BucketDeployment2 in aws-cdk-lib...

      54 |     });
      55 |
    > 56 |     new BucketDeployment(this, "Deploy", {
         |     ^
      57 |       sources: [Source.asset("../fringe-client/dist/client-new/browser")],
      58 |       destinationBucket: bucket,
      59 |       distribution,

      at new FringeFrontend (lib/constructs/frontend.ts:56:5)
          ...Promise.then.completed in jest-circus...
          at new Promise (:)
          ...jest-circus, node internals, jest-circus, jest-runner...
      Relates to construct:
          <.> (aws-cdk-lib.App)
           └─ TestStack (aws-cdk-lib.Stack)
               └─ Frontend (constructs.Construct)
                   └─ Deploy (aws-cdk-lib.aws_s3_deployment.BucketDeployment)
                       └─ Asset1 (aws-cdk-lib.aws_s3_assets.Asset)
                           └─ Stage (aws-cdk-lib.AssetStaging)

  ● FringeFrontend › S3 Bucket › has DeletionPolicy Retain

    «CannotFindAsset» Cannot find asset at /Users/jackschaible/dev/fringe/fringe-client/dist/client-new/browser
        .../Users/jackschaible/dev/fringe/infra/node_modules/aws-cdk-lib/aws-s3-deployment/lib/bucket-deployment.js:1:83 in aws-cdk-lib...
        at Array.map (:)
        ...new BucketDeployment2 in aws-cdk-lib...

      54 |     });
      55 |
    > 56 |     new BucketDeployment(this, "Deploy", {
         |     ^
      57 |       sources: [Source.asset("../fringe-client/dist/client-new/browser")],
      58 |       destinationBucket: bucket,
      59 |       distribution,

      at new FringeFrontend (lib/constructs/frontend.ts:56:5)
          ...Promise.then.completed in jest-circus...
          at new Promise (:)
          ...jest-circus, node internals, jest-circus, jest-runner...
      Relates to construct:
          <.> (aws-cdk-lib.App)
           └─ TestStack (aws-cdk-lib.Stack)
               └─ Frontend (constructs.Construct)
                   └─ Deploy (aws-cdk-lib.aws_s3_deployment.BucketDeployment)
                       └─ Asset1 (aws-cdk-lib.aws_s3_assets.Asset)
                           └─ Stage (aws-cdk-lib.AssetStaging)

  ● FringeFrontend › CloudFront Distribution › creates a CloudFront Distribution

    «CannotFindAsset» Cannot find asset at /Users/jackschaible/dev/fringe/fringe-client/dist/client-new/browser
        .../Users/jackschaible/dev/fringe/infra/node_modules/aws-cdk-lib/aws-s3-deployment/lib/bucket-deployment.js:1:83 in aws-cdk-lib...
        at Array.map (:)
        ...new BucketDeployment2 in aws-cdk-lib...

      54 |     });
      55 |
    > 56 |     new BucketDeployment(this, "Deploy", {
         |     ^
      57 |       sources: [Source.asset("../fringe-client/dist/client-new/browser")],
      58 |       destinationBucket: bucket,
      59 |       distribution,

      at new FringeFrontend (lib/constructs/frontend.ts:56:5)
          ...Promise.then.completed in jest-circus...
          at new Promise (:)
          ...jest-circus, node internals, jest-circus, jest-runner...
      Relates to construct:
          <.> (aws-cdk-lib.App)
           └─ TestStack (aws-cdk-lib.Stack)
               └─ Frontend (constructs.Construct)
                   └─ Deploy (aws-cdk-lib.aws_s3_deployment.BucketDeployment)
                       └─ Asset1 (aws-cdk-lib.aws_s3_assets.Asset)
                           └─ Stage (aws-cdk-lib.AssetStaging)

  ● FringeFrontend › CloudFront Distribution › has domainNames fringe.jackschaible.ca

    «CannotFindAsset» Cannot find asset at /Users/jackschaible/dev/fringe/fringe-client/dist/client-new/browser
        .../Users/jackschaible/dev/fringe/infra/node_modules/aws-cdk-lib/aws-s3-deployment/lib/bucket-deployment.js:1:83 in aws-cdk-lib...
        at Array.map (:)
        ...new BucketDeployment2 in aws-cdk-lib...

      54 |     });
      55 |
    > 56 |     new BucketDeployment(this, "Deploy", {
         |     ^
      57 |       sources: [Source.asset("../fringe-client/dist/client-new/browser")],
      58 |       destinationBucket: bucket,
      59 |       distribution,

      at new FringeFrontend (lib/constructs/frontend.ts:56:5)
          ...Promise.then.completed in jest-circus...
          at new Promise (:)
          ...jest-circus, node internals, jest-circus, jest-runner...
      Relates to construct:
          <.> (aws-cdk-lib.App)
           └─ TestStack (aws-cdk-lib.Stack)
               └─ Frontend (constructs.Construct)
                   └─ Deploy (aws-cdk-lib.aws_s3_deployment.BucketDeployment)
                       └─ Asset1 (aws-cdk-lib.aws_s3_assets.Asset)
                           └─ Stage (aws-cdk-lib.AssetStaging)

  ● FringeFrontend › CloudFront Distribution › sets defaultRootObject to index.html

    «CannotFindAsset» Cannot find asset at /Users/jackschaible/dev/fringe/fringe-client/dist/client-new/browser
        .../Users/jackschaible/dev/fringe/infra/node_modules/aws-cdk-lib/aws-s3-deployment/lib/bucket-deployment.js:1:83 in aws-cdk-lib...
        at Array.map (:)
        ...new BucketDeployment2 in aws-cdk-lib...

      54 |     });
      55 |
    > 56 |     new BucketDeployment(this, "Deploy", {
         |     ^
      57 |       sources: [Source.asset("../fringe-client/dist/client-new/browser")],
      58 |       destinationBucket: bucket,
      59 |       distribution,

      at new FringeFrontend (lib/constructs/frontend.ts:56:5)
          ...Promise.then.completed in jest-circus...
          at new Promise (:)
          ...jest-circus, node internals, jest-circus, jest-runner...
      Relates to construct:
          <.> (aws-cdk-lib.App)
           └─ TestStack (aws-cdk-lib.Stack)
               └─ Frontend (constructs.Construct)
                   └─ Deploy (aws-cdk-lib.aws_s3_deployment.BucketDeployment)
                       └─ Asset1 (aws-cdk-lib.aws_s3_assets.Asset)
                           └─ Stage (aws-cdk-lib.AssetStaging)

  ● FringeFrontend › CloudFront Distribution › redirects HTTP to HTTPS

    «CannotFindAsset» Cannot find asset at /Users/jackschaible/dev/fringe/fringe-client/dist/client-new/browser
        .../Users/jackschaible/dev/fringe/infra/node_modules/aws-cdk-lib/aws-s3-deployment/lib/bucket-deployment.js:1:83 in aws-cdk-lib...
        at Array.map (:)
        ...new BucketDeployment2 in aws-cdk-lib...

      54 |     });
      55 |
    > 56 |     new BucketDeployment(this, "Deploy", {
         |     ^
      57 |       sources: [Source.asset("../fringe-client/dist/client-new/browser")],
      58 |       destinationBucket: bucket,
      59 |       distribution,

      at new FringeFrontend (lib/constructs/frontend.ts:56:5)
          ...Promise.then.completed in jest-circus...
          at new Promise (:)
          ...jest-circus, node internals, jest-circus, jest-runner...
      Relates to construct:
          <.> (aws-cdk-lib.App)
           └─ TestStack (aws-cdk-lib.Stack)
               └─ Frontend (constructs.Construct)
                   └─ Deploy (aws-cdk-lib.aws_s3_deployment.BucketDeployment)
                       └─ Asset1 (aws-cdk-lib.aws_s3_assets.Asset)
                           └─ Stage (aws-cdk-lib.AssetStaging)

  ● FringeFrontend › CloudFront Distribution › uses OAC (origin access control) for S3

    «CannotFindAsset» Cannot find asset at /Users/jackschaible/dev/fringe/fringe-client/dist/client-new/browser
        .../Users/jackschaible/dev/fringe/infra/node_modules/aws-cdk-lib/aws-s3-deployment/lib/bucket-deployment.js:1:83 in aws-cdk-lib...
        at Array.map (:)
        ...new BucketDeployment2 in aws-cdk-lib...

      54 |     });
      55 |
    > 56 |     new BucketDeployment(this, "Deploy", {
         |     ^
      57 |       sources: [Source.asset("../fringe-client/dist/client-new/browser")],
      58 |       destinationBucket: bucket,
      59 |       distribution,

      at new FringeFrontend (lib/constructs/frontend.ts:56:5)
          ...Promise.then.completed in jest-circus...
          at new Promise (:)
          ...jest-circus, node internals, jest-circus, jest-runner...
      Relates to construct:
          <.> (aws-cdk-lib.App)
           └─ TestStack (aws-cdk-lib.Stack)
               └─ Frontend (constructs.Construct)
                   └─ Deploy (aws-cdk-lib.aws_s3_deployment.BucketDeployment)
                       └─ Asset1 (aws-cdk-lib.aws_s3_assets.Asset)
                           └─ Stage (aws-cdk-lib.AssetStaging)

  ● FringeFrontend › CloudFront Distribution › has 403 error response mapping to /index.html with HTTP 200

    «CannotFindAsset» Cannot find asset at /Users/jackschaible/dev/fringe/fringe-client/dist/client-new/browser
        .../Users/jackschaible/dev/fringe/infra/node_modules/aws-cdk-lib/aws-s3-deployment/lib/bucket-deployment.js:1:83 in aws-cdk-lib...
        at Array.map (:)
        ...new BucketDeployment2 in aws-cdk-lib...

      54 |     });
      55 |
    > 56 |     new BucketDeployment(this, "Deploy", {
         |     ^
      57 |       sources: [Source.asset("../fringe-client/dist/client-new/browser")],
      58 |       destinationBucket: bucket,
      59 |       distribution,

      at new FringeFrontend (lib/constructs/frontend.ts:56:5)
          ...Promise.then.completed in jest-circus...
          at new Promise (:)
          ...jest-circus, node internals, jest-circus, jest-runner...
      Relates to construct:
          <.> (aws-cdk-lib.App)
           └─ TestStack (aws-cdk-lib.Stack)
               └─ Frontend (constructs.Construct)
                   └─ Deploy (aws-cdk-lib.aws_s3_deployment.BucketDeployment)
                       └─ Asset1 (aws-cdk-lib.aws_s3_assets.Asset)
                           └─ Stage (aws-cdk-lib.AssetStaging)

  ● FringeFrontend › CloudFront Distribution › has 404 error response mapping to /index.html with HTTP 200

    «CannotFindAsset» Cannot find asset at /Users/jackschaible/dev/fringe/fringe-client/dist/client-new/browser
        .../Users/jackschaible/dev/fringe/infra/node_modules/aws-cdk-lib/aws-s3-deployment/lib/bucket-deployment.js:1:83 in aws-cdk-lib...
        at Array.map (:)
        ...new BucketDeployment2 in aws-cdk-lib...

      54 |     });
      55 |
    > 56 |     new BucketDeployment(this, "Deploy", {
         |     ^
      57 |       sources: [Source.asset("../fringe-client/dist/client-new/browser")],
      58 |       destinationBucket: bucket,
      59 |       distribution,

      at new FringeFrontend (lib/constructs/frontend.ts:56:5)
          ...Promise.then.completed in jest-circus...
          at new Promise (:)
          ...jest-circus, node internals, jest-circus, jest-runner...
      Relates to construct:
          <.> (aws-cdk-lib.App)
           └─ TestStack (aws-cdk-lib.Stack)
               └─ Frontend (constructs.Construct)
                   └─ Deploy (aws-cdk-lib.aws_s3_deployment.BucketDeployment)
                       └─ Asset1 (aws-cdk-lib.aws_s3_assets.Asset)
                           └─ Stage (aws-cdk-lib.AssetStaging)

  ● FringeFrontend › BucketDeployment › creates a BucketDeployment custom resource

    «CannotFindAsset» Cannot find asset at /Users/jackschaible/dev/fringe/fringe-client/dist/client-new/browser
        .../Users/jackschaible/dev/fringe/infra/node_modules/aws-cdk-lib/aws-s3-deployment/lib/bucket-deployment.js:1:83 in aws-cdk-lib...
        at Array.map (:)
        ...new BucketDeployment2 in aws-cdk-lib...

      54 |     });
      55 |
    > 56 |     new BucketDeployment(this, "Deploy", {
         |     ^
      57 |       sources: [Source.asset("../fringe-client/dist/client-new/browser")],
      58 |       destinationBucket: bucket,
      59 |       distribution,

      at new FringeFrontend (lib/constructs/frontend.ts:56:5)
          ...Promise.then.completed in jest-circus...
          at new Promise (:)
          ...jest-circus, node internals, jest-circus, jest-runner...
      Relates to construct:
          <.> (aws-cdk-lib.App)
           └─ TestStack (aws-cdk-lib.Stack)
               └─ Frontend (constructs.Construct)
                   └─ Deploy (aws-cdk-lib.aws_s3_deployment.BucketDeployment)
                       └─ Asset1 (aws-cdk-lib.aws_s3_assets.Asset)
                           └─ Stage (aws-cdk-lib.AssetStaging)


  ...a7ad5530ea911de37a935a66e7c9279cfe280487b82d3ca6-building/index.js  1.5kb

⚡ Done in 2ms

  ...c24bc3a426c34b9f5a4cd701047664ae7753a61d38f42da9-building/index.js  1.5kb

⚡ Done in 1ms

  ...62f62ac83241bcd843bb40480b79954dbefd504c19b86e48-building/index.js  1.5kb

⚡ Done in 2ms
Bundling asset TestStack/Auth/PreSignUp/Code/Stage...
Bundling asset FringeStack/Auth/PreSignUp/Code/Stage...
Bundling asset TestStack/Auth/PreSignUp/Code/Stage...
npm warn Unknown env config "npm-globalconfig". This will stop working in the next major version of npm. See `npm help npmrc` for supported config options.
npm warn Unknown env config "dir". This will stop working in the next major version of npm. See `npm help npmrc` for supported config options.
npm warn Unknown env config "verify-deps-before-run". This will stop working in the next major version of npm. See `npm help npmrc` for supported config options.
npm warn Unknown env config "_jsr-registry". This will stop working in the next major version of npm. See `npm help npmrc` for supported config options.

  ...6a92fa857d415aa0e0a57441231aaac3dfde851e7ff468c8-building/index.js  1.2kb

⚡ Done in 262ms
npm warn Unknown env config "npm-globalconfig". This will stop working in the next major version of npm. See `npm help npmrc` for supported config options.
npm warn Unknown env config "dir". This will stop working in the next major version of npm. See `npm help npmrc` for supported config options.
npm warn Unknown env config "verify-deps-before-run". This will stop working in the next major version of npm. See `npm help npmrc` for supported config options.
npm warn Unknown env config "_jsr-registry". This will stop working in the next major version of npm. See `npm help npmrc` for supported config options.
npm warn Unknown env config "npm-globalconfig". This will stop working in the next major version of npm. See `npm help npmrc` for supported config options.
npm warn Unknown env config "dir". This will stop working in the next major version of npm. See `npm help npmrc` for supported config options.
npm warn Unknown env config "verify-deps-before-run". This will stop working in the next major version of npm. See `npm help npmrc` for supported config options.
npm warn Unknown env config "_jsr-registry". This will stop working in the next major version of npm. See `npm help npmrc` for supported config options.
Bundling asset TestStack/Auth/DefineAuthChallenge/Code/Stage...

  ...42db9a7e4ec44fb072ddf706d3e2e55a5c0450932b1bd344-building/index.js  1.2kb

⚡ Done in 1ms

  ...686fb7f661952e5665f012c3b6fdd385ca5f03faece93552-building/index.js  1.2kb

⚡ Done in 1ms
Bundling asset FringeStack/Auth/DefineAuthChallenge/Code/Stage...
Bundling asset TestStack/Auth/DefineAuthChallenge/Code/Stage...
npm warn Unknown env config "npm-globalconfig". This will stop working in the next major version of npm. See `npm help npmrc` for supported config options.
npm warn Unknown env config "dir". This will stop working in the next major version of npm. See `npm help npmrc` for supported config options.
npm warn Unknown env config "verify-deps-before-run". This will stop working in the next major version of npm. See `npm help npmrc` for supported config options.
npm warn Unknown env config "_jsr-registry". This will stop working in the next major version of npm. See `npm help npmrc` for supported config options.
npm warn Unknown env config "npm-globalconfig". This will stop working in the next major version of npm. See `npm help npmrc` for supported config options.
npm warn Unknown env config "dir". This will stop working in the next major version of npm. See `npm help npmrc` for supported config options.
npm warn Unknown env config "verify-deps-before-run". This will stop working in the next major version of npm. See `npm help npmrc` for supported config options.
npm warn Unknown env config "_jsr-registry". This will stop working in the next major version of npm. See `npm help npmrc` for supported config options.
npm warn Unknown env config "npm-globalconfig". This will stop working in the next major version of npm. See `npm help npmrc` for supported config options.
npm warn Unknown env config "dir". This will stop working in the next major version of npm. See `npm help npmrc` for supported config options.
npm warn Unknown env config "verify-deps-before-run". This will stop working in the next major version of npm. See `npm help npmrc` for supported config options.
npm warn Unknown env config "_jsr-registry". This will stop working in the next major version of npm. See `npm help npmrc` for supported config options.

  ...004f4267e1ad395c65a88ca2c967b627b45eae58a45789b3-building/index.js  1.9kb

⚡ Done in 1ms

  ...1c9a69172125e002dbf5bc82475c19d23e3e8626318e8cac-building/index.js  1.9kb

⚡ Done in 1ms
Bundling asset TestStack/Auth/CreateAuthChallenge/Code/Stage...
Bundling asset FringeStack/Auth/CreateAuthChallenge/Code/Stage...

  ...b8bff312d15d647bdb2aace62c066f817c633e13eaa91bd5-building/index.js  1.9kb

⚡ Done in 1ms
Bundling asset TestStack/Auth/CreateAuthChallenge/Code/Stage...
npm warn Unknown env config "npm-globalconfig". This will stop working in the next major version of npm. See `npm help npmrc` for supported config options.
npm warn Unknown env config "dir". This will stop working in the next major version of npm. See `npm help npmrc` for supported config options.
npm warn Unknown env config "verify-deps-before-run". This will stop working in the next major version of npm. See `npm help npmrc` for supported config options.
npm warn Unknown env config "_jsr-registry". This will stop working in the next major version of npm. See `npm help npmrc` for supported config options.
npm warn Unknown env config "npm-globalconfig". This will stop working in the next major version of npm. See `npm help npmrc` for supported config options.
npm warn Unknown env config "dir". This will stop working in the next major version of npm. See `npm help npmrc` for supported config options.
npm warn Unknown env config "verify-deps-before-run". This will stop working in the next major version of npm. See `npm help npmrc` for supported config options.
npm warn Unknown env config "_jsr-registry". This will stop working in the next major version of npm. See `npm help npmrc` for supported config options.
npm warn Unknown env config "npm-globalconfig". This will stop working in the next major version of npm. See `npm help npmrc` for supported config options.
npm warn Unknown env config "dir". This will stop working in the next major version of npm. See `npm help npmrc` for supported config options.
npm warn Unknown env config "verify-deps-before-run". This will stop working in the next major version of npm. See `npm help npmrc` for supported config options.
npm warn Unknown env config "_jsr-registry". This will stop working in the next major version of npm. See `npm help npmrc` for supported config options.

  ...90b9f5eabe2eb8c6369eba925880986786880537e775d83c-building/index.js  2.1kb

⚡ Done in 1ms

  ...997270a428067a24ceba040a021a00225fa4171b63b4f99a-building/index.js  2.1kb

⚡ Done in 1ms

  ...8a9e514a7aaf4dd07955f34bcb9d2f58c53de23c4835e972-building/index.js  2.1kb

⚡ Done in 1ms
Bundling asset FringeStack/Auth/VerifyAuthChallengeResponse/Code/Stage...
Bundling asset TestStack/Auth/VerifyAuthChallengeResponse/Code/Stage...
Bundling asset TestStack/Auth/VerifyAuthChallengeResponse/Code/Stage...
npm warn Unknown env config "npm-globalconfig". This will stop working in the next major version of npm. See `npm help npmrc` for supported config options.
npm warn Unknown env config "npm-globalconfig". This will stop working in the next major version of npm. See `npm help npmrc` for supported config options.
npm warn Unknown env config "dir". This will stop working in the next major version of npm. See `npm help npmrc` for supported config options.
npm warn Unknown env config "verify-deps-before-run". This will stop working in the next major version of npm. See `npm help npmrc` for supported config options.
npm warn Unknown env config "_jsr-registry". This will stop working in the next major version of npm. See `npm help npmrc` for supported config options.
npm warn Unknown env config "dir". This will stop working in the next major version of npm. See `npm help npmrc` for supported config options.
npm warn Unknown env config "verify-deps-before-run". This will stop working in the next major version of npm. See `npm help npmrc` for supported config options.
npm warn Unknown env config "_jsr-registry". This will stop working in the next major version of npm. See `npm help npmrc` for supported config options.
npm warn Unknown env config "npm-globalconfig". This will stop working in the next major version of npm. See `npm help npmrc` for supported config options.
npm warn Unknown env config "dir". This will stop working in the next major version of npm. See `npm help npmrc` for supported config options.
npm warn Unknown env config "verify-deps-before-run". This will stop working in the next major version of npm. See `npm help npmrc` for supported config options.
npm warn Unknown env config "_jsr-registry". This will stop working in the next major version of npm. See `npm help npmrc` for supported config options.

  ...48df00c20c2fa5e908f80659a1f9efb74571cddbe1ce5ebc-building/index.js  1.5kb

⚡ Done in 2ms

  ...256cc66d193cfb87dbda4a008cfe3fa16af5cd0e6d67e497-building/index.js  1.5kb

⚡ Done in 1ms

  ...32e63ab40e174a07cfcf704a33480b3ebbd14e36c10f6bf9-building/index.js  1.5kb

⚡ Done in 1ms
Bundling asset TestStack/Auth/PreSignUp/Code/Stage...
Bundling asset TestStack/Auth/PreSignUp/Code/Stage...
Bundling asset FringeStack/Auth/PreSignUp/Code/Stage...
npm warn Unknown env config "npm-globalconfig". This will stop working in the next major version of npm. See `npm help npmrc` for supported config options.
npm warn Unknown env config "dir". This will stop working in the next major version of npm. See `npm help npmrc` for supported config options.
npm warn Unknown env config "verify-deps-before-run". This will stop working in the next major version of npm. See `npm help npmrc` for supported config options.
npm warn Unknown env config "_jsr-registry". This will stop working in the next major version of npm. See `npm help npmrc` for supported config options.
npm warn Unknown env config "npm-globalconfig". This will stop working in the next major version of npm. See `npm help npmrc` for supported config options.
npm warn Unknown env config "dir". This will stop working in the next major version of npm. See `npm help npmrc` for supported config options.
npm warn Unknown env config "verify-deps-before-run". This will stop working in the next major version of npm. See `npm help npmrc` for supported config options.
npm warn Unknown env config "_jsr-registry". This will stop working in the next major version of npm. See `npm help npmrc` for supported config options.

  ...f6a3f89e6f8c50940aff5ba15742970e3b28270c8565acf6-building/index.js  1.2kb

⚡ Done in 1ms
Bundling asset TestStack/Auth/DefineAuthChallenge/Code/Stage...

  ...99bc8b320f7051fde1c88eaa6633e8b7d411fc0f25f1bebc-building/index.js  1.2kb

⚡ Done in 1ms
Bundling asset TestStack/Auth/DefineAuthChallenge/Code/Stage...
npm warn Unknown env config "npm-globalconfig". This will stop working in the next major version of npm. See `npm help npmrc` for supported config options.
npm warn Unknown env config "dir". This will stop working in the next major version of npm. See `npm help npmrc` for supported config options.
npm warn Unknown env config "verify-deps-before-run". This will stop working in the next major version of npm. See `npm help npmrc` for supported config options.
npm warn Unknown env config "_jsr-registry". This will stop working in the next major version of npm. See `npm help npmrc` for supported config options.

  ...3dfa18d5f384cd13e387bbe64a7f01d9142c4b4fbbd7df28-building/index.js  1.2kb

⚡ Done in 1ms
Bundling asset FringeStack/Auth/DefineAuthChallenge/Code/Stage...
npm warn Unknown env config "npm-globalconfig". This will stop working in the next major version of npm. See `npm help npmrc` for supported config options.
npm warn Unknown env config "dir". This will stop working in the next major version of npm. See `npm help npmrc` for supported config options.
npm warn Unknown env config "verify-deps-before-run". This will stop working in the next major version of npm. See `npm help npmrc` for supported config options.
npm warn Unknown env config "_jsr-registry". This will stop working in the next major version of npm. See `npm help npmrc` for supported config options.
npm warn Unknown env config "npm-globalconfig". This will stop working in the next major version of npm. See `npm help npmrc` for supported config options.
npm warn Unknown env config "dir". This will stop working in the next major version of npm. See `npm help npmrc` for supported config options.
npm warn Unknown env config "verify-deps-before-run". This will stop working in the next major version of npm. See `npm help npmrc` for supported config options.
npm warn Unknown env config "_jsr-registry". This will stop working in the next major version of npm. See `npm help npmrc` for supported config options.

  ...ef6015448421a1b6ee5d8839494fe30d4e0587ff4bca3ef2-building/index.js  1.9kb

⚡ Done in 1ms

  ...c69be73973756cbaf2a60412525bb8f845486716198e0b01-building/index.js  1.9kb

⚡ Done in 1ms
Bundling asset TestStack/Auth/CreateAuthChallenge/Code/Stage...
Bundling asset TestStack/Auth/CreateAuthChallenge/Code/Stage...
npm warn Unknown env config "npm-globalconfig". This will stop working in the next major version of npm. See `npm help npmrc` for supported config options.
npm warn Unknown env config "dir". This will stop working in the next major version of npm. See `npm help npmrc` for supported config options.
npm warn Unknown env config "verify-deps-before-run". This will stop working in the next major version of npm. See `npm help npmrc` for supported config options.
npm warn Unknown env config "_jsr-registry". This will stop working in the next major version of npm. See `npm help npmrc` for supported config options.

  ...2560765d3a3c0d7e726e5064efe3950b6527c573e0b1fedd-building/index.js  1.9kb

⚡ Done in 1ms
Bundling asset FringeStack/Auth/CreateAuthChallenge/Code/Stage...
npm warn Unknown env config "npm-globalconfig". This will stop working in the next major version of npm. See `npm help npmrc` for supported config options.
npm warn Unknown env config "npm-globalconfig". This will stop working in the next major version of npm. See `npm help npmrc` for supported config options.
npm warn Unknown env config "dir". This will stop working in the next major version of npm. See `npm help npmrc` for supported config options.
npm warn Unknown env config "verify-deps-before-run". This will stop working in the next major version of npm. See `npm help npmrc` for supported config options.
npm warn Unknown env config "dir". This will stop working in the next major version of npm. See `npm help npmrc` for supported config options.
npm warn Unknown env config "verify-deps-before-run". This will stop working in the next major version of npm. See `npm help npmrc` for supported config options.
npm warn Unknown env config "_jsr-registry". This will stop working in the next major version of npm. See `npm help npmrc` for supported config options.
npm warn Unknown env config "_jsr-registry". This will stop working in the next major version of npm. See `npm help npmrc` for supported config options.

  ...cb649f8e9f069cc812668fc73c895791e291779c575a1cf7-building/index.js  2.1kb

⚡ Done in 1ms

  ...b3219a39c4752598e49521d2c09d2257de1fbdb768fdffb6-building/index.js  2.1kb

⚡ Done in 1ms
Bundling asset TestStack/Auth/VerifyAuthChallengeResponse/Code/Stage...
Bundling asset TestStack/Auth/VerifyAuthChallengeResponse/Code/Stage...
npm warn Unknown env config "npm-globalconfig". This will stop working in the next major version of npm. See `npm help npmrc` for supported config options.
npm warn Unknown env config "dir". This will stop working in the next major version of npm. See `npm help npmrc` for supported config options.
npm warn Unknown env config "verify-deps-before-run". This will stop working in the next major version of npm. See `npm help npmrc` for supported config options.
npm warn Unknown env config "_jsr-registry". This will stop working in the next major version of npm. See `npm help npmrc` for supported config options.

  ...71d7639a5b673b9e1340ab5ac4dfd5666784a4a270fd1d33-building/index.js  2.1kb

⚡ Done in 1ms
Bundling asset FringeStack/Auth/VerifyAuthChallengeResponse/Code/Stage...
npm warn Unknown env config "npm-globalconfig". This will stop working in the next major version of npm. See `npm help npmrc` for supported config options.
npm warn Unknown env config "dir". This will stop working in the next major version of npm. See `npm help npmrc` for supported config options.
npm warn Unknown env config "verify-deps-before-run". This will stop working in the next major version of npm. See `npm help npmrc` for supported config options.
npm warn Unknown env config "_jsr-registry". This will stop working in the next major version of npm. See `npm help npmrc` for supported config options.
npm warn Unknown env config "npm-globalconfig". This will stop working in the next major version of npm. See `npm help npmrc` for supported config options.
npm warn Unknown env config "dir". This will stop working in the next major version of npm. See `npm help npmrc` for supported config options.
npm warn Unknown env config "verify-deps-before-run". This will stop working in the next major version of npm. See `npm help npmrc` for supported config options.
npm warn Unknown env config "_jsr-registry". This will stop working in the next major version of npm. See `npm help npmrc` for supported config options.

  ...fe9148a4681af287fa45d99cc894c80784a707f7b0c5a771-building/index.js  1.5kb

⚡ Done in 1ms

  ...be35f1a752323ff3188b6b70853df57c21f4fc394568f0e1-building/index.js  1.5kb

⚡ Done in 1ms
Bundling asset TestStack/Auth/PreSignUp/Code/Stage...
npm warn Unknown env config "npm-globalconfig". This will stop working in the next major version of npm. See `npm help npmrc` for supported config options.
npm warn Unknown env config "dir". This will stop working in the next major version of npm. See `npm help npmrc` for supported config options.
npm warn Unknown env config "verify-deps-before-run". This will stop working in the next major version of npm. See `npm help npmrc` for supported config options.
npm warn Unknown env config "_jsr-registry". This will stop working in the next major version of npm. See `npm help npmrc` for supported config options.
Bundling asset TestStack/Auth/PreSignUp/Code/Stage...

  ...8d7ff1eaaabebc10199e533228e923b16cb303e9b6a43e59-building/index.js  1.5kb

⚡ Done in 1ms
Bundling asset FringeStack/Auth/PreSignUp/Code/Stage...
npm warn Unknown env config "npm-globalconfig". This will stop working in the next major version of npm. See `npm help npmrc` for supported config options.
npm warn Unknown env config "dir". This will stop working in the next major version of npm. See `npm help npmrc` for supported config options.
npm warn Unknown env config "verify-deps-before-run". This will stop working in the next major version of npm. See `npm help npmrc` for supported config options.
npm warn Unknown env config "_jsr-registry". This will stop working in the next major version of npm. See `npm help npmrc` for supported config options.
npm warn Unknown env config "npm-globalconfig". This will stop working in the next major version of npm. See `npm help npmrc` for supported config options.
npm warn Unknown env config "dir". This will stop working in the next major version of npm. See `npm help npmrc` for supported config options.
npm warn Unknown env config "verify-deps-before-run". This will stop working in the next major version of npm. See `npm help npmrc` for supported config options.
npm warn Unknown env config "_jsr-registry". This will stop working in the next major version of npm. See `npm help npmrc` for supported config options.

  ...d6315b28c89769dbb827ccf951cb331ad0b86a84e24cc2c2-building/index.js  1.2kb

⚡ Done in 1ms

  ...41d2e6561fee320a806bdcd39fd2232830b478053d8491ac-building/index.js  1.2kb

⚡ Done in 1ms
Bundling asset TestStack/Auth/DefineAuthChallenge/Code/Stage...
Bundling asset TestStack/Auth/DefineAuthChallenge/Code/Stage...
npm warn Unknown env config "npm-globalconfig". This will stop working in the next major version of npm. See `npm help npmrc` for supported config options.
npm warn Unknown env config "dir". This will stop working in the next major version of npm. See `npm help npmrc` for supported config options.
npm warn Unknown env config "verify-deps-before-run". This will stop working in the next major version of npm. See `npm help npmrc` for supported config options.
npm warn Unknown env config "_jsr-registry". This will stop working in the next major version of npm. See `npm help npmrc` for supported config options.

  ...dbc398bc45fcfe08b0c20b6a3681d8d8c22b76d7d750a8b2-building/index.js  1.2kb

⚡ Done in 1ms
Bundling asset FringeStack/Auth/DefineAuthChallenge/Code/Stage...
npm warn Unknown env config "npm-globalconfig". This will stop working in the next major version of npm. See `npm help npmrc` for supported config options.
npm warn Unknown env config "dir". This will stop working in the next major version of npm. See `npm help npmrc` for supported config options.
npm warn Unknown env config "verify-deps-before-run". This will stop working in the next major version of npm. See `npm help npmrc` for supported config options.
npm warn Unknown env config "_jsr-registry". This will stop working in the next major version of npm. See `npm help npmrc` for supported config options.
npm warn Unknown env config "npm-globalconfig". This will stop working in the next major version of npm. See `npm help npmrc` for supported config options.
npm warn Unknown env config "dir". This will stop working in the next major version of npm. See `npm help npmrc` for supported config options.
npm warn Unknown env config "verify-deps-before-run". This will stop working in the next major version of npm. See `npm help npmrc` for supported config options.
npm warn Unknown env config "_jsr-registry". This will stop working in the next major version of npm. See `npm help npmrc` for supported config options.

  ...3e414b5a7746ca93d17614cd8a05a81a4102a1d65d6420c2-building/index.js  1.9kb

⚡ Done in 1ms

  ...b526a83c89ff7e39f780d5b803f0f7b9c4fcd2473c08d817-building/index.js  1.9kb

⚡ Done in 1ms
Bundling asset TestStack/Auth/CreateAuthChallenge/Code/Stage...
Bundling asset TestStack/Auth/CreateAuthChallenge/Code/Stage...
npm warn Unknown env config "npm-globalconfig". This will stop working in the next major version of npm. See `npm help npmrc` for supported config options.
npm warn Unknown env config "dir". This will stop working in the next major version of npm. See `npm help npmrc` for supported config options.
npm warn Unknown env config "verify-deps-before-run". This will stop working in the next major version of npm. See `npm help npmrc` for supported config options.
npm warn Unknown env config "_jsr-registry". This will stop working in the next major version of npm. See `npm help npmrc` for supported config options.

  ...18e24d8d16a5c6be6353b782c8e720e68c69f06bc6360a14-building/index.js  1.9kb

⚡ Done in 1ms
Bundling asset FringeStack/Auth/CreateAuthChallenge/Code/Stage...
npm warn Unknown env config "npm-globalconfig". This will stop working in the next major version of npm. See `npm help npmrc` for supported config options.
npm warn Unknown env config "dir". This will stop working in the next major version of npm. See `npm help npmrc` for supported config options.
npm warn Unknown env config "verify-deps-before-run". This will stop working in the next major version of npm. See `npm help npmrc` for supported config options.
npm warn Unknown env config "_jsr-registry". This will stop working in the next major version of npm. See `npm help npmrc` for supported config options.
npm warn Unknown env config "npm-globalconfig". This will stop working in the next major version of npm. See `npm help npmrc` for supported config options.
npm warn Unknown env config "dir". This will stop working in the next major version of npm. See `npm help npmrc` for supported config options.
npm warn Unknown env config "verify-deps-before-run". This will stop working in the next major version of npm. See `npm help npmrc` for supported config options.
npm warn Unknown env config "_jsr-registry". This will stop working in the next major version of npm. See `npm help npmrc` for supported config options.

  ...d674fd04d46f50022431968f7408d56b00c74ed32a4cdafd-building/index.js  2.1kb

⚡ Done in 1ms

  ...9a82cc4aaac42ce2f504ddd242de44016164d1211d749fb7-building/index.js  2.1kb

⚡ Done in 1ms
Bundling asset TestStack/Auth/VerifyAuthChallengeResponse/Code/Stage...
Bundling asset TestStack/Auth/VerifyAuthChallengeResponse/Code/Stage...
npm warn Unknown env config "npm-globalconfig". This will stop working in the next major version of npm. See `npm help npmrc` for supported config options.
npm warn Unknown env config "dir". This will stop working in the next major version of npm. See `npm help npmrc` for supported config options.
npm warn Unknown env config "verify-deps-before-run". This will stop working in the next major version of npm. See `npm help npmrc` for supported config options.
npm warn Unknown env config "_jsr-registry". This will stop working in the next major version of npm. See `npm help npmrc` for supported config options.

  ...672368b564ae1ef509f6019fd6b173e6b8e6fa48cd203409-building/index.js  2.1kb

⚡ Done in 1ms
Bundling asset FringeStack/Auth/VerifyAuthChallengeResponse/Code/Stage...
npm warn Unknown env config "npm-globalconfig". This will stop working in the next major version of npm. See `npm help npmrc` for supported config options.
npm warn Unknown env config "dir". This will stop working in the next major version of npm. See `npm help npmrc` for supported config options.
npm warn Unknown env config "verify-deps-before-run". This will stop working in the next major version of npm. See `npm help npmrc` for supported config options.
npm warn Unknown env config "_jsr-registry". This will stop working in the next major version of npm. See `npm help npmrc` for supported config options.
npm warn Unknown env config "npm-globalconfig". This will stop working in the next major version of npm. See `npm help npmrc` for supported config options.
npm warn Unknown env config "dir". This will stop working in the next major version of npm. See `npm help npmrc` for supported config options.
npm warn Unknown env config "verify-deps-before-run". This will stop working in the next major version of npm. See `npm help npmrc` for supported config options.
npm warn Unknown env config "_jsr-registry". This will stop working in the next major version of npm. See `npm help npmrc` for supported config options.

  ...6fbd17b44626cbc19fb7b139c3e9758e0a8371acf0b1fae2-building/index.js  1.5kb

⚡ Done in 1ms

  ...a8d1bf6db73dcdd2ac51dacd1a0c88fe37b6c9b6b1568f13-building/index.js  1.5kb

⚡ Done in 2ms
Bundling asset TestStack/Auth/PreSignUp/Code/Stage...
Bundling asset TestStack/Auth/PreSignUp/Code/Stage...
npm warn Unknown env config "npm-globalconfig". This will stop working in the next major version of npm. See `npm help npmrc` for supported config options.
npm warn Unknown env config "dir". This will stop working in the next major version of npm. See `npm help npmrc` for supported config options.
npm warn Unknown env config "verify-deps-before-run". This will stop working in the next major version of npm. See `npm help npmrc` for supported config options.
npm warn Unknown env config "_jsr-registry". This will stop working in the next major version of npm. See `npm help npmrc` for supported config options.

  ...fe988757d1607f174c3585fa7496a968f962e90d4493690a-building/index.js  1.5kb

⚡ Done in 1ms
npm warn Unknown env config "npm-globalconfig". This will stop working in the next major version of npm. See `npm help npmrc` for supported config options.
npm warn Unknown env config "dir". This will stop working in the next major version of npm. See `npm help npmrc` for supported config options.
npm warn Unknown env config "verify-deps-before-run". This will stop working in the next major version of npm. See `npm help npmrc` for supported config options.
npm warn Unknown env config "_jsr-registry". This will stop working in the next major version of npm. See `npm help npmrc` for supported config options.
npm warn Unknown env config "npm-globalconfig". This will stop working in the next major version of npm. See `npm help npmrc` for supported config options.
npm warn Unknown env config "dir". This will stop working in the next major version of npm. See `npm help npmrc` for supported config options.
npm warn Unknown env config "verify-deps-before-run". This will stop working in the next major version of npm. See `npm help npmrc` for supported config options.
npm warn Unknown env config "_jsr-registry". This will stop working in the next major version of npm. See `npm help npmrc` for supported config options.

  ...0a4f0c5f78d478577bf7bf8acd7aad2dd51fb45e6eda052c-building/index.js  1.2kb

⚡ Done in 1ms

  ...1a712c9beea27116c53ba64c2e7b389306cfb4158cb67c2b-building/index.js  1.2kb

⚡ Done in 1ms
Bundling asset TestStack/Auth/DefineAuthChallenge/Code/Stage...
Bundling asset TestStack/Auth/DefineAuthChallenge/Code/Stage...
Bundling asset FringeStack/Auth/PreSignUp/Code/Stage...
npm warn Unknown env config "npm-globalconfig". This will stop working in the next major version of npm. See `npm help npmrc` for supported config options.
npm warn Unknown env config "dir". This will stop working in the next major version of npm. See `npm help npmrc` for supported config options.
npm warn Unknown env config "verify-deps-before-run". This will stop working in the next major version of npm. See `npm help npmrc` for supported config options.
npm warn Unknown env config "_jsr-registry". This will stop working in the next major version of npm. See `npm help npmrc` for supported config options.
npm warn Unknown env config "npm-globalconfig". This will stop working in the next major version of npm. See `npm help npmrc` for supported config options.
npm warn Unknown env config "dir". This will stop working in the next major version of npm. See `npm help npmrc` for supported config options.
npm warn Unknown env config "verify-deps-before-run". This will stop working in the next major version of npm. See `npm help npmrc` for supported config options.
npm warn Unknown env config "_jsr-registry". This will stop working in the next major version of npm. See `npm help npmrc` for supported config options.

  ...ffd5429fe70fa70a7e5793cdf44123b58624dcfea852b4c6-building/index.js  1.9kb

⚡ Done in 2ms

  ...460b17a6743f75a3ee76a701f6f5a19fe3ae69c4243143d9-building/index.js  1.9kb

⚡ Done in 4ms
Bundling asset TestStack/Auth/CreateAuthChallenge/Code/Stage...
Bundling asset TestStack/Auth/CreateAuthChallenge/Code/Stage...
npm warn Unknown env config "npm-globalconfig". This will stop working in the next major version of npm. See `npm help npmrc` for supported config options.
npm warn Unknown env config "dir". This will stop working in the next major version of npm. See `npm help npmrc` for supported config options.
npm warn Unknown env config "verify-deps-before-run". This will stop working in the next major version of npm. See `npm help npmrc` for supported config options.
npm warn Unknown env config "_jsr-registry". This will stop working in the next major version of npm. See `npm help npmrc` for supported config options.

  ...46e1eae2cdb25db772c29b5a10000e7d0749c80b0557c5c5-building/index.js  1.2kb

⚡ Done in 1ms
Bundling asset FringeStack/Auth/DefineAuthChallenge/Code/Stage...
npm warn Unknown env config "npm-globalconfig". This will stop working in the next major version of npm. See `npm help npmrc` for supported config options.
npm warn Unknown env config "dir". This will stop working in the next major version of npm. See `npm help npmrc` for supported config options.
npm warn Unknown env config "verify-deps-before-run". This will stop working in the next major version of npm. See `npm help npmrc` for supported config options.
npm warn Unknown env config "_jsr-registry". This will stop working in the next major version of npm. See `npm help npmrc` for supported config options.
npm warn Unknown env config "npm-globalconfig". This will stop working in the next major version of npm. See `npm help npmrc` for supported config options.
npm warn Unknown env config "dir". This will stop working in the next major version of npm. See `npm help npmrc` for supported config options.
npm warn Unknown env config "verify-deps-before-run". This will stop working in the next major version of npm. See `npm help npmrc` for supported config options.
npm warn Unknown env config "_jsr-registry". This will stop working in the next major version of npm. See `npm help npmrc` for supported config options.

  ...f943574272b42ee8e2f807ed297e5cfe0d1bf24d9eae8896-building/index.js  2.1kb

⚡ Done in 1ms

  ...022ff40048a827f6bbebdfbb2adf8fb4279fa414d48571c5-building/index.js  2.1kb

⚡ Done in 1ms
Bundling asset TestStack/Auth/VerifyAuthChallengeResponse/Code/Stage...
Bundling asset TestStack/Auth/VerifyAuthChallengeResponse/Code/Stage...
npm warn Unknown env config "npm-globalconfig". This will stop working in the next major version of npm. See `npm help npmrc` for supported config options.
npm warn Unknown env config "dir". This will stop working in the next major version of npm. See `npm help npmrc` for supported config options.
npm warn Unknown env config "verify-deps-before-run". This will stop working in the next major version of npm. See `npm help npmrc` for supported config options.
npm warn Unknown env config "_jsr-registry". This will stop working in the next major version of npm. See `npm help npmrc` for supported config options.

  ...08c36cc6b3bbabc2d4e2824dbf9659ae88c44c7b6a811fce-building/index.js  1.9kb

⚡ Done in 1ms
Bundling asset FringeStack/Auth/CreateAuthChallenge/Code/Stage...
npm warn Unknown env config "npm-globalconfig". This will stop working in the next major version of npm. See `npm help npmrc` for supported config options.
npm warn Unknown env config "dir". This will stop working in the next major version of npm. See `npm help npmrc` for supported config options.
npm warn Unknown env config "verify-deps-before-run". This will stop working in the next major version of npm. See `npm help npmrc` for supported config options.
npm warn Unknown env config "_jsr-registry". This will stop working in the next major version of npm. See `npm help npmrc` for supported config options.
npm warn Unknown env config "npm-globalconfig". This will stop working in the next major version of npm. See `npm help npmrc` for supported config options.
npm warn Unknown env config "dir". This will stop working in the next major version of npm. See `npm help npmrc` for supported config options.
npm warn Unknown env config "verify-deps-before-run". This will stop working in the next major version of npm. See `npm help npmrc` for supported config options.
npm warn Unknown env config "_jsr-registry". This will stop working in the next major version of npm. See `npm help npmrc` for supported config options.
npm warn Unknown env config "npm-globalconfig". This will stop working in the next major version of npm. See `npm help npmrc` for supported config options.
npm warn Unknown env config "dir". This will stop working in the next major version of npm. See `npm help npmrc` for supported config options.
npm warn Unknown env config "verify-deps-before-run". This will stop working in the next major version of npm. See `npm help npmrc` for supported config options.
npm warn Unknown env config "_jsr-registry". This will stop working in the next major version of npm. See `npm help npmrc` for supported config options.

  ...96f4c8ee62f330eb76b11401ef69fbcc3a732dd7e0daf67b-building/index.js  1.5kb

⚡ Done in 1ms

  ...c9f1a74b19978f3280bb223f3db56c2e96be8cc3b57fbc59-building/index.js  1.5kb

⚡ Done in 1ms
Bundling asset TestStack/Auth/PreSignUp/Code/Stage...

  ...343e100db9eeb4d23d1ee2d5f809a147eb7f36daa838b3af-building/index.js  2.1kb

⚡ Done in 3ms
Bundling asset FringeStack/Auth/VerifyAuthChallengeResponse/Code/Stage...
Bundling asset TestStack/Auth/PreSignUp/Code/Stage...
npm warn Unknown env config "npm-globalconfig". This will stop working in the next major version of npm. See `npm help npmrc` for supported config options.
npm warn Unknown env config "dir". This will stop working in the next major version of npm. See `npm help npmrc` for supported config options.
npm warn Unknown env config "verify-deps-before-run". This will stop working in the next major version of npm. See `npm help npmrc` for supported config options.
npm warn Unknown env config "_jsr-registry". This will stop working in the next major version of npm. See `npm help npmrc` for supported config options.
npm warn Unknown env config "npm-globalconfig". This will stop working in the next major version of npm. See `npm help npmrc` for supported config options.
npm warn Unknown env config "dir". This will stop working in the next major version of npm. See `npm help npmrc` for supported config options.
npm warn Unknown env config "verify-deps-before-run". This will stop working in the next major version of npm. See `npm help npmrc` for supported config options.
npm warn Unknown env config "_jsr-registry". This will stop working in the next major version of npm. See `npm help npmrc` for supported config options.
npm warn Unknown env config "npm-globalconfig". This will stop working in the next major version of npm. See `npm help npmrc` for supported config options.
npm warn Unknown env config "dir". This will stop working in the next major version of npm. See `npm help npmrc` for supported config options.
npm warn Unknown env config "verify-deps-before-run". This will stop working in the next major version of npm. See `npm help npmrc` for supported config options.
npm warn Unknown env config "_jsr-registry". This will stop working in the next major version of npm. See `npm help npmrc` for supported config options.

  ...d2d34f06b56f4de4d2e5cb319433aff4b8ac9077301dc8db-building/index.js  1.2kb

⚡ Done in 1ms

  ...502ddd4073a3b530cceeb0ebe082f2caca6d71774c1ae64f-building/index.js  1.2kb

⚡ Done in 1ms

  ...3cd26a10ccdb2a50a3f0f198a6269557b581e5e2747e8219-building/index.js  1.5kb

⚡ Done in 1ms
Bundling asset TestStack/Auth/DefineAuthChallenge/Code/Stage...
Bundling asset TestStack/Auth/DefineAuthChallenge/Code/Stage...
Bundling asset FringeStack/Auth/PreSignUp/Code/Stage...
npm warn Unknown env config "npm-globalconfig". This will stop working in the next major version of npm. See `npm help npmrc` for supported config options.
npm warn Unknown env config "npm-globalconfig". This will stop working in the next major version of npm. See `npm help npmrc` for supported config options.
npm warn Unknown env config "dir". This will stop working in the next major version of npm. See `npm help npmrc` for supported config options.
npm warn Unknown env config "verify-deps-before-run". This will stop working in the next major version of npm. See `npm help npmrc` for supported config options.
npm warn Unknown env config "_jsr-registry". This will stop working in the next major version of npm. See `npm help npmrc` for supported config options.
npm warn Unknown env config "dir". This will stop working in the next major version of npm. See `npm help npmrc` for supported config options.
npm warn Unknown env config "verify-deps-before-run". This will stop working in the next major version of npm. See `npm help npmrc` for supported config options.
npm warn Unknown env config "_jsr-registry". This will stop working in the next major version of npm. See `npm help npmrc` for supported config options.

  ...945a6892a0336e869ddcaedaccfabb02378d28e55a3e3ca5-building/index.js  1.9kb

⚡ Done in 1ms

  ...be706cc4793161f6f2f6289f9a3c344dc65c5f759ac5048c-building/index.js  1.9kb

⚡ Done in 2ms
Bundling asset TestStack/Auth/CreateAuthChallenge/Code/Stage...
Bundling asset TestStack/Auth/CreateAuthChallenge/Code/Stage...
npm warn Unknown env config "npm-globalconfig". This will stop working in the next major version of npm. See `npm help npmrc` for supported config options.
npm warn Unknown env config "dir". This will stop working in the next major version of npm. See `npm help npmrc` for supported config options.
npm warn Unknown env config "verify-deps-before-run". This will stop working in the next major version of npm. See `npm help npmrc` for supported config options.
npm warn Unknown env config "_jsr-registry". This will stop working in the next major version of npm. See `npm help npmrc` for supported config options.

  ...66c8f679a3ef8c8274ed2a1cbe39dd877bea3bddedea87b4-building/index.js  1.2kb

⚡ Done in 1ms
Bundling asset FringeStack/Auth/DefineAuthChallenge/Code/Stage...
npm warn Unknown env config "npm-globalconfig". This will stop working in the next major version of npm. See `npm help npmrc` for supported config options.
npm warn Unknown env config "dir". This will stop working in the next major version of npm. See `npm help npmrc` for supported config options.
npm warn Unknown env config "verify-deps-before-run". This will stop working in the next major version of npm. See `npm help npmrc` for supported config options.
npm warn Unknown env config "_jsr-registry". This will stop working in the next major version of npm. See `npm help npmrc` for supported config options.
npm warn Unknown env config "npm-globalconfig". This will stop working in the next major version of npm. See `npm help npmrc` for supported config options.
npm warn Unknown env config "dir". This will stop working in the next major version of npm. See `npm help npmrc` for supported config options.
npm warn Unknown env config "verify-deps-before-run". This will stop working in the next major version of npm. See `npm help npmrc` for supported config options.
npm warn Unknown env config "_jsr-registry". This will stop working in the next major version of npm. See `npm help npmrc` for supported config options.
npm warn Unknown env config "npm-globalconfig". This will stop working in the next major version of npm. See `npm help npmrc` for supported config options.
npm warn Unknown env config "dir". This will stop working in the next major version of npm. See `npm help npmrc` for supported config options.
npm warn Unknown env config "verify-deps-before-run". This will stop working in the next major version of npm. See `npm help npmrc` for supported config options.
npm warn Unknown env config "_jsr-registry". This will stop working in the next major version of npm. See `npm help npmrc` for supported config options.

  ...45e4ee8ece478150bf96fffee3f8410c49628d7279745677-building/index.js  2.1kb

⚡ Done in 1ms

  ...1abeca8970e7cd5d0c155a5d126966ba9b7e42ac5d7ab3aa-building/index.js  2.1kb

⚡ Done in 1ms
Bundling asset TestStack/Auth/VerifyAuthChallengeResponse/Code/Stage...
Bundling asset TestStack/Auth/VerifyAuthChallengeResponse/Code/Stage...

  ...6538a88d6df7044fe13cbe6c9b862804f747764ecbb31c65-building/index.js  1.9kb

⚡ Done in 1ms
Bundling asset FringeStack/Auth/CreateAuthChallenge/Code/Stage...
npm warn Unknown env config "npm-globalconfig". This will stop working in the next major version of npm. See `npm help npmrc` for supported config options.
npm warn Unknown env config "dir". This will stop working in the next major version of npm. See `npm help npmrc` for supported config options.
npm warn Unknown env config "verify-deps-before-run". This will stop working in the next major version of npm. See `npm help npmrc` for supported config options.
npm warn Unknown env config "_jsr-registry". This will stop working in the next major version of npm. See `npm help npmrc` for supported config options.
npm warn Unknown env config "npm-globalconfig". This will stop working in the next major version of npm. See `npm help npmrc` for supported config options.
npm warn Unknown env config "dir". This will stop working in the next major version of npm. See `npm help npmrc` for supported config options.
npm warn Unknown env config "verify-deps-before-run". This will stop working in the next major version of npm. See `npm help npmrc` for supported config options.
npm warn Unknown env config "_jsr-registry". This will stop working in the next major version of npm. See `npm help npmrc` for supported config options.
npm warn Unknown env config "npm-globalconfig". This will stop working in the next major version of npm. See `npm help npmrc` for supported config options.
npm warn Unknown env config "dir". This will stop working in the next major version of npm. See `npm help npmrc` for supported config options.
npm warn Unknown env config "verify-deps-before-run". This will stop working in the next major version of npm. See `npm help npmrc` for supported config options.
npm warn Unknown env config "_jsr-registry". This will stop working in the next major version of npm. See `npm help npmrc` for supported config options.

  ...c0a0f52b80c7860e64b16da0a8a62fc1008478691dec40d3-building/index.js  1.5kb

⚡ Done in 1ms

  ...5a86eff0691c4595a0cb2ffe076f96f38c1762cd7d6094e3-building/index.js  1.5kb

⚡ Done in 1ms

  ...74fd01760c31ca2f5ca8daf1ce2c8576abc36dac8ba30aaf-building/index.js  2.1kb

⚡ Done in 1ms
Bundling asset FringeStack/Auth/VerifyAuthChallengeResponse/Code/Stage...
Bundling asset TestStack/Auth/PreSignUp/Code/Stage...
Bundling asset TestStack/Auth/PreSignUp/Code/Stage...
npm warn Unknown env config "npm-globalconfig". This will stop working in the next major version of npm. See `npm help npmrc` for supported config options.
npm warn Unknown env config "dir". This will stop working in the next major version of npm. See `npm help npmrc` for supported config options.
npm warn Unknown env config "verify-deps-before-run". This will stop working in the next major version of npm. See `npm help npmrc` for supported config options.
npm warn Unknown env config "_jsr-registry". This will stop working in the next major version of npm. See `npm help npmrc` for supported config options.
npm warn Unknown env config "npm-globalconfig". This will stop working in the next major version of npm. See `npm help npmrc` for supported config options.
npm warn Unknown env config "dir". This will stop working in the next major version of npm. See `npm help npmrc` for supported config options.
npm warn Unknown env config "verify-deps-before-run". This will stop working in the next major version of npm. See `npm help npmrc` for supported config options.
npm warn Unknown env config "_jsr-registry". This will stop working in the next major version of npm. See `npm help npmrc` for supported config options.
npm warn Unknown env config "npm-globalconfig". This will stop working in the next major version of npm. See `npm help npmrc` for supported config options.
npm warn Unknown env config "dir". This will stop working in the next major version of npm. See `npm help npmrc` for supported config options.
npm warn Unknown env config "verify-deps-before-run". This will stop working in the next major version of npm. See `npm help npmrc` for supported config options.
npm warn Unknown env config "_jsr-registry". This will stop working in the next major version of npm. See `npm help npmrc` for supported config options.

  ...c9074a92a1576479ffc94e1dd81664492c7a42ca2dd077f8-building/index.js  1.5kb

⚡ Done in 1ms

  ...bd412191d321461db6db231aeb5c26f4c29b310ff5e1c273-building/index.js  1.2kb

⚡ Done in 1ms

  ...22f292dea8912185ad5970f51a987a2b2a65dc681e53b6bd-building/index.js  1.2kb

⚡ Done in 1ms
Bundling asset TestStack/Auth/DefineAuthChallenge/Code/Stage...
Bundling asset TestStack/Auth/DefineAuthChallenge/Code/Stage...
Bundling asset FringeStack/Auth/PreSignUp/Code/Stage...
npm warn Unknown env config "npm-globalconfig". This will stop working in the next major version of npm. See `npm help npmrc` for supported config options.
npm warn Unknown env config "dir". This will stop working in the next major version of npm. See `npm help npmrc` for supported config options.
npm warn Unknown env config "verify-deps-before-run". This will stop working in the next major version of npm. See `npm help npmrc` for supported config options.
npm warn Unknown env config "_jsr-registry". This will stop working in the next major version of npm. See `npm help npmrc` for supported config options.
npm warn Unknown env config "npm-globalconfig". This will stop working in the next major version of npm. See `npm help npmrc` for supported config options.
npm warn Unknown env config "dir". This will stop working in the next major version of npm. See `npm help npmrc` for supported config options.
npm warn Unknown env config "verify-deps-before-run". This will stop working in the next major version of npm. See `npm help npmrc` for supported config options.
npm warn Unknown env config "_jsr-registry". This will stop working in the next major version of npm. See `npm help npmrc` for supported config options.

  ...5d2fdff2ce8bdaee0bc696f4b8be090aeb9dc449a4010f08-building/index.js  1.9kb

⚡ Done in 1ms

  ...738b0d23a18a01cc49d80fed73fa97a1a09dcdf24ac232eb-building/index.js  1.9kb

⚡ Done in 1ms
Bundling asset TestStack/Auth/CreateAuthChallenge/Code/Stage...
Bundling asset TestStack/Auth/CreateAuthChallenge/Code/Stage...
npm warn Unknown env config "npm-globalconfig". This will stop working in the next major version of npm. See `npm help npmrc` for supported config options.
npm warn Unknown env config "dir". This will stop working in the next major version of npm. See `npm help npmrc` for supported config options.
npm warn Unknown env config "verify-deps-before-run". This will stop working in the next major version of npm. See `npm help npmrc` for supported config options.
npm warn Unknown env config "_jsr-registry". This will stop working in the next major version of npm. See `npm help npmrc` for supported config options.

  ...63172cc0042c8d1a2b4f8a51d89c7178969f780ae9d50ef8-building/index.js  1.2kb

⚡ Done in 1ms
Bundling asset FringeStack/Auth/DefineAuthChallenge/Code/Stage...
npm warn Unknown env config "npm-globalconfig". This will stop working in the next major version of npm. See `npm help npmrc` for supported config options.
npm warn Unknown env config "dir". This will stop working in the next major version of npm. See `npm help npmrc` for supported config options.
npm warn Unknown env config "verify-deps-before-run". This will stop working in the next major version of npm. See `npm help npmrc` for supported config options.
npm warn Unknown env config "_jsr-registry". This will stop working in the next major version of npm. See `npm help npmrc` for supported config options.
npm warn Unknown env config "npm-globalconfig". This will stop working in the next major version of npm. See `npm help npmrc` for supported config options.
npm warn Unknown env config "dir". This will stop working in the next major version of npm. See `npm help npmrc` for supported config options.
npm warn Unknown env config "verify-deps-before-run". This will stop working in the next major version of npm. See `npm help npmrc` for supported config options.
npm warn Unknown env config "_jsr-registry". This will stop working in the next major version of npm. See `npm help npmrc` for supported config options.

  ...2433e81882ea2100f55f3d280d5d488bf7463d71e4224441-building/index.js  2.1kb

⚡ Done in 1ms

  ...5de6aecd0432b8ac23c598693fab39b35589968872997da0-building/index.js  2.1kb

⚡ Done in 1ms
Bundling asset TestStack/Auth/VerifyAuthChallengeResponse/Code/Stage...
Bundling asset TestStack/Auth/VerifyAuthChallengeResponse/Code/Stage...
npm warn Unknown env config "npm-globalconfig". This will stop working in the next major version of npm. See `npm help npmrc` for supported config options.
npm warn Unknown env config "dir". This will stop working in the next major version of npm. See `npm help npmrc` for supported config options.
npm warn Unknown env config "verify-deps-before-run". This will stop working in the next major version of npm. See `npm help npmrc` for supported config options.
npm warn Unknown env config "_jsr-registry". This will stop working in the next major version of npm. See `npm help npmrc` for supported config options.

  ...2ed1d12e68726e55f282d8818665c2af20339b5da5c45e24-building/index.js  1.9kb

⚡ Done in 1ms
Bundling asset FringeStack/Auth/CreateAuthChallenge/Code/Stage...
npm warn Unknown env config "npm-globalconfig". This will stop working in the next major version of npm. See `npm help npmrc` for supported config options.
npm warn Unknown env config "dir". This will stop working in the next major version of npm. See `npm help npmrc` for supported config options.
npm warn Unknown env config "verify-deps-before-run". This will stop working in the next major version of npm. See `npm help npmrc` for supported config options.
npm warn Unknown env config "_jsr-registry". This will stop working in the next major version of npm. See `npm help npmrc` for supported config options.
npm warn Unknown env config "npm-globalconfig". This will stop working in the next major version of npm. See `npm help npmrc` for supported config options.
npm warn Unknown env config "dir". This will stop working in the next major version of npm. See `npm help npmrc` for supported config options.
npm warn Unknown env config "verify-deps-before-run". This will stop working in the next major version of npm. See `npm help npmrc` for supported config options.
npm warn Unknown env config "_jsr-registry". This will stop working in the next major version of npm. See `npm help npmrc` for supported config options.

  ...41065b3d497129cd04512e4cebe14e82c2be9d7ce14e1bef-building/index.js  1.5kb

⚡ Done in 1ms

  ...2c9ef13044ea741a61e4ce147925d0d1f1b5ee2baede8406-building/index.js  1.5kb

⚡ Done in 1ms
Bundling asset TestStack/Auth/PreSignUp/Code/Stage...
npm warn Unknown env config "npm-globalconfig". This will stop working in the next major version of npm. See `npm help npmrc` for supported config options.
npm warn Unknown env config "dir". This will stop working in the next major version of npm. See `npm help npmrc` for supported config options.
npm warn Unknown env config "verify-deps-before-run". This will stop working in the next major version of npm. See `npm help npmrc` for supported config options.
npm warn Unknown env config "_jsr-registry". This will stop working in the next major version of npm. See `npm help npmrc` for supported config options.
Bundling asset TestStack/Auth/PreSignUp/Code/Stage...

  ...b714ccddea50f8c4cb9a983cf8108cd203e5bc2bb11ce964-building/index.js  2.1kb

⚡ Done in 1ms
Bundling asset FringeStack/Auth/VerifyAuthChallengeResponse/Code/Stage...
npm warn Unknown env config "npm-globalconfig". This will stop working in the next major version of npm. See `npm help npmrc` for supported config options.
npm warn Unknown env config "dir". This will stop working in the next major version of npm. See `npm help npmrc` for supported config options.
npm warn Unknown env config "verify-deps-before-run". This will stop working in the next major version of npm. See `npm help npmrc` for supported config options.
npm warn Unknown env config "_jsr-registry". This will stop working in the next major version of npm. See `npm help npmrc` for supported config options.
npm warn Unknown env config "npm-globalconfig". This will stop working in the next major version of npm. See `npm help npmrc` for supported config options.
npm warn Unknown env config "dir". This will stop working in the next major version of npm. See `npm help npmrc` for supported config options.
npm warn Unknown env config "verify-deps-before-run". This will stop working in the next major version of npm. See `npm help npmrc` for supported config options.
npm warn Unknown env config "_jsr-registry". This will stop working in the next major version of npm. See `npm help npmrc` for supported config options.

  ...2f1092f314c5cd1b290472a23505524d459f815874403059-building/index.js  1.2kb

⚡ Done in 1ms

  ...98c79820e512dbb4ab25e76d3358b98db7f9982ed0b57de5-building/index.js  1.2kb

⚡ Done in 1ms
npm warn Unknown env config "npm-globalconfig". This will stop working in the next major version of npm. See `npm help npmrc` for supported config options.
npm warn Unknown env config "dir". This will stop working in the next major version of npm. See `npm help npmrc` for supported config options.
npm warn Unknown env config "verify-deps-before-run". This will stop working in the next major version of npm. See `npm help npmrc` for supported config options.
npm warn Unknown env config "_jsr-registry". This will stop working in the next major version of npm. See `npm help npmrc` for supported config options.
Bundling asset TestStack/Auth/DefineAuthChallenge/Code/Stage...
Bundling asset TestStack/Auth/DefineAuthChallenge/Code/Stage...

  ...03aa6fd0e6cbba07c38e4cce62ff6c0f98b681ff250dec7f-building/index.js  1.5kb

⚡ Done in 1ms
Bundling asset FringeStack/Auth/PreSignUp/Code/Stage...
npm warn Unknown env config "npm-globalconfig". This will stop working in the next major version of npm. See `npm help npmrc` for supported config options.
npm warn Unknown env config "dir". This will stop working in the next major version of npm. See `npm help npmrc` for supported config options.
npm warn Unknown env config "verify-deps-before-run". This will stop working in the next major version of npm. See `npm help npmrc` for supported config options.
npm warn Unknown env config "_jsr-registry". This will stop working in the next major version of npm. See `npm help npmrc` for supported config options.
npm warn Unknown env config "npm-globalconfig". This will stop working in the next major version of npm. See `npm help npmrc` for supported config options.
npm warn Unknown env config "dir". This will stop working in the next major version of npm. See `npm help npmrc` for supported config options.
npm warn Unknown env config "verify-deps-before-run". This will stop working in the next major version of npm. See `npm help npmrc` for supported config options.
npm warn Unknown env config "_jsr-registry". This will stop working in the next major version of npm. See `npm help npmrc` for supported config options.

  ...abd61697f898d3db43c134dc53151a6037338f5adda1cc60-building/index.js  1.9kb

⚡ Done in 2ms

  ...a7db616ce9b0fef228d38577418f1054ba516dd57a06a91f-building/index.js  1.9kb

⚡ Done in 2ms
Bundling asset TestStack/Auth/CreateAuthChallenge/Code/Stage...
Bundling asset TestStack/Auth/CreateAuthChallenge/Code/Stage...
npm warn Unknown env config "npm-globalconfig". This will stop working in the next major version of npm. See `npm help npmrc` for supported config options.
npm warn Unknown env config "dir". This will stop working in the next major version of npm. See `npm help npmrc` for supported config options.
npm warn Unknown env config "verify-deps-before-run". This will stop working in the next major version of npm. See `npm help npmrc` for supported config options.
npm warn Unknown env config "_jsr-registry". This will stop working in the next major version of npm. See `npm help npmrc` for supported config options.

  ...8005a6ff1ad7846efa19ca166f8bf8036f310f222528e08c-building/index.js  1.2kb

⚡ Done in 1ms
Bundling asset FringeStack/Auth/DefineAuthChallenge/Code/Stage...
npm warn Unknown env config "npm-globalconfig". This will stop working in the next major version of npm. See `npm help npmrc` for supported config options.
npm warn Unknown env config "dir". This will stop working in the next major version of npm. See `npm help npmrc` for supported config options.
npm warn Unknown env config "verify-deps-before-run". This will stop working in the next major version of npm. See `npm help npmrc` for supported config options.
npm warn Unknown env config "_jsr-registry". This will stop working in the next major version of npm. See `npm help npmrc` for supported config options.
npm warn Unknown env config "npm-globalconfig". This will stop working in the next major version of npm. See `npm help npmrc` for supported config options.
npm warn Unknown env config "dir". This will stop working in the next major version of npm. See `npm help npmrc` for supported config options.
npm warn Unknown env config "verify-deps-before-run". This will stop working in the next major version of npm. See `npm help npmrc` for supported config options.
npm warn Unknown env config "_jsr-registry". This will stop working in the next major version of npm. See `npm help npmrc` for supported config options.

  ...beb02c5aee128a87cda573bd6112d7fde971b87faeb133f3-building/index.js  2.1kb

⚡ Done in 1ms

  ...68953e8731a080c4df6433676ed9be4a6a6985504ee9efc1-building/index.js  2.1kb

⚡ Done in 1ms
Bundling asset TestStack/Auth/VerifyAuthChallengeResponse/Code/Stage...
Bundling asset TestStack/Auth/VerifyAuthChallengeResponse/Code/Stage...
npm warn Unknown env config "npm-globalconfig". This will stop working in the next major version of npm. See `npm help npmrc` for supported config options.
npm warn Unknown env config "dir". This will stop working in the next major version of npm. See `npm help npmrc` for supported config options.
npm warn Unknown env config "verify-deps-before-run". This will stop working in the next major version of npm. See `npm help npmrc` for supported config options.
npm warn Unknown env config "_jsr-registry". This will stop working in the next major version of npm. See `npm help npmrc` for supported config options.

  ...13ae0c7dd7fc42b9dc1f5983c5e3dfa3e0e236e3ae13aa1b-building/index.js  1.9kb

⚡ Done in 1ms
Bundling asset FringeStack/Auth/CreateAuthChallenge/Code/Stage...
npm warn Unknown env config "npm-globalconfig". This will stop working in the next major version of npm. See `npm help npmrc` for supported config options.
npm warn Unknown env config "dir". This will stop working in the next major version of npm. See `npm help npmrc` for supported config options.
npm warn Unknown env config "verify-deps-before-run". This will stop working in the next major version of npm. See `npm help npmrc` for supported config options.
npm warn Unknown env config "_jsr-registry". This will stop working in the next major version of npm. See `npm help npmrc` for supported config options.
npm warn Unknown env config "npm-globalconfig". This will stop working in the next major version of npm. See `npm help npmrc` for supported config options.
npm warn Unknown env config "dir". This will stop working in the next major version of npm. See `npm help npmrc` for supported config options.
npm warn Unknown env config "verify-deps-before-run". This will stop working in the next major version of npm. See `npm help npmrc` for supported config options.
npm warn Unknown env config "_jsr-registry". This will stop working in the next major version of npm. See `npm help npmrc` for supported config options.

  ...ba874c01c3911a48ad9d6fffbaf640bc505e2079cd8378e5-building/index.js  1.5kb

⚡ Done in 1ms

  ...a4a88b551253bae047afe0a44674ab4e10330fcc257b6911-building/index.js  1.5kb

⚡ Done in 1ms
Bundling asset TestStack/Auth/PreSignUp/Code/Stage...
Bundling asset TestStack/Auth/PreSignUp/Code/Stage...
npm warn Unknown env config "npm-globalconfig". This will stop working in the next major version of npm. See `npm help npmrc` for supported config options.
npm warn Unknown env config "dir". This will stop working in the next major version of npm. See `npm help npmrc` for supported config options.
npm warn Unknown env config "verify-deps-before-run". This will stop working in the next major version of npm. See `npm help npmrc` for supported config options.
npm warn Unknown env config "_jsr-registry". This will stop working in the next major version of npm. See `npm help npmrc` for supported config options.

  ...c6affd1156b897661d2d0f0195b2e8abd720e22f7ed8725b-building/index.js  2.1kb

⚡ Done in 6ms
Bundling asset FringeStack/Auth/VerifyAuthChallengeResponse/Code/Stage...
npm warn Unknown env config "npm-globalconfig". This will stop working in the next major version of npm. See `npm help npmrc` for supported config options.
npm warn Unknown env config "dir". This will stop working in the next major version of npm. See `npm help npmrc` for supported config options.
npm warn Unknown env config "verify-deps-before-run". This will stop working in the next major version of npm. See `npm help npmrc` for supported config options.
npm warn Unknown env config "_jsr-registry". This will stop working in the next major version of npm. See `npm help npmrc` for supported config options.
npm warn Unknown env config "npm-globalconfig". This will stop working in the next major version of npm. See `npm help npmrc` for supported config options.
npm warn Unknown env config "dir". This will stop working in the next major version of npm. See `npm help npmrc` for supported config options.
npm warn Unknown env config "verify-deps-before-run". This will stop working in the next major version of npm. See `npm help npmrc` for supported config options.
npm warn Unknown env config "_jsr-registry". This will stop working in the next major version of npm. See `npm help npmrc` for supported config options.

  ...83cc0b344b0357ece2b76e2421efce8b27b066eb1255930e-building/index.js  1.2kb

⚡ Done in 9ms

  ...f369661f48c3533f77dd1f486da969f66d6b9b5546e7c724-building/index.js  1.2kb

⚡ Done in 17ms
Bundling asset TestStack/Auth/DefineAuthChallenge/Code/Stage...
Bundling asset TestStack/Auth/DefineAuthChallenge/Code/Stage...
npm warn Unknown env config "npm-globalconfig". This will stop working in the next major version of npm. See `npm help npmrc` for supported config options.
npm warn Unknown env config "dir". This will stop working in the next major version of npm. See `npm help npmrc` for supported config options.
npm warn Unknown env config "verify-deps-before-run". This will stop working in the next major version of npm. See `npm help npmrc` for supported config options.
npm warn Unknown env config "_jsr-registry". This will stop working in the next major version of npm. See `npm help npmrc` for supported config options.

  ...78494fa6d66f5666d051cbc25348e506016437e7628a6040-building/index.js  1.5kb

⚡ Done in 2ms
Bundling asset FringeStack/Auth/PreSignUp/Code/Stage...
npm warn Unknown env config "npm-globalconfig". This will stop working in the next major version of npm. See `npm help npmrc` for supported config options.
npm warn Unknown env config "dir". This will stop working in the next major version of npm. See `npm help npmrc` for supported config options.
npm warn Unknown env config "verify-deps-before-run". This will stop working in the next major version of npm. See `npm help npmrc` for supported config options.
npm warn Unknown env config "_jsr-registry". This will stop working in the next major version of npm. See `npm help npmrc` for supported config options.
npm warn Unknown env config "npm-globalconfig". This will stop working in the next major version of npm. See `npm help npmrc` for supported config options.
npm warn Unknown env config "dir". This will stop working in the next major version of npm. See `npm help npmrc` for supported config options.
npm warn Unknown env config "verify-deps-before-run". This will stop working in the next major version of npm. See `npm help npmrc` for supported config options.
npm warn Unknown env config "_jsr-registry". This will stop working in the next major version of npm. See `npm help npmrc` for supported config options.

  ...444265e323226f1cbb56c2639091525ab8a29754ba24543d-building/index.js  1.9kb

⚡ Done in 5ms

  ...560902a86d9e17c4f0391da4a4304c6ed70e1cbef0bd73c7-building/index.js  1.9kb

⚡ Done in 1ms
Bundling asset TestStack/Auth/CreateAuthChallenge/Code/Stage...
Bundling asset TestStack/Auth/CreateAuthChallenge/Code/Stage...
npm warn Unknown env config "npm-globalconfig". This will stop working in the next major version of npm. See `npm help npmrc` for supported config options.
npm warn Unknown env config "dir". This will stop working in the next major version of npm. See `npm help npmrc` for supported config options.
npm warn Unknown env config "verify-deps-before-run". This will stop working in the next major version of npm. See `npm help npmrc` for supported config options.
npm warn Unknown env config "_jsr-registry". This will stop working in the next major version of npm. See `npm help npmrc` for supported config options.

  ...a68fd9665b49a0c691cdd3c01a27837ea7b1db5a3ebe13c9-building/index.js  1.2kb

⚡ Done in 1ms
Bundling asset FringeStack/Auth/DefineAuthChallenge/Code/Stage...
npm warn Unknown env config "npm-globalconfig". This will stop working in the next major version of npm. See `npm help npmrc` for supported config options.
npm warn Unknown env config "dir". This will stop working in the next major version of npm. See `npm help npmrc` for supported config options.
npm warn Unknown env config "verify-deps-before-run". This will stop working in the next major version of npm. See `npm help npmrc` for supported config options.
npm warn Unknown env config "_jsr-registry". This will stop working in the next major version of npm. See `npm help npmrc` for supported config options.
npm warn Unknown env config "npm-globalconfig". This will stop working in the next major version of npm. See `npm help npmrc` for supported config options.
npm warn Unknown env config "dir". This will stop working in the next major version of npm. See `npm help npmrc` for supported config options.
npm warn Unknown env config "verify-deps-before-run". This will stop working in the next major version of npm. See `npm help npmrc` for supported config options.
npm warn Unknown env config "_jsr-registry". This will stop working in the next major version of npm. See `npm help npmrc` for supported config options.

  ...424418097505d4ab5bdcb9839d8aa18f5c6df88171063989-building/index.js  2.1kb

⚡ Done in 1ms

  ...180e3e525bd36d68ba0f7b5f69ba0b7e79b496a43bef860f-building/index.js  2.1kb

⚡ Done in 1ms
Bundling asset TestStack/Auth/VerifyAuthChallengeResponse/Code/Stage...
Bundling asset TestStack/Auth/VerifyAuthChallengeResponse/Code/Stage...
npm warn Unknown env config "npm-globalconfig". This will stop working in the next major version of npm. See `npm help npmrc` for supported config options.
npm warn Unknown env config "dir". This will stop working in the next major version of npm. See `npm help npmrc` for supported config options.
npm warn Unknown env config "verify-deps-before-run". This will stop working in the next major version of npm. See `npm help npmrc` for supported config options.
npm warn Unknown env config "_jsr-registry". This will stop working in the next major version of npm. See `npm help npmrc` for supported config options.

  ...ffc972e4f2906781d298c56262b9cce6e7c4e64bd37eedbf-building/index.js  1.9kb

⚡ Done in 2ms
Bundling asset FringeStack/Auth/CreateAuthChallenge/Code/Stage...
npm warn Unknown env config "npm-globalconfig". This will stop working in the next major version of npm. See `npm help npmrc` for supported config options.
npm warn Unknown env config "dir". This will stop working in the next major version of npm. See `npm help npmrc` for supported config options.
npm warn Unknown env config "verify-deps-before-run". This will stop working in the next major version of npm. See `npm help npmrc` for supported config options.
npm warn Unknown env config "_jsr-registry". This will stop working in the next major version of npm. See `npm help npmrc` for supported config options.
npm warn Unknown env config "npm-globalconfig". This will stop working in the next major version of npm. See `npm help npmrc` for supported config options.
npm warn Unknown env config "dir". This will stop working in the next major version of npm. See `npm help npmrc` for supported config options.
npm warn Unknown env config "verify-deps-before-run". This will stop working in the next major version of npm. See `npm help npmrc` for supported config options.
npm warn Unknown env config "_jsr-registry". This will stop working in the next major version of npm. See `npm help npmrc` for supported config options.

  ...f74e387f789da4198c01b616bbb6cf097a1fa78ce17a96cb-building/index.js  1.5kb

⚡ Done in 1ms

  ...f1040ab0fbf726162ff72a15d0a915758b640a9a66a543bf-building/index.js  1.5kb

⚡ Done in 1ms
Bundling asset TestStack/Auth/PreSignUp/Code/Stage...
Bundling asset TestStack/Auth/PreSignUp/Code/Stage...
npm warn Unknown env config "npm-globalconfig". This will stop working in the next major version of npm. See `npm help npmrc` for supported config options.
npm warn Unknown env config "dir". This will stop working in the next major version of npm. See `npm help npmrc` for supported config options.
npm warn Unknown env config "verify-deps-before-run". This will stop working in the next major version of npm. See `npm help npmrc` for supported config options.
npm warn Unknown env config "_jsr-registry". This will stop working in the next major version of npm. See `npm help npmrc` for supported config options.

  ...09ebfbbeba862b7f2973be9b3edd631fa00a77f2e5411abc-building/index.js  2.1kb

⚡ Done in 1ms
Bundling asset FringeStack/Auth/VerifyAuthChallengeResponse/Code/Stage...
npm warn Unknown env config "npm-globalconfig". This will stop working in the next major version of npm. See `npm help npmrc` for supported config options.
npm warn Unknown env config "dir". This will stop working in the next major version of npm. See `npm help npmrc` for supported config options.
npm warn Unknown env config "verify-deps-before-run". This will stop working in the next major version of npm. See `npm help npmrc` for supported config options.
npm warn Unknown env config "_jsr-registry". This will stop working in the next major version of npm. See `npm help npmrc` for supported config options.
npm warn Unknown env config "npm-globalconfig". This will stop working in the next major version of npm. See `npm help npmrc` for supported config options.
npm warn Unknown env config "dir". This will stop working in the next major version of npm. See `npm help npmrc` for supported config options.
npm warn Unknown env config "verify-deps-before-run". This will stop working in the next major version of npm. See `npm help npmrc` for supported config options.
npm warn Unknown env config "_jsr-registry". This will stop working in the next major version of npm. See `npm help npmrc` for supported config options.

  ...9eebc4d067ef821e3ae695d625bf545bb650fed7abd45cad-building/index.js  1.2kb

⚡ Done in 2ms
Bundling asset TestStack/Auth/DefineAuthChallenge/Code/Stage...

  ...6999c6b363b5d450f0ddc2720b9d068e3d1da61662d6066e-building/index.js  1.2kb

⚡ Done in 1ms
Bundling asset TestStack/Auth/DefineAuthChallenge/Code/Stage...
npm warn Unknown env config "npm-globalconfig". This will stop working in the next major version of npm. See `npm help npmrc` for supported config options.
npm warn Unknown env config "dir". This will stop working in the next major version of npm. See `npm help npmrc` for supported config options.
npm warn Unknown env config "verify-deps-before-run". This will stop working in the next major version of npm. See `npm help npmrc` for supported config options.
npm warn Unknown env config "_jsr-registry". This will stop working in the next major version of npm. See `npm help npmrc` for supported config options.

  ...092d7f431bc10918bc618113337563e20244fc1c31ab9f4d-building/index.js  1.5kb

⚡ Done in 2ms
npm warn Unknown env config "npm-globalconfig". This will stop working in the next major version of npm. See `npm help npmrc` for supported config options.
npm warn Unknown env config "dir". This will stop working in the next major version of npm. See `npm help npmrc` for supported config options.
npm warn Unknown env config "verify-deps-before-run". This will stop working in the next major version of npm. See `npm help npmrc` for supported config options.
npm warn Unknown env config "_jsr-registry". This will stop working in the next major version of npm. See `npm help npmrc` for supported config options.
npm warn Unknown env config "npm-globalconfig". This will stop working in the next major version of npm. See `npm help npmrc` for supported config options.
npm warn Unknown env config "dir". This will stop working in the next major version of npm. See `npm help npmrc` for supported config options.
npm warn Unknown env config "verify-deps-before-run". This will stop working in the next major version of npm. See `npm help npmrc` for supported config options.
npm warn Unknown env config "_jsr-registry". This will stop working in the next major version of npm. See `npm help npmrc` for supported config options.

  ...267ce970a814b49bef0d4ad6b772f938e919db2fd3ba983e-building/index.js  1.9kb

⚡ Done in 2ms

  ...c5e6d1434542f65edd45cf2b235d050e4001064efad5106a-building/index.js  1.9kb

⚡ Done in 2ms
Bundling asset TestStack/Auth/CreateAuthChallenge/Code/Stage...
Bundling asset TestStack/Auth/CreateAuthChallenge/Code/Stage...
Bundling asset FringeStack/Auth/PreSignUp/Code/Stage...
npm warn Unknown env config "npm-globalconfig". This will stop working in the next major version of npm. See `npm help npmrc` for supported config options.
npm warn Unknown env config "dir". This will stop working in the next major version of npm. See `npm help npmrc` for supported config options.
npm warn Unknown env config "verify-deps-before-run". This will stop working in the next major version of npm. See `npm help npmrc` for supported config options.
npm warn Unknown env config "_jsr-registry". This will stop working in the next major version of npm. See `npm help npmrc` for supported config options.
npm warn Unknown env config "npm-globalconfig". This will stop working in the next major version of npm. See `npm help npmrc` for supported config options.
npm warn Unknown env config "dir". This will stop working in the next major version of npm. See `npm help npmrc` for supported config options.
npm warn Unknown env config "verify-deps-before-run". This will stop working in the next major version of npm. See `npm help npmrc` for supported config options.
npm warn Unknown env config "_jsr-registry". This will stop working in the next major version of npm. See `npm help npmrc` for supported config options.

  ...89b5bc32fd15ee2a3779a14e5756f362b72e3af332b73262-building/index.js  2.1kb

⚡ Done in 1ms

  ...3e715e996c0ffbbb6f7802310d76bdbf570316b9a1f47c71-building/index.js  2.1kb

⚡ Done in 1ms
Bundling asset TestStack/Auth/VerifyAuthChallengeResponse/Code/Stage...
Bundling asset TestStack/Auth/VerifyAuthChallengeResponse/Code/Stage...
npm warn Unknown env config "npm-globalconfig". This will stop working in the next major version of npm. See `npm help npmrc` for supported config options.
npm warn Unknown env config "dir". This will stop working in the next major version of npm. See `npm help npmrc` for supported config options.
npm warn Unknown env config "verify-deps-before-run". This will stop working in the next major version of npm. See `npm help npmrc` for supported config options.
npm warn Unknown env config "_jsr-registry". This will stop working in the next major version of npm. See `npm help npmrc` for supported config options.

  ...d037ac896c3ac2d1f0ff51bbcb411c17c99ce9e21eb013b1-building/index.js  1.2kb

⚡ Done in 2ms
Bundling asset FringeStack/Auth/DefineAuthChallenge/Code/Stage...
npm warn Unknown env config "npm-globalconfig". This will stop working in the next major version of npm. See `npm help npmrc` for supported config options.
npm warn Unknown env config "dir". This will stop working in the next major version of npm. See `npm help npmrc` for supported config options.
npm warn Unknown env config "verify-deps-before-run". This will stop working in the next major version of npm. See `npm help npmrc` for supported config options.
npm warn Unknown env config "_jsr-registry". This will stop working in the next major version of npm. See `npm help npmrc` for supported config options.
npm warn Unknown env config "npm-globalconfig". This will stop working in the next major version of npm. See `npm help npmrc` for supported config options.
npm warn Unknown env config "dir". This will stop working in the next major version of npm. See `npm help npmrc` for supported config options.
npm warn Unknown env config "verify-deps-before-run". This will stop working in the next major version of npm. See `npm help npmrc` for supported config options.
npm warn Unknown env config "_jsr-registry". This will stop working in the next major version of npm. See `npm help npmrc` for supported config options.

  ...2ea98dee2bbb6870c9d3ef067335a2d7187648a8251ae641-building/index.js  1.5kb

⚡ Done in 1ms

  ...43864b592d546beaeef895b54fb7669f0201b6932975d473-building/index.js  1.5kb

⚡ Done in 1ms
Bundling asset TestStack/Auth/PreSignUp/Code/Stage...
Bundling asset TestStack/Auth/PreSignUp/Code/Stage...
npm warn Unknown env config "npm-globalconfig". This will stop working in the next major version of npm. See `npm help npmrc` for supported config options.
npm warn Unknown env config "dir". This will stop working in the next major version of npm. See `npm help npmrc` for supported config options.
npm warn Unknown env config "verify-deps-before-run". This will stop working in the next major version of npm. See `npm help npmrc` for supported config options.
npm warn Unknown env config "_jsr-registry". This will stop working in the next major version of npm. See `npm help npmrc` for supported config options.

  ...7cf3b55136058f96ce11fc877f5ed3abafabbbb26afbaf48-building/index.js  1.9kb

⚡ Done in 1ms
Bundling asset FringeStack/Auth/CreateAuthChallenge/Code/Stage...
npm warn Unknown env config "npm-globalconfig". This will stop working in the next major version of npm. See `npm help npmrc` for supported config options.
npm warn Unknown env config "dir". This will stop working in the next major version of npm. See `npm help npmrc` for supported config options.
npm warn Unknown env config "verify-deps-before-run". This will stop working in the next major version of npm. See `npm help npmrc` for supported config options.
npm warn Unknown env config "_jsr-registry". This will stop working in the next major version of npm. See `npm help npmrc` for supported config options.
npm warn Unknown env config "npm-globalconfig". This will stop working in the next major version of npm. See `npm help npmrc` for supported config options.
npm warn Unknown env config "dir". This will stop working in the next major version of npm. See `npm help npmrc` for supported config options.
npm warn Unknown env config "verify-deps-before-run". This will stop working in the next major version of npm. See `npm help npmrc` for supported config options.
npm warn Unknown env config "_jsr-registry". This will stop working in the next major version of npm. See `npm help npmrc` for supported config options.

  ...62a6179535b48bcafabbe2b3374fbb00e337058f6982ccea-building/index.js  1.2kb

⚡ Done in 4ms

  ...ed01d3cacceac826dcc45d08da35ea462e4e7e04bc74b73e-building/index.js  1.2kb

⚡ Done in 1ms
Bundling asset TestStack/Auth/DefineAuthChallenge/Code/Stage...
Bundling asset TestStack/Auth/DefineAuthChallenge/Code/Stage...
npm warn Unknown env config "npm-globalconfig". This will stop working in the next major version of npm. See `npm help npmrc` for supported config options.
npm warn Unknown env config "dir". This will stop working in the next major version of npm. See `npm help npmrc` for supported config options.
npm warn Unknown env config "verify-deps-before-run". This will stop working in the next major version of npm. See `npm help npmrc` for supported config options.
npm warn Unknown env config "_jsr-registry". This will stop working in the next major version of npm. See `npm help npmrc` for supported config options.

  ...429363454680a73a66eb00f149b405565887b1645af3c1df-building/index.js  2.1kb

⚡ Done in 1ms
Bundling asset FringeStack/Auth/VerifyAuthChallengeResponse/Code/Stage...
npm warn Unknown env config "npm-globalconfig". This will stop working in the next major version of npm. See `npm help npmrc` for supported config options.
npm warn Unknown env config "dir". This will stop working in the next major version of npm. See `npm help npmrc` for supported config options.
npm warn Unknown env config "verify-deps-before-run". This will stop working in the next major version of npm. See `npm help npmrc` for supported config options.
npm warn Unknown env config "_jsr-registry". This will stop working in the next major version of npm. See `npm help npmrc` for supported config options.
npm warn Unknown env config "npm-globalconfig". This will stop working in the next major version of npm. See `npm help npmrc` for supported config options.
npm warn Unknown env config "dir". This will stop working in the next major version of npm. See `npm help npmrc` for supported config options.
npm warn Unknown env config "verify-deps-before-run". This will stop working in the next major version of npm. See `npm help npmrc` for supported config options.
npm warn Unknown env config "_jsr-registry". This will stop working in the next major version of npm. See `npm help npmrc` for supported config options.

  ...0f36934803cdb2651a93bf43209b1d869e1d0c0d2368635b-building/index.js  1.9kb

⚡ Done in 1ms

  ...5cf935964b53cb015570e4d0e79f7650c680006535f339ff-building/index.js  1.9kb

⚡ Done in 1ms
Bundling asset TestStack/Auth/CreateAuthChallenge/Code/Stage...
Bundling asset TestStack/Auth/CreateAuthChallenge/Code/Stage...
npm warn Unknown env config "npm-globalconfig". This will stop working in the next major version of npm. See `npm help npmrc` for supported config options.
npm warn Unknown env config "dir". This will stop working in the next major version of npm. See `npm help npmrc` for supported config options.
npm warn Unknown env config "verify-deps-before-run". This will stop working in the next major version of npm. See `npm help npmrc` for supported config options.
npm warn Unknown env config "_jsr-registry". This will stop working in the next major version of npm. See `npm help npmrc` for supported config options.

  ...64f3bb7506f37809e35b4c906d67f58d024c8219580ff359-building/index.js  1.5kb

⚡ Done in 1ms
Bundling asset FringeStack/Auth/PreSignUp/Code/Stage...
npm warn Unknown env config "npm-globalconfig". This will stop working in the next major version of npm. See `npm help npmrc` for supported config options.
npm warn Unknown env config "npm-globalconfig". This will stop working in the next major version of npm. See `npm help npmrc` for supported config options.
npm warn Unknown env config "dir". This will stop working in the next major version of npm. See `npm help npmrc` for supported config options.
npm warn Unknown env config "verify-deps-before-run". This will stop working in the next major version of npm. See `npm help npmrc` for supported config options.
npm warn Unknown env config "_jsr-registry". This will stop working in the next major version of npm. See `npm help npmrc` for supported config options.
npm warn Unknown env config "dir". This will stop working in the next major version of npm. See `npm help npmrc` for supported config options.
npm warn Unknown env config "verify-deps-before-run". This will stop working in the next major version of npm. See `npm help npmrc` for supported config options.
npm warn Unknown env config "_jsr-registry". This will stop working in the next major version of npm. See `npm help npmrc` for supported config options.

  ...84c6cb686c8d530420208bf058132e92bd10df8c20314b52-building/index.js  2.1kb

⚡ Done in 1ms

  ...f28b3478a11ac39f1aedffe2efa572e72a9b45168833c8a9-building/index.js  2.1kb

⚡ Done in 1ms
Bundling asset TestStack/Auth/VerifyAuthChallengeResponse/Code/Stage...
Bundling asset TestStack/Auth/VerifyAuthChallengeResponse/Code/Stage...
npm warn Unknown env config "npm-globalconfig". This will stop working in the next major version of npm. See `npm help npmrc` for supported config options.
npm warn Unknown env config "dir". This will stop working in the next major version of npm. See `npm help npmrc` for supported config options.
npm warn Unknown env config "verify-deps-before-run". This will stop working in the next major version of npm. See `npm help npmrc` for supported config options.
npm warn Unknown env config "_jsr-registry". This will stop working in the next major version of npm. See `npm help npmrc` for supported config options.

  ...d960225257395c725a71bbcf5bc0236248e5fb714c8b1042-building/index.js  1.2kb

⚡ Done in 1ms
Bundling asset FringeStack/Auth/DefineAuthChallenge/Code/Stage...
npm warn Unknown env config "npm-globalconfig". This will stop working in the next major version of npm. See `npm help npmrc` for supported config options.
npm warn Unknown env config "dir". This will stop working in the next major version of npm. See `npm help npmrc` for supported config options.
npm warn Unknown env config "verify-deps-before-run". This will stop working in the next major version of npm. See `npm help npmrc` for supported config options.
npm warn Unknown env config "_jsr-registry". This will stop working in the next major version of npm. See `npm help npmrc` for supported config options.
npm warn Unknown env config "npm-globalconfig". This will stop working in the next major version of npm. See `npm help npmrc` for supported config options.
npm warn Unknown env config "dir". This will stop working in the next major version of npm. See `npm help npmrc` for supported config options.
npm warn Unknown env config "verify-deps-before-run". This will stop working in the next major version of npm. See `npm help npmrc` for supported config options.
npm warn Unknown env config "_jsr-registry". This will stop working in the next major version of npm. See `npm help npmrc` for supported config options.

  ...d77f5504b4ab9ea58a104c724e9681f1425474490c1eb254-building/index.js  1.5kb

⚡ Done in 1ms

  ...e563b13e431861893282a951b483affdb442bd3e215a712b-building/index.js  1.5kb

⚡ Done in 1ms
Bundling asset TestStack/Auth/PreSignUp/Code/Stage...
Bundling asset TestStack/Auth/PreSignUp/Code/Stage...
npm warn Unknown env config "npm-globalconfig". This will stop working in the next major version of npm. See `npm help npmrc` for supported config options.
npm warn Unknown env config "dir". This will stop working in the next major version of npm. See `npm help npmrc` for supported config options.
npm warn Unknown env config "verify-deps-before-run". This will stop working in the next major version of npm. See `npm help npmrc` for supported config options.
npm warn Unknown env config "_jsr-registry". This will stop working in the next major version of npm. See `npm help npmrc` for supported config options.

  ...1b69b5a10ced18c7abf0a42aa7aaecc10973d01eeb2edff2-building/index.js  1.9kb

⚡ Done in 1ms
Bundling asset FringeStack/Auth/CreateAuthChallenge/Code/Stage...
npm warn Unknown env config "npm-globalconfig". This will stop working in the next major version of npm. See `npm help npmrc` for supported config options.
npm warn Unknown env config "dir". This will stop working in the next major version of npm. See `npm help npmrc` for supported config options.
npm warn Unknown env config "verify-deps-before-run". This will stop working in the next major version of npm. See `npm help npmrc` for supported config options.
npm warn Unknown env config "_jsr-registry". This will stop working in the next major version of npm. See `npm help npmrc` for supported config options.
npm warn Unknown env config "npm-globalconfig". This will stop working in the next major version of npm. See `npm help npmrc` for supported config options.
npm warn Unknown env config "dir". This will stop working in the next major version of npm. See `npm help npmrc` for supported config options.
npm warn Unknown env config "verify-deps-before-run". This will stop working in the next major version of npm. See `npm help npmrc` for supported config options.
npm warn Unknown env config "_jsr-registry". This will stop working in the next major version of npm. See `npm help npmrc` for supported config options.

  ...90a6edd8091db4cfe2656e64e3700caef4975d00eeb50dcb-building/index.js  1.2kb

⚡ Done in 1ms

  ...1afb82d3f1ccd762e4c36bfe5b6ed3003ce5206092bb1c62-building/index.js  1.2kb

⚡ Done in 2ms
Bundling asset TestStack/Auth/DefineAuthChallenge/Code/Stage...
Bundling asset TestStack/Auth/DefineAuthChallenge/Code/Stage...
npm warn Unknown env config "npm-globalconfig". This will stop working in the next major version of npm. See `npm help npmrc` for supported config options.
npm warn Unknown env config "dir". This will stop working in the next major version of npm. See `npm help npmrc` for supported config options.
npm warn Unknown env config "verify-deps-before-run". This will stop working in the next major version of npm. See `npm help npmrc` for supported config options.
npm warn Unknown env config "_jsr-registry". This will stop working in the next major version of npm. See `npm help npmrc` for supported config options.

  ...c97e55576ffcf61ff1134532fff0de44feb345d928be7e45-building/index.js  2.1kb

⚡ Done in 1ms
Bundling asset FringeStack/Auth/VerifyAuthChallengeResponse/Code/Stage...
npm warn Unknown env config "npm-globalconfig". This will stop working in the next major version of npm. See `npm help npmrc` for supported config options.
npm warn Unknown env config "dir". This will stop working in the next major version of npm. See `npm help npmrc` for supported config options.
npm warn Unknown env config "verify-deps-before-run". This will stop working in the next major version of npm. See `npm help npmrc` for supported config options.
npm warn Unknown env config "_jsr-registry". This will stop working in the next major version of npm. See `npm help npmrc` for supported config options.
npm warn Unknown env config "npm-globalconfig". This will stop working in the next major version of npm. See `npm help npmrc` for supported config options.
npm warn Unknown env config "dir". This will stop working in the next major version of npm. See `npm help npmrc` for supported config options.
npm warn Unknown env config "verify-deps-before-run". This will stop working in the next major version of npm. See `npm help npmrc` for supported config options.
npm warn Unknown env config "_jsr-registry". This will stop working in the next major version of npm. See `npm help npmrc` for supported config options.

  ...72dbb27c5ccf10c217edf1c64e7f39a29c4a9b7cd5fa2521-building/index.js  1.9kb

⚡ Done in 1ms

  ...026c144316657aeb6ae1d707ffc266a04d7222061942dda5-building/index.js  1.9kb

⚡ Done in 1ms
Bundling asset TestStack/Auth/CreateAuthChallenge/Code/Stage...
Bundling asset TestStack/Auth/CreateAuthChallenge/Code/Stage...
npm warn Unknown env config "npm-globalconfig". This will stop working in the next major version of npm. See `npm help npmrc` for supported config options.
npm warn Unknown env config "dir". This will stop working in the next major version of npm. See `npm help npmrc` for supported config options.
npm warn Unknown env config "verify-deps-before-run". This will stop working in the next major version of npm. See `npm help npmrc` for supported config options.
npm warn Unknown env config "_jsr-registry". This will stop working in the next major version of npm. See `npm help npmrc` for supported config options.

  ...bd2af728b5dc07ad9168fba7673ffd50cd0bebd393e738d4-building/index.js  1.5kb

⚡ Done in 1ms
Bundling asset FringeStack/Auth/PreSignUp/Code/Stage...
npm warn Unknown env config "npm-globalconfig". This will stop working in the next major version of npm. See `npm help npmrc` for supported config options.
npm warn Unknown env config "dir". This will stop working in the next major version of npm. See `npm help npmrc` for supported config options.
npm warn Unknown env config "verify-deps-before-run". This will stop working in the next major version of npm. See `npm help npmrc` for supported config options.
npm warn Unknown env config "_jsr-registry". This will stop working in the next major version of npm. See `npm help npmrc` for supported config options.
npm warn Unknown env config "npm-globalconfig". This will stop working in the next major version of npm. See `npm help npmrc` for supported config options.
npm warn Unknown env config "dir". This will stop working in the next major version of npm. See `npm help npmrc` for supported config options.
npm warn Unknown env config "verify-deps-before-run". This will stop working in the next major version of npm. See `npm help npmrc` for supported config options.
npm warn Unknown env config "_jsr-registry". This will stop working in the next major version of npm. See `npm help npmrc` for supported config options.

  ...a7b695b802191c5010be9f4df956122e229a88dc2b1420c0-building/index.js  2.1kb

⚡ Done in 1ms

  ...f3f006b572e7ff4d0ab6616c65d212b23aa07cf598c4da88-building/index.js  2.1kb

⚡ Done in 1ms
Bundling asset TestStack/Auth/VerifyAuthChallengeResponse/Code/Stage...
Bundling asset TestStack/Auth/VerifyAuthChallengeResponse/Code/Stage...
npm warn Unknown env config "npm-globalconfig". This will stop working in the next major version of npm. See `npm help npmrc` for supported config options.
npm warn Unknown env config "dir". This will stop working in the next major version of npm. See `npm help npmrc` for supported config options.
npm warn Unknown env config "verify-deps-before-run". This will stop working in the next major version of npm. See `npm help npmrc` for supported config options.
npm warn Unknown env config "_jsr-registry". This will stop working in the next major version of npm. See `npm help npmrc` for supported config options.

  ...709c11446aaed4904d526d4be8ab5ee1ea67a865e6db22df-building/index.js  1.2kb

⚡ Done in 1ms
npm warn Unknown env config "npm-globalconfig". This will stop working in the next major version of npm. See `npm help npmrc` for supported config options.
npm warn Unknown env config "dir". This will stop working in the next major version of npm. See `npm help npmrc` for supported config options.
npm warn Unknown env config "verify-deps-before-run". This will stop working in the next major version of npm. See `npm help npmrc` for supported config options.
npm warn Unknown env config "_jsr-registry". This will stop working in the next major version of npm. See `npm help npmrc` for supported config options.
npm warn Unknown env config "npm-globalconfig". This will stop working in the next major version of npm. See `npm help npmrc` for supported config options.
npm warn Unknown env config "dir". This will stop working in the next major version of npm. See `npm help npmrc` for supported config options.
npm warn Unknown env config "verify-deps-before-run". This will stop working in the next major version of npm. See `npm help npmrc` for supported config options.
npm warn Unknown env config "_jsr-registry". This will stop working in the next major version of npm. See `npm help npmrc` for supported config options.
Bundling asset FringeStack/Auth/DefineAuthChallenge/Code/Stage...

  ...a224e4c730cfd52ce975382e3ab786dec985cfd7578a7d34-building/index.js  1.5kb

⚡ Done in 1ms

  ...bb8459987d3cf6f26fb80dff1ede333d4db49868d36a704d-building/index.js  1.5kb

⚡ Done in 1ms
Bundling asset TestStack/Auth/PreSignUp/Code/Stage...
Bundling asset TestStack/Auth/PreSignUp/Code/Stage...
npm warn Unknown env config "npm-globalconfig". This will stop working in the next major version of npm. See `npm help npmrc` for supported config options.
npm warn Unknown env config "dir". This will stop working in the next major version of npm. See `npm help npmrc` for supported config options.
npm warn Unknown env config "verify-deps-before-run". This will stop working in the next major version of npm. See `npm help npmrc` for supported config options.
npm warn Unknown env config "_jsr-registry". This will stop working in the next major version of npm. See `npm help npmrc` for supported config options.

  ...a3b656bcc61497a24aa77cf1b5e5aeb2206467c645ced19c-building/index.js  1.9kb

⚡ Done in 1ms
Bundling asset FringeStack/Auth/CreateAuthChallenge/Code/Stage...
npm warn Unknown env config "npm-globalconfig". This will stop working in the next major version of npm. See `npm help npmrc` for supported config options.
npm warn Unknown env config "dir". This will stop working in the next major version of npm. See `npm help npmrc` for supported config options.
npm warn Unknown env config "verify-deps-before-run". This will stop working in the next major version of npm. See `npm help npmrc` for supported config options.
npm warn Unknown env config "_jsr-registry". This will stop working in the next major version of npm. See `npm help npmrc` for supported config options.
npm warn Unknown env config "npm-globalconfig". This will stop working in the next major version of npm. See `npm help npmrc` for supported config options.
npm warn Unknown env config "dir". This will stop working in the next major version of npm. See `npm help npmrc` for supported config options.
npm warn Unknown env config "verify-deps-before-run". This will stop working in the next major version of npm. See `npm help npmrc` for supported config options.
npm warn Unknown env config "_jsr-registry". This will stop working in the next major version of npm. See `npm help npmrc` for supported config options.

  ...de75eb29ff95e79169cc1177db67b5233bdacb1935357b74-building/index.js  1.2kb

⚡ Done in 1ms

  ...52d717edf6ef3ac2cae075207d5e0b7f8447c92c9fe6d39b-building/index.js  1.2kb

⚡ Done in 1ms
Bundling asset TestStack/Auth/DefineAuthChallenge/Code/Stage...
Bundling asset TestStack/Auth/DefineAuthChallenge/Code/Stage...
npm warn Unknown env config "npm-globalconfig". This will stop working in the next major version of npm. See `npm help npmrc` for supported config options.
npm warn Unknown env config "dir". This will stop working in the next major version of npm. See `npm help npmrc` for supported config options.
npm warn Unknown env config "verify-deps-before-run". This will stop working in the next major version of npm. See `npm help npmrc` for supported config options.
npm warn Unknown env config "_jsr-registry". This will stop working in the next major version of npm. See `npm help npmrc` for supported config options.

  ...de40c2e51b3410100e60e262d8020ddda62838a00ebcffdb-building/index.js  2.1kb

⚡ Done in 1ms
npm warn Unknown env config "npm-globalconfig". This will stop working in the next major version of npm. See `npm help npmrc` for supported config options.
npm warn Unknown env config "dir". This will stop working in the next major version of npm. See `npm help npmrc` for supported config options.
npm warn Unknown env config "verify-deps-before-run". This will stop working in the next major version of npm. See `npm help npmrc` for supported config options.
npm warn Unknown env config "_jsr-registry". This will stop working in the next major version of npm. See `npm help npmrc` for supported config options.
npm warn Unknown env config "npm-globalconfig". This will stop working in the next major version of npm. See `npm help npmrc` for supported config options.
npm warn Unknown env config "dir". This will stop working in the next major version of npm. See `npm help npmrc` for supported config options.
npm warn Unknown env config "verify-deps-before-run". This will stop working in the next major version of npm. See `npm help npmrc` for supported config options.
npm warn Unknown env config "_jsr-registry". This will stop working in the next major version of npm. See `npm help npmrc` for supported config options.
Bundling asset FringeStack/Auth/VerifyAuthChallengeResponse/Code/Stage...

  ...6283ddaf17d9f306366cae8c09ae26aa9c6e349f256196d8-building/index.js  1.9kb

⚡ Done in 1ms

  ...e5c6d11e7a1eac504c752c4f93a4703cc83ab70af394539e-building/index.js  1.9kb

⚡ Done in 1ms
Bundling asset TestStack/Auth/CreateAuthChallenge/Code/Stage...
Bundling asset TestStack/Auth/CreateAuthChallenge/Code/Stage...
npm warn Unknown env config "npm-globalconfig". This will stop working in the next major version of npm. See `npm help npmrc` for supported config options.
npm warn Unknown env config "dir". This will stop working in the next major version of npm. See `npm help npmrc` for supported config options.
npm warn Unknown env config "verify-deps-before-run". This will stop working in the next major version of npm. See `npm help npmrc` for supported config options.
npm warn Unknown env config "_jsr-registry". This will stop working in the next major version of npm. See `npm help npmrc` for supported config options.
npm warn Unknown env config "npm-globalconfig". This will stop working in the next major version of npm. See `npm help npmrc` for supported config options.
npm warn Unknown env config "dir". This will stop working in the next major version of npm. See `npm help npmrc` for supported config options.
npm warn Unknown env config "verify-deps-before-run". This will stop working in the next major version of npm. See `npm help npmrc` for supported config options.
npm warn Unknown env config "_jsr-registry". This will stop working in the next major version of npm. See `npm help npmrc` for supported config options.
npm warn Unknown env config "npm-globalconfig". This will stop working in the next major version of npm. See `npm help npmrc` for supported config options.
npm warn Unknown env config "dir". This will stop working in the next major version of npm. See `npm help npmrc` for supported config options.
npm warn Unknown env config "verify-deps-before-run". This will stop working in the next major version of npm. See `npm help npmrc` for supported config options.
npm warn Unknown env config "_jsr-registry". This will stop working in the next major version of npm. See `npm help npmrc` for supported config options.

  ...b2070fe1110ebd5c98475a73516e3d48b3c83f58d33dd657-building/index.js  1.5kb

⚡ Done in 1ms

  ...186d93a5009d8b37a08ea22ef655ca1bf16301a34e21321b-building/index.js  2.1kb

⚡ Done in 1ms

  ...96febd31c6375b206b58c28d24186568c4cf05b48d3cde7c-building/index.js  2.1kb

⚡ Done in 1ms
Bundling asset TestStack/Auth/VerifyAuthChallengeResponse/Code/Stage...
Bundling asset TestStack/Auth/VerifyAuthChallengeResponse/Code/Stage...
Bundling asset FringeStack/Auth/PreSignUp/Code/Stage...
npm warn Unknown env config "npm-globalconfig". This will stop working in the next major version of npm. See `npm help npmrc` for supported config options.
npm warn Unknown env config "dir". This will stop working in the next major version of npm. See `npm help npmrc` for supported config options.
npm warn Unknown env config "verify-deps-before-run". This will stop working in the next major version of npm. See `npm help npmrc` for supported config options.
npm warn Unknown env config "_jsr-registry". This will stop working in the next major version of npm. See `npm help npmrc` for supported config options.
npm warn Unknown env config "npm-globalconfig". This will stop working in the next major version of npm. See `npm help npmrc` for supported config options.
npm warn Unknown env config "dir". This will stop working in the next major version of npm. See `npm help npmrc` for supported config options.
npm warn Unknown env config "verify-deps-before-run". This will stop working in the next major version of npm. See `npm help npmrc` for supported config options.
npm warn Unknown env config "_jsr-registry". This will stop working in the next major version of npm. See `npm help npmrc` for supported config options.

  ...44ec5140345e7561ade02c6c90baa07988310fa9830116e6-building/index.js  1.5kb

⚡ Done in 2ms

  ...a5ca5aae01d54c7a6770d6d0b715d9090ee10770d1fdc324-building/index.js  1.5kb

⚡ Done in 2ms
Bundling asset TestStack/Auth/PreSignUp/Code/Stage...
Bundling asset TestStack/Auth/PreSignUp/Code/Stage...
npm warn Unknown env config "npm-globalconfig". This will stop working in the next major version of npm. See `npm help npmrc` for supported config options.
npm warn Unknown env config "dir". This will stop working in the next major version of npm. See `npm help npmrc` for supported config options.
npm warn Unknown env config "verify-deps-before-run". This will stop working in the next major version of npm. See `npm help npmrc` for supported config options.
npm warn Unknown env config "_jsr-registry". This will stop working in the next major version of npm. See `npm help npmrc` for supported config options.

  ...9801f7aa99028b5a07a6b9eae9c1a2b19434559a75458cb4-building/index.js  1.2kb

⚡ Done in 1ms
Bundling asset FringeStack/Auth/DefineAuthChallenge/Code/Stage...
npm warn Unknown env config "npm-globalconfig". This will stop working in the next major version of npm. See `npm help npmrc` for supported config options.
npm warn Unknown env config "dir". This will stop working in the next major version of npm. See `npm help npmrc` for supported config options.
npm warn Unknown env config "verify-deps-before-run". This will stop working in the next major version of npm. See `npm help npmrc` for supported config options.
npm warn Unknown env config "_jsr-registry". This will stop working in the next major version of npm. See `npm help npmrc` for supported config options.
npm warn Unknown env config "npm-globalconfig". This will stop working in the next major version of npm. See `npm help npmrc` for supported config options.
npm warn Unknown env config "dir". This will stop working in the next major version of npm. See `npm help npmrc` for supported config options.
npm warn Unknown env config "verify-deps-before-run". This will stop working in the next major version of npm. See `npm help npmrc` for supported config options.
npm warn Unknown env config "_jsr-registry". This will stop working in the next major version of npm. See `npm help npmrc` for supported config options.

  ...1d540830d1b74e32249c5734fc3e9b755e74b9add66166b7-building/index.js  1.2kb

⚡ Done in 1ms

  ...06a88978c23aad19a768bf2daca0250adb1c9614f5b1ef36-building/index.js  1.2kb

⚡ Done in 1ms
Bundling asset TestStack/Auth/DefineAuthChallenge/Code/Stage...
Bundling asset TestStack/Auth/DefineAuthChallenge/Code/Stage...
npm warn Unknown env config "npm-globalconfig". This will stop working in the next major version of npm. See `npm help npmrc` for supported config options.
npm warn Unknown env config "dir". This will stop working in the next major version of npm. See `npm help npmrc` for supported config options.
npm warn Unknown env config "verify-deps-before-run". This will stop working in the next major version of npm. See `npm help npmrc` for supported config options.
npm warn Unknown env config "_jsr-registry". This will stop working in the next major version of npm. See `npm help npmrc` for supported config options.

  ...20e472ca4a8bc8af843a145d7e21ee09fd01e5e72c4627d6-building/index.js  1.9kb

⚡ Done in 1ms
Bundling asset FringeStack/Auth/CreateAuthChallenge/Code/Stage...
npm warn Unknown env config "npm-globalconfig". This will stop working in the next major version of npm. See `npm help npmrc` for supported config options.
npm warn Unknown env config "dir". This will stop working in the next major version of npm. See `npm help npmrc` for supported config options.
npm warn Unknown env config "verify-deps-before-run". This will stop working in the next major version of npm. See `npm help npmrc` for supported config options.
npm warn Unknown env config "_jsr-registry". This will stop working in the next major version of npm. See `npm help npmrc` for supported config options.
npm warn Unknown env config "npm-globalconfig". This will stop working in the next major version of npm. See `npm help npmrc` for supported config options.
npm warn Unknown env config "dir". This will stop working in the next major version of npm. See `npm help npmrc` for supported config options.
npm warn Unknown env config "verify-deps-before-run". This will stop working in the next major version of npm. See `npm help npmrc` for supported config options.
npm warn Unknown env config "_jsr-registry". This will stop working in the next major version of npm. See `npm help npmrc` for supported config options.
npm warn Unknown env config "npm-globalconfig". This will stop working in the next major version of npm. See `npm help npmrc` for supported config options.
npm warn Unknown env config "dir". This will stop working in the next major version of npm. See `npm help npmrc` for supported config options.
npm warn Unknown env config "verify-deps-before-run". This will stop working in the next major version of npm. See `npm help npmrc` for supported config options.
npm warn Unknown env config "_jsr-registry". This will stop working in the next major version of npm. See `npm help npmrc` for supported config options.

  ...417550bfd7054e38cd68253e3fcd61c9ee0267acfc4f8259-building/index.js  1.9kb

⚡ Done in 1ms

  ...6c47761f251330efcb0d2b429a92dae74146c172e8dcc631-building/index.js  1.9kb

⚡ Done in 1ms
Bundling asset TestStack/Auth/CreateAuthChallenge/Code/Stage...
Bundling asset TestStack/Auth/CreateAuthChallenge/Code/Stage...

  ...40b3368cfbee4c075b4e445ad13ccd66ad11dd93751f0d61-building/index.js  2.1kb

⚡ Done in 1ms
Bundling asset FringeStack/Auth/VerifyAuthChallengeResponse/Code/Stage...
npm warn Unknown env config "npm-globalconfig". This will stop working in the next major version of npm. See `npm help npmrc` for supported config options.
npm warn Unknown env config "dir". This will stop working in the next major version of npm. See `npm help npmrc` for supported config options.
npm warn Unknown env config "verify-deps-before-run". This will stop working in the next major version of npm. See `npm help npmrc` for supported config options.
npm warn Unknown env config "_jsr-registry". This will stop working in the next major version of npm. See `npm help npmrc` for supported config options.
npm warn Unknown env config "npm-globalconfig". This will stop working in the next major version of npm. See `npm help npmrc` for supported config options.
npm warn Unknown env config "dir". This will stop working in the next major version of npm. See `npm help npmrc` for supported config options.
npm warn Unknown env config "verify-deps-before-run". This will stop working in the next major version of npm. See `npm help npmrc` for supported config options.
npm warn Unknown env config "_jsr-registry". This will stop working in the next major version of npm. See `npm help npmrc` for supported config options.
npm warn Unknown env config "npm-globalconfig". This will stop working in the next major version of npm. See `npm help npmrc` for supported config options.
npm warn Unknown env config "dir". This will stop working in the next major version of npm. See `npm help npmrc` for supported config options.
npm warn Unknown env config "verify-deps-before-run". This will stop working in the next major version of npm. See `npm help npmrc` for supported config options.
npm warn Unknown env config "_jsr-registry". This will stop working in the next major version of npm. See `npm help npmrc` for supported config options.

  ...f28a68c9dc6aafe7d67d67a6298977d7ff8633433d18463e-building/index.js  2.1kb

⚡ Done in 1ms

  ...b7948bcc9b03a2d77de3f48b89d22a1356375cec26a683e5-building/index.js  2.1kb

⚡ Done in 1ms

  ...35a4ca046f2fa5c0daae3c889ab94ad0945d8e897ea7f7a6-building/index.js  1.5kb

⚡ Done in 1ms
Bundling asset TestStack/Auth/VerifyAuthChallengeResponse/Code/Stage...
Bundling asset TestStack/Auth/VerifyAuthChallengeResponse/Code/Stage...
FAIL test/fringe-stack.test.ts (27.538 s)
  ● Console

    console.warn
      [WARNING] aws-cdk-lib.aws_dynamodb.TableGrantsProps#encryptedResource is deprecated.
        - Leave this field undefined. If the table is encrypted with a customer-managed KMS key, appropriate
      grants to the key will be automatically added.
        This API will be removed in the next major release.

       9 |     super(scope, id);
      10 |
    > 11 |     this.table = new TableV2(this, 'Table', {
         |                  ^
      12 |       tableName: 'fringe',
      13 |       partitionKey: { name: 'pk', type: AttributeType.STRING },
      14 |       sortKey: { name: 'sk', type: AttributeType.STRING },

      at print (node_modules/aws-cdk-lib/.warnings.jsii.js:11:146)
      at Proxy.aws_cdk_lib_aws_dynamodb_TableGrantsProps (node_modules/aws-cdk-lib/.warnings.jsii.js:1:40694)
      at new TableGrants (node_modules/aws-cdk-lib/aws-dynamodb/lib/table-grants.js:1:2345)
      at new TableV22 (node_modules/aws-cdk-lib/aws-dynamodb/lib/table-v2.js:1:15662)
      at new TableV22 (node_modules/aws-cdk-lib/core/lib/no-box-stack-traces.js:1:447)
      at new TableV22 (node_modules/aws-cdk-lib/core/lib/prop-injectable.js:1:957)
      at new FringeDynamo (lib/constructs/dynamo.ts:11:18)
      at new FringeStack (lib/fringe-stack.ts:22:20)
      at Object.<anonymous> (test/fringe-stack.test.ts:23:13)

    console.warn
      [WARNING] aws-cdk-lib.aws_dynamodb.TableGrantsProps#policyResource is deprecated.
        - Leave this field undefined. A best-effort attempt will be made to discover a resource policy and add
      permissions to it.
        This API will be removed in the next major release.

       9 |     super(scope, id);
      10 |
    > 11 |     this.table = new TableV2(this, 'Table', {
         |                  ^
      12 |       tableName: 'fringe',
      13 |       partitionKey: { name: 'pk', type: AttributeType.STRING },
      14 |       sortKey: { name: 'sk', type: AttributeType.STRING },

      at print (node_modules/aws-cdk-lib/.warnings.jsii.js:11:146)
      at Proxy.aws_cdk_lib_aws_dynamodb_TableGrantsProps (node_modules/aws-cdk-lib/.warnings.jsii.js:2:72)
      at new TableGrants (node_modules/aws-cdk-lib/aws-dynamodb/lib/table-grants.js:1:2345)
      at new TableV22 (node_modules/aws-cdk-lib/aws-dynamodb/lib/table-v2.js:1:15662)
      at new TableV22 (node_modules/aws-cdk-lib/core/lib/no-box-stack-traces.js:1:447)
      at new TableV22 (node_modules/aws-cdk-lib/core/lib/prop-injectable.js:1:957)
      at new FringeDynamo (lib/constructs/dynamo.ts:11:18)
      at new FringeStack (lib/fringe-stack.ts:22:20)
      at Object.<anonymous> (test/fringe-stack.test.ts:23:13)

    console.warn
      [WARNING] aws-cdk-lib.aws_dynamodb.TableGrantsProps#encryptedResource is deprecated.
        - Leave this field undefined. If the table is encrypted with a customer-managed KMS key, appropriate
      grants to the key will be automatically added.
        This API will be removed in the next major release.

       9 |     super(scope, id);
      10 |
    > 11 |     this.table = new TableV2(this, 'Table', {
         |                  ^
      12 |       tableName: 'fringe',
      13 |       partitionKey: { name: 'pk', type: AttributeType.STRING },
      14 |       sortKey: { name: 'sk', type: AttributeType.STRING },

      at print (node_modules/aws-cdk-lib/.warnings.jsii.js:11:146)
      at Proxy.aws_cdk_lib_aws_dynamodb_TableGrantsProps (node_modules/aws-cdk-lib/.warnings.jsii.js:1:40694)
      at new TableGrants (node_modules/aws-cdk-lib/aws-dynamodb/lib/table-grants.js:1:2345)
      at new TableV22 (node_modules/aws-cdk-lib/aws-dynamodb/lib/table-v2.js:1:15662)
      at new TableV22 (node_modules/aws-cdk-lib/core/lib/no-box-stack-traces.js:1:447)
      at new TableV22 (node_modules/aws-cdk-lib/core/lib/prop-injectable.js:1:957)
      at new FringeDynamo (lib/constructs/dynamo.ts:11:18)
      at new FringeStack (lib/fringe-stack.ts:22:20)
      at Object.<anonymous> (test/fringe-stack.test.ts:23:13)

    console.warn
      [WARNING] aws-cdk-lib.aws_dynamodb.TableGrantsProps#policyResource is deprecated.
        - Leave this field undefined. A best-effort attempt will be made to discover a resource policy and add
      permissions to it.
        This API will be removed in the next major release.

       9 |     super(scope, id);
      10 |
    > 11 |     this.table = new TableV2(this, 'Table', {
         |                  ^
      12 |       tableName: 'fringe',
      13 |       partitionKey: { name: 'pk', type: AttributeType.STRING },
      14 |       sortKey: { name: 'sk', type: AttributeType.STRING },

      at print (node_modules/aws-cdk-lib/.warnings.jsii.js:11:146)
      at Proxy.aws_cdk_lib_aws_dynamodb_TableGrantsProps (node_modules/aws-cdk-lib/.warnings.jsii.js:2:72)
      at new TableGrants (node_modules/aws-cdk-lib/aws-dynamodb/lib/table-grants.js:1:2345)
      at new TableV22 (node_modules/aws-cdk-lib/aws-dynamodb/lib/table-v2.js:1:15662)
      at new TableV22 (node_modules/aws-cdk-lib/core/lib/no-box-stack-traces.js:1:447)
      at new TableV22 (node_modules/aws-cdk-lib/core/lib/prop-injectable.js:1:957)
      at new FringeDynamo (lib/constructs/dynamo.ts:11:18)
      at new FringeStack (lib/fringe-stack.ts:22:20)
      at Object.<anonymous> (test/fringe-stack.test.ts:23:13)

    console.warn
      [WARNING] aws-cdk-lib.aws_dynamodb.TableGrantsProps#encryptedResource is deprecated.
        - Leave this field undefined. If the table is encrypted with a customer-managed KMS key, appropriate
      grants to the key will be automatically added.
        This API will be removed in the next major release.

       9 |     super(scope, id);
      10 |
    > 11 |     this.table = new TableV2(this, 'Table', {
         |                  ^
      12 |       tableName: 'fringe',
      13 |       partitionKey: { name: 'pk', type: AttributeType.STRING },
      14 |       sortKey: { name: 'sk', type: AttributeType.STRING },

      at print (node_modules/aws-cdk-lib/.warnings.jsii.js:11:146)
      at Proxy.aws_cdk_lib_aws_dynamodb_TableGrantsProps (node_modules/aws-cdk-lib/.warnings.jsii.js:1:40694)
      at new TableGrants (node_modules/aws-cdk-lib/aws-dynamodb/lib/table-grants.js:1:2345)
      at new TableV22 (node_modules/aws-cdk-lib/aws-dynamodb/lib/table-v2.js:1:15662)
      at new TableV22 (node_modules/aws-cdk-lib/core/lib/no-box-stack-traces.js:1:447)
      at new TableV22 (node_modules/aws-cdk-lib/core/lib/prop-injectable.js:1:957)
      at new FringeDynamo (lib/constructs/dynamo.ts:11:18)
      at new FringeStack (lib/fringe-stack.ts:22:20)
      at Object.<anonymous> (test/fringe-stack.test.ts:23:13)

    console.warn
      [WARNING] aws-cdk-lib.aws_dynamodb.TableGrantsProps#policyResource is deprecated.
        - Leave this field undefined. A best-effort attempt will be made to discover a resource policy and add
      permissions to it.
        This API will be removed in the next major release.

       9 |     super(scope, id);
      10 |
    > 11 |     this.table = new TableV2(this, 'Table', {
         |                  ^
      12 |       tableName: 'fringe',
      13 |       partitionKey: { name: 'pk', type: AttributeType.STRING },
      14 |       sortKey: { name: 'sk', type: AttributeType.STRING },

      at print (node_modules/aws-cdk-lib/.warnings.jsii.js:11:146)
      at Proxy.aws_cdk_lib_aws_dynamodb_TableGrantsProps (node_modules/aws-cdk-lib/.warnings.jsii.js:2:72)
      at new TableGrants (node_modules/aws-cdk-lib/aws-dynamodb/lib/table-grants.js:1:2345)
      at new TableV22 (node_modules/aws-cdk-lib/aws-dynamodb/lib/table-v2.js:1:15662)
      at new TableV22 (node_modules/aws-cdk-lib/core/lib/no-box-stack-traces.js:1:447)
      at new TableV22 (node_modules/aws-cdk-lib/core/lib/prop-injectable.js:1:957)
      at new FringeDynamo (lib/constructs/dynamo.ts:11:18)
      at new FringeStack (lib/fringe-stack.ts:22:20)
      at Object.<anonymous> (test/fringe-stack.test.ts:23:13)

    console.warn
      [WARNING] aws-cdk-lib.aws_dynamodb.TableGrantsProps#encryptedResource is deprecated.
        - Leave this field undefined. If the table is encrypted with a customer-managed KMS key, appropriate
      grants to the key will be automatically added.
        This API will be removed in the next major release.

       9 |     super(scope, id);
      10 |
    > 11 |     this.table = new TableV2(this, 'Table', {
         |                  ^
      12 |       tableName: 'fringe',
      13 |       partitionKey: { name: 'pk', type: AttributeType.STRING },
      14 |       sortKey: { name: 'sk', type: AttributeType.STRING },

      at print (node_modules/aws-cdk-lib/.warnings.jsii.js:11:146)
      at Proxy.aws_cdk_lib_aws_dynamodb_TableGrantsProps (node_modules/aws-cdk-lib/.warnings.jsii.js:1:40694)
      at new TableGrants (node_modules/aws-cdk-lib/aws-dynamodb/lib/table-grants.js:1:2345)
      at new TableV22 (node_modules/aws-cdk-lib/aws-dynamodb/lib/table-v2.js:1:15662)
      at new TableV22 (node_modules/aws-cdk-lib/core/lib/no-box-stack-traces.js:1:447)
      at new TableV22 (node_modules/aws-cdk-lib/core/lib/prop-injectable.js:1:957)
      at new FringeDynamo (lib/constructs/dynamo.ts:11:18)
      at new FringeStack (lib/fringe-stack.ts:22:20)
      at Object.<anonymous> (test/fringe-stack.test.ts:23:13)

    console.warn
      [WARNING] aws-cdk-lib.aws_dynamodb.TableGrantsProps#policyResource is deprecated.
        - Leave this field undefined. A best-effort attempt will be made to discover a resource policy and add
      permissions to it.
        This API will be removed in the next major release.

       9 |     super(scope, id);
      10 |
    > 11 |     this.table = new TableV2(this, 'Table', {
         |                  ^
      12 |       tableName: 'fringe',
      13 |       partitionKey: { name: 'pk', type: AttributeType.STRING },
      14 |       sortKey: { name: 'sk', type: AttributeType.STRING },

      at print (node_modules/aws-cdk-lib/.warnings.jsii.js:11:146)
      at Proxy.aws_cdk_lib_aws_dynamodb_TableGrantsProps (node_modules/aws-cdk-lib/.warnings.jsii.js:2:72)
      at new TableGrants (node_modules/aws-cdk-lib/aws-dynamodb/lib/table-grants.js:1:2345)
      at new TableV22 (node_modules/aws-cdk-lib/aws-dynamodb/lib/table-v2.js:1:15662)
      at new TableV22 (node_modules/aws-cdk-lib/core/lib/no-box-stack-traces.js:1:447)
      at new TableV22 (node_modules/aws-cdk-lib/core/lib/prop-injectable.js:1:957)
      at new FringeDynamo (lib/constructs/dynamo.ts:11:18)
      at new FringeStack (lib/fringe-stack.ts:22:20)
      at Object.<anonymous> (test/fringe-stack.test.ts:23:13)

    console.warn
      [WARNING] aws-cdk-lib.aws_dynamodb.TableGrantsProps#encryptedResource is deprecated.
        - Leave this field undefined. If the table is encrypted with a customer-managed KMS key, appropriate
      grants to the key will be automatically added.
        This API will be removed in the next major release.

       9 |     super(scope, id);
      10 |
    > 11 |     this.table = new TableV2(this, 'Table', {
         |                  ^
      12 |       tableName: 'fringe',
      13 |       partitionKey: { name: 'pk', type: AttributeType.STRING },
      14 |       sortKey: { name: 'sk', type: AttributeType.STRING },

      at print (node_modules/aws-cdk-lib/.warnings.jsii.js:11:146)
      at Proxy.aws_cdk_lib_aws_dynamodb_TableGrantsProps (node_modules/aws-cdk-lib/.warnings.jsii.js:1:40694)
      at new TableGrants (node_modules/aws-cdk-lib/aws-dynamodb/lib/table-grants.js:1:2345)
      at new TableV22 (node_modules/aws-cdk-lib/aws-dynamodb/lib/table-v2.js:1:15662)
      at new TableV22 (node_modules/aws-cdk-lib/core/lib/no-box-stack-traces.js:1:447)
      at new TableV22 (node_modules/aws-cdk-lib/core/lib/prop-injectable.js:1:957)
      at new FringeDynamo (lib/constructs/dynamo.ts:11:18)
      at new FringeStack (lib/fringe-stack.ts:22:20)
      at Object.<anonymous> (test/fringe-stack.test.ts:23:13)

    console.warn
      [WARNING] aws-cdk-lib.aws_dynamodb.TableGrantsProps#policyResource is deprecated.
        - Leave this field undefined. A best-effort attempt will be made to discover a resource policy and add
      permissions to it.
        This API will be removed in the next major release.

       9 |     super(scope, id);
      10 |
    > 11 |     this.table = new TableV2(this, 'Table', {
         |                  ^
      12 |       tableName: 'fringe',
      13 |       partitionKey: { name: 'pk', type: AttributeType.STRING },
      14 |       sortKey: { name: 'sk', type: AttributeType.STRING },

      at print (node_modules/aws-cdk-lib/.warnings.jsii.js:11:146)
      at Proxy.aws_cdk_lib_aws_dynamodb_TableGrantsProps (node_modules/aws-cdk-lib/.warnings.jsii.js:2:72)
      at new TableGrants (node_modules/aws-cdk-lib/aws-dynamodb/lib/table-grants.js:1:2345)
      at new TableV22 (node_modules/aws-cdk-lib/aws-dynamodb/lib/table-v2.js:1:15662)
      at new TableV22 (node_modules/aws-cdk-lib/core/lib/no-box-stack-traces.js:1:447)
      at new TableV22 (node_modules/aws-cdk-lib/core/lib/prop-injectable.js:1:957)
      at new FringeDynamo (lib/constructs/dynamo.ts:11:18)
      at new FringeStack (lib/fringe-stack.ts:22:20)
      at Object.<anonymous> (test/fringe-stack.test.ts:23:13)

    console.warn
      [WARNING] aws-cdk-lib.aws_dynamodb.TableGrantsProps#encryptedResource is deprecated.
        - Leave this field undefined. If the table is encrypted with a customer-managed KMS key, appropriate
      grants to the key will be automatically added.
        This API will be removed in the next major release.

       9 |     super(scope, id);
      10 |
    > 11 |     this.table = new TableV2(this, 'Table', {
         |                  ^
      12 |       tableName: 'fringe',
      13 |       partitionKey: { name: 'pk', type: AttributeType.STRING },
      14 |       sortKey: { name: 'sk', type: AttributeType.STRING },

      at print (node_modules/aws-cdk-lib/.warnings.jsii.js:11:146)
      at Proxy.aws_cdk_lib_aws_dynamodb_TableGrantsProps (node_modules/aws-cdk-lib/.warnings.jsii.js:1:40694)
      at new TableGrants (node_modules/aws-cdk-lib/aws-dynamodb/lib/table-grants.js:1:2345)
      at new TableV22 (node_modules/aws-cdk-lib/aws-dynamodb/lib/table-v2.js:1:15662)
      at new TableV22 (node_modules/aws-cdk-lib/core/lib/no-box-stack-traces.js:1:447)
      at new TableV22 (node_modules/aws-cdk-lib/core/lib/prop-injectable.js:1:957)
      at new FringeDynamo (lib/constructs/dynamo.ts:11:18)
      at new FringeStack (lib/fringe-stack.ts:22:20)
      at Object.<anonymous> (test/fringe-stack.test.ts:23:13)

    console.warn
      [WARNING] aws-cdk-lib.aws_dynamodb.TableGrantsProps#policyResource is deprecated.
        - Leave this field undefined. A best-effort attempt will be made to discover a resource policy and add
      permissions to it.
        This API will be removed in the next major release.

       9 |     super(scope, id);
      10 |
    > 11 |     this.table = new TableV2(this, 'Table', {
         |                  ^
      12 |       tableName: 'fringe',
      13 |       partitionKey: { name: 'pk', type: AttributeType.STRING },
      14 |       sortKey: { name: 'sk', type: AttributeType.STRING },

      at print (node_modules/aws-cdk-lib/.warnings.jsii.js:11:146)
      at Proxy.aws_cdk_lib_aws_dynamodb_TableGrantsProps (node_modules/aws-cdk-lib/.warnings.jsii.js:2:72)
      at new TableGrants (node_modules/aws-cdk-lib/aws-dynamodb/lib/table-grants.js:1:2345)
      at new TableV22 (node_modules/aws-cdk-lib/aws-dynamodb/lib/table-v2.js:1:15662)
      at new TableV22 (node_modules/aws-cdk-lib/core/lib/no-box-stack-traces.js:1:447)
      at new TableV22 (node_modules/aws-cdk-lib/core/lib/prop-injectable.js:1:957)
      at new FringeDynamo (lib/constructs/dynamo.ts:11:18)
      at new FringeStack (lib/fringe-stack.ts:22:20)
      at Object.<anonymous> (test/fringe-stack.test.ts:23:13)

    console.warn
      [WARNING] aws-cdk-lib.aws_dynamodb.TableGrantsProps#encryptedResource is deprecated.
        - Leave this field undefined. If the table is encrypted with a customer-managed KMS key, appropriate
      grants to the key will be automatically added.
        This API will be removed in the next major release.

       9 |     super(scope, id);
      10 |
    > 11 |     this.table = new TableV2(this, 'Table', {
         |                  ^
      12 |       tableName: 'fringe',
      13 |       partitionKey: { name: 'pk', type: AttributeType.STRING },
      14 |       sortKey: { name: 'sk', type: AttributeType.STRING },

      at print (node_modules/aws-cdk-lib/.warnings.jsii.js:11:146)
      at Proxy.aws_cdk_lib_aws_dynamodb_TableGrantsProps (node_modules/aws-cdk-lib/.warnings.jsii.js:1:40694)
      at new TableGrants (node_modules/aws-cdk-lib/aws-dynamodb/lib/table-grants.js:1:2345)
      at new TableV22 (node_modules/aws-cdk-lib/aws-dynamodb/lib/table-v2.js:1:15662)
      at new TableV22 (node_modules/aws-cdk-lib/core/lib/no-box-stack-traces.js:1:447)
      at new TableV22 (node_modules/aws-cdk-lib/core/lib/prop-injectable.js:1:957)
      at new FringeDynamo (lib/constructs/dynamo.ts:11:18)
      at new FringeStack (lib/fringe-stack.ts:22:20)
      at Object.<anonymous> (test/fringe-stack.test.ts:23:13)

    console.warn
      [WARNING] aws-cdk-lib.aws_dynamodb.TableGrantsProps#policyResource is deprecated.
        - Leave this field undefined. A best-effort attempt will be made to discover a resource policy and add
      permissions to it.
        This API will be removed in the next major release.

       9 |     super(scope, id);
      10 |
    > 11 |     this.table = new TableV2(this, 'Table', {
         |                  ^
      12 |       tableName: 'fringe',
      13 |       partitionKey: { name: 'pk', type: AttributeType.STRING },
      14 |       sortKey: { name: 'sk', type: AttributeType.STRING },

      at print (node_modules/aws-cdk-lib/.warnings.jsii.js:11:146)
      at Proxy.aws_cdk_lib_aws_dynamodb_TableGrantsProps (node_modules/aws-cdk-lib/.warnings.jsii.js:2:72)
      at new TableGrants (node_modules/aws-cdk-lib/aws-dynamodb/lib/table-grants.js:1:2345)
      at new TableV22 (node_modules/aws-cdk-lib/aws-dynamodb/lib/table-v2.js:1:15662)
      at new TableV22 (node_modules/aws-cdk-lib/core/lib/no-box-stack-traces.js:1:447)
      at new TableV22 (node_modules/aws-cdk-lib/core/lib/prop-injectable.js:1:957)
      at new FringeDynamo (lib/constructs/dynamo.ts:11:18)
      at new FringeStack (lib/fringe-stack.ts:22:20)
      at Object.<anonymous> (test/fringe-stack.test.ts:23:13)

    console.warn
      [WARNING] aws-cdk-lib.aws_dynamodb.TableGrantsProps#encryptedResource is deprecated.
        - Leave this field undefined. If the table is encrypted with a customer-managed KMS key, appropriate
      grants to the key will be automatically added.
        This API will be removed in the next major release.

       9 |     super(scope, id);
      10 |
    > 11 |     this.table = new TableV2(this, 'Table', {
         |                  ^
      12 |       tableName: 'fringe',
      13 |       partitionKey: { name: 'pk', type: AttributeType.STRING },
      14 |       sortKey: { name: 'sk', type: AttributeType.STRING },

      at print (node_modules/aws-cdk-lib/.warnings.jsii.js:11:146)
      at Proxy.aws_cdk_lib_aws_dynamodb_TableGrantsProps (node_modules/aws-cdk-lib/.warnings.jsii.js:1:40694)
      at new TableGrants (node_modules/aws-cdk-lib/aws-dynamodb/lib/table-grants.js:1:2345)
      at new TableV22 (node_modules/aws-cdk-lib/aws-dynamodb/lib/table-v2.js:1:15662)
      at new TableV22 (node_modules/aws-cdk-lib/core/lib/no-box-stack-traces.js:1:447)
      at new TableV22 (node_modules/aws-cdk-lib/core/lib/prop-injectable.js:1:957)
      at new FringeDynamo (lib/constructs/dynamo.ts:11:18)
      at new FringeStack (lib/fringe-stack.ts:22:20)
      at Object.<anonymous> (test/fringe-stack.test.ts:23:13)

    console.warn
      [WARNING] aws-cdk-lib.aws_dynamodb.TableGrantsProps#policyResource is deprecated.
        - Leave this field undefined. A best-effort attempt will be made to discover a resource policy and add
      permissions to it.
        This API will be removed in the next major release.

       9 |     super(scope, id);
      10 |
    > 11 |     this.table = new TableV2(this, 'Table', {
         |                  ^
      12 |       tableName: 'fringe',
      13 |       partitionKey: { name: 'pk', type: AttributeType.STRING },
      14 |       sortKey: { name: 'sk', type: AttributeType.STRING },

      at print (node_modules/aws-cdk-lib/.warnings.jsii.js:11:146)
      at Proxy.aws_cdk_lib_aws_dynamodb_TableGrantsProps (node_modules/aws-cdk-lib/.warnings.jsii.js:2:72)
      at new TableGrants (node_modules/aws-cdk-lib/aws-dynamodb/lib/table-grants.js:1:2345)
      at new TableV22 (node_modules/aws-cdk-lib/aws-dynamodb/lib/table-v2.js:1:15662)
      at new TableV22 (node_modules/aws-cdk-lib/core/lib/no-box-stack-traces.js:1:447)
      at new TableV22 (node_modules/aws-cdk-lib/core/lib/prop-injectable.js:1:957)
      at new FringeDynamo (lib/constructs/dynamo.ts:11:18)
      at new FringeStack (lib/fringe-stack.ts:22:20)
      at Object.<anonymous> (test/fringe-stack.test.ts:23:13)

    console.warn
      [WARNING] aws-cdk-lib.aws_dynamodb.TableGrantsProps#encryptedResource is deprecated.
        - Leave this field undefined. If the table is encrypted with a customer-managed KMS key, appropriate
      grants to the key will be automatically added.
        This API will be removed in the next major release.

       9 |     super(scope, id);
      10 |
    > 11 |     this.table = new TableV2(this, 'Table', {
         |                  ^
      12 |       tableName: 'fringe',
      13 |       partitionKey: { name: 'pk', type: AttributeType.STRING },
      14 |       sortKey: { name: 'sk', type: AttributeType.STRING },

      at print (node_modules/aws-cdk-lib/.warnings.jsii.js:11:146)
      at Proxy.aws_cdk_lib_aws_dynamodb_TableGrantsProps (node_modules/aws-cdk-lib/.warnings.jsii.js:1:40694)
      at new TableGrants (node_modules/aws-cdk-lib/aws-dynamodb/lib/table-grants.js:1:2345)
      at new TableV22 (node_modules/aws-cdk-lib/aws-dynamodb/lib/table-v2.js:1:15662)
      at new TableV22 (node_modules/aws-cdk-lib/core/lib/no-box-stack-traces.js:1:447)
      at new TableV22 (node_modules/aws-cdk-lib/core/lib/prop-injectable.js:1:957)
      at new FringeDynamo (lib/constructs/dynamo.ts:11:18)
      at new FringeStack (lib/fringe-stack.ts:22:20)
      at Object.<anonymous> (test/fringe-stack.test.ts:23:13)

    console.warn
      [WARNING] aws-cdk-lib.aws_dynamodb.TableGrantsProps#policyResource is deprecated.
        - Leave this field undefined. A best-effort attempt will be made to discover a resource policy and add
      permissions to it.
        This API will be removed in the next major release.

       9 |     super(scope, id);
      10 |
    > 11 |     this.table = new TableV2(this, 'Table', {
         |                  ^
      12 |       tableName: 'fringe',
      13 |       partitionKey: { name: 'pk', type: AttributeType.STRING },
      14 |       sortKey: { name: 'sk', type: AttributeType.STRING },

      at print (node_modules/aws-cdk-lib/.warnings.jsii.js:11:146)
      at Proxy.aws_cdk_lib_aws_dynamodb_TableGrantsProps (node_modules/aws-cdk-lib/.warnings.jsii.js:2:72)
      at new TableGrants (node_modules/aws-cdk-lib/aws-dynamodb/lib/table-grants.js:1:2345)
      at new TableV22 (node_modules/aws-cdk-lib/aws-dynamodb/lib/table-v2.js:1:15662)
      at new TableV22 (node_modules/aws-cdk-lib/core/lib/no-box-stack-traces.js:1:447)
      at new TableV22 (node_modules/aws-cdk-lib/core/lib/prop-injectable.js:1:957)
      at new FringeDynamo (lib/constructs/dynamo.ts:11:18)
      at new FringeStack (lib/fringe-stack.ts:22:20)
      at Object.<anonymous> (test/fringe-stack.test.ts:23:13)

    console.warn
      [WARNING] aws-cdk-lib.aws_dynamodb.TableGrantsProps#encryptedResource is deprecated.
        - Leave this field undefined. If the table is encrypted with a customer-managed KMS key, appropriate
      grants to the key will be automatically added.
        This API will be removed in the next major release.

       9 |     super(scope, id);
      10 |
    > 11 |     this.table = new TableV2(this, 'Table', {
         |                  ^
      12 |       tableName: 'fringe',
      13 |       partitionKey: { name: 'pk', type: AttributeType.STRING },
      14 |       sortKey: { name: 'sk', type: AttributeType.STRING },

      at print (node_modules/aws-cdk-lib/.warnings.jsii.js:11:146)
      at Proxy.aws_cdk_lib_aws_dynamodb_TableGrantsProps (node_modules/aws-cdk-lib/.warnings.jsii.js:1:40694)
      at new TableGrants (node_modules/aws-cdk-lib/aws-dynamodb/lib/table-grants.js:1:2345)
      at new TableV22 (node_modules/aws-cdk-lib/aws-dynamodb/lib/table-v2.js:1:15662)
      at new TableV22 (node_modules/aws-cdk-lib/core/lib/no-box-stack-traces.js:1:447)
      at new TableV22 (node_modules/aws-cdk-lib/core/lib/prop-injectable.js:1:957)
      at new FringeDynamo (lib/constructs/dynamo.ts:11:18)
      at new FringeStack (lib/fringe-stack.ts:22:20)
      at Object.<anonymous> (test/fringe-stack.test.ts:23:13)

    console.warn
      [WARNING] aws-cdk-lib.aws_dynamodb.TableGrantsProps#policyResource is deprecated.
        - Leave this field undefined. A best-effort attempt will be made to discover a resource policy and add
      permissions to it.
        This API will be removed in the next major release.

       9 |     super(scope, id);
      10 |
    > 11 |     this.table = new TableV2(this, 'Table', {
         |                  ^
      12 |       tableName: 'fringe',
      13 |       partitionKey: { name: 'pk', type: AttributeType.STRING },
      14 |       sortKey: { name: 'sk', type: AttributeType.STRING },

      at print (node_modules/aws-cdk-lib/.warnings.jsii.js:11:146)
      at Proxy.aws_cdk_lib_aws_dynamodb_TableGrantsProps (node_modules/aws-cdk-lib/.warnings.jsii.js:2:72)
      at new TableGrants (node_modules/aws-cdk-lib/aws-dynamodb/lib/table-grants.js:1:2345)
      at new TableV22 (node_modules/aws-cdk-lib/aws-dynamodb/lib/table-v2.js:1:15662)
      at new TableV22 (node_modules/aws-cdk-lib/core/lib/no-box-stack-traces.js:1:447)
      at new TableV22 (node_modules/aws-cdk-lib/core/lib/prop-injectable.js:1:957)
      at new FringeDynamo (lib/constructs/dynamo.ts:11:18)
      at new FringeStack (lib/fringe-stack.ts:22:20)
      at Object.<anonymous> (test/fringe-stack.test.ts:23:13)

    console.warn
      [WARNING] aws-cdk-lib.aws_dynamodb.TableGrantsProps#encryptedResource is deprecated.
        - Leave this field undefined. If the table is encrypted with a customer-managed KMS key, appropriate
      grants to the key will be automatically added.
        This API will be removed in the next major release.

       9 |     super(scope, id);
      10 |
    > 11 |     this.table = new TableV2(this, 'Table', {
         |                  ^
      12 |       tableName: 'fringe',
      13 |       partitionKey: { name: 'pk', type: AttributeType.STRING },
      14 |       sortKey: { name: 'sk', type: AttributeType.STRING },

      at print (node_modules/aws-cdk-lib/.warnings.jsii.js:11:146)
      at Proxy.aws_cdk_lib_aws_dynamodb_TableGrantsProps (node_modules/aws-cdk-lib/.warnings.jsii.js:1:40694)
      at new TableGrants (node_modules/aws-cdk-lib/aws-dynamodb/lib/table-grants.js:1:2345)
      at new TableV22 (node_modules/aws-cdk-lib/aws-dynamodb/lib/table-v2.js:1:15662)
      at new TableV22 (node_modules/aws-cdk-lib/core/lib/no-box-stack-traces.js:1:447)
      at new TableV22 (node_modules/aws-cdk-lib/core/lib/prop-injectable.js:1:957)
      at new FringeDynamo (lib/constructs/dynamo.ts:11:18)
      at new FringeStack (lib/fringe-stack.ts:22:20)
      at Object.<anonymous> (test/fringe-stack.test.ts:23:13)

    console.warn
      [WARNING] aws-cdk-lib.aws_dynamodb.TableGrantsProps#policyResource is deprecated.
        - Leave this field undefined. A best-effort attempt will be made to discover a resource policy and add
      permissions to it.
        This API will be removed in the next major release.

       9 |     super(scope, id);
      10 |
    > 11 |     this.table = new TableV2(this, 'Table', {
         |                  ^
      12 |       tableName: 'fringe',
      13 |       partitionKey: { name: 'pk', type: AttributeType.STRING },
      14 |       sortKey: { name: 'sk', type: AttributeType.STRING },

      at print (node_modules/aws-cdk-lib/.warnings.jsii.js:11:146)
      at Proxy.aws_cdk_lib_aws_dynamodb_TableGrantsProps (node_modules/aws-cdk-lib/.warnings.jsii.js:2:72)
      at new TableGrants (node_modules/aws-cdk-lib/aws-dynamodb/lib/table-grants.js:1:2345)
      at new TableV22 (node_modules/aws-cdk-lib/aws-dynamodb/lib/table-v2.js:1:15662)
      at new TableV22 (node_modules/aws-cdk-lib/core/lib/no-box-stack-traces.js:1:447)
      at new TableV22 (node_modules/aws-cdk-lib/core/lib/prop-injectable.js:1:957)
      at new FringeDynamo (lib/constructs/dynamo.ts:11:18)
      at new FringeStack (lib/fringe-stack.ts:22:20)
      at Object.<anonymous> (test/fringe-stack.test.ts:23:13)

    console.warn
      [WARNING] aws-cdk-lib.aws_dynamodb.TableGrantsProps#encryptedResource is deprecated.
        - Leave this field undefined. If the table is encrypted with a customer-managed KMS key, appropriate
      grants to the key will be automatically added.
        This API will be removed in the next major release.

       9 |     super(scope, id);
      10 |
    > 11 |     this.table = new TableV2(this, 'Table', {
         |                  ^
      12 |       tableName: 'fringe',
      13 |       partitionKey: { name: 'pk', type: AttributeType.STRING },
      14 |       sortKey: { name: 'sk', type: AttributeType.STRING },

      at print (node_modules/aws-cdk-lib/.warnings.jsii.js:11:146)
      at Proxy.aws_cdk_lib_aws_dynamodb_TableGrantsProps (node_modules/aws-cdk-lib/.warnings.jsii.js:1:40694)
      at new TableGrants (node_modules/aws-cdk-lib/aws-dynamodb/lib/table-grants.js:1:2345)
      at new TableV22 (node_modules/aws-cdk-lib/aws-dynamodb/lib/table-v2.js:1:15662)
      at new TableV22 (node_modules/aws-cdk-lib/core/lib/no-box-stack-traces.js:1:447)
      at new TableV22 (node_modules/aws-cdk-lib/core/lib/prop-injectable.js:1:957)
      at new FringeDynamo (lib/constructs/dynamo.ts:11:18)
      at new FringeStack (lib/fringe-stack.ts:22:20)
      at Object.<anonymous> (test/fringe-stack.test.ts:23:13)

    console.warn
      [WARNING] aws-cdk-lib.aws_dynamodb.TableGrantsProps#policyResource is deprecated.
        - Leave this field undefined. A best-effort attempt will be made to discover a resource policy and add
      permissions to it.
        This API will be removed in the next major release.

       9 |     super(scope, id);
      10 |
    > 11 |     this.table = new TableV2(this, 'Table', {
         |                  ^
      12 |       tableName: 'fringe',
      13 |       partitionKey: { name: 'pk', type: AttributeType.STRING },
      14 |       sortKey: { name: 'sk', type: AttributeType.STRING },

      at print (node_modules/aws-cdk-lib/.warnings.jsii.js:11:146)
      at Proxy.aws_cdk_lib_aws_dynamodb_TableGrantsProps (node_modules/aws-cdk-lib/.warnings.jsii.js:2:72)
      at new TableGrants (node_modules/aws-cdk-lib/aws-dynamodb/lib/table-grants.js:1:2345)
      at new TableV22 (node_modules/aws-cdk-lib/aws-dynamodb/lib/table-v2.js:1:15662)
      at new TableV22 (node_modules/aws-cdk-lib/core/lib/no-box-stack-traces.js:1:447)
      at new TableV22 (node_modules/aws-cdk-lib/core/lib/prop-injectable.js:1:957)
      at new FringeDynamo (lib/constructs/dynamo.ts:11:18)
      at new FringeStack (lib/fringe-stack.ts:22:20)
      at Object.<anonymous> (test/fringe-stack.test.ts:23:13)

    console.warn
      [WARNING] aws-cdk-lib.aws_dynamodb.TableGrantsProps#encryptedResource is deprecated.
        - Leave this field undefined. If the table is encrypted with a customer-managed KMS key, appropriate
      grants to the key will be automatically added.
        This API will be removed in the next major release.

       9 |     super(scope, id);
      10 |
    > 11 |     this.table = new TableV2(this, 'Table', {
         |                  ^
      12 |       tableName: 'fringe',
      13 |       partitionKey: { name: 'pk', type: AttributeType.STRING },
      14 |       sortKey: { name: 'sk', type: AttributeType.STRING },

      at print (node_modules/aws-cdk-lib/.warnings.jsii.js:11:146)
      at Proxy.aws_cdk_lib_aws_dynamodb_TableGrantsProps (node_modules/aws-cdk-lib/.warnings.jsii.js:1:40694)
      at new TableGrants (node_modules/aws-cdk-lib/aws-dynamodb/lib/table-grants.js:1:2345)
      at new TableV22 (node_modules/aws-cdk-lib/aws-dynamodb/lib/table-v2.js:1:15662)
      at new TableV22 (node_modules/aws-cdk-lib/core/lib/no-box-stack-traces.js:1:447)
      at new TableV22 (node_modules/aws-cdk-lib/core/lib/prop-injectable.js:1:957)
      at new FringeDynamo (lib/constructs/dynamo.ts:11:18)
      at new FringeStack (lib/fringe-stack.ts:22:20)
      at Object.<anonymous> (test/fringe-stack.test.ts:23:13)

    console.warn
      [WARNING] aws-cdk-lib.aws_dynamodb.TableGrantsProps#policyResource is deprecated.
        - Leave this field undefined. A best-effort attempt will be made to discover a resource policy and add
      permissions to it.
        This API will be removed in the next major release.

       9 |     super(scope, id);
      10 |
    > 11 |     this.table = new TableV2(this, 'Table', {
         |                  ^
      12 |       tableName: 'fringe',
      13 |       partitionKey: { name: 'pk', type: AttributeType.STRING },
      14 |       sortKey: { name: 'sk', type: AttributeType.STRING },

      at print (node_modules/aws-cdk-lib/.warnings.jsii.js:11:146)
      at Proxy.aws_cdk_lib_aws_dynamodb_TableGrantsProps (node_modules/aws-cdk-lib/.warnings.jsii.js:2:72)
      at new TableGrants (node_modules/aws-cdk-lib/aws-dynamodb/lib/table-grants.js:1:2345)
      at new TableV22 (node_modules/aws-cdk-lib/aws-dynamodb/lib/table-v2.js:1:15662)
      at new TableV22 (node_modules/aws-cdk-lib/core/lib/no-box-stack-traces.js:1:447)
      at new TableV22 (node_modules/aws-cdk-lib/core/lib/prop-injectable.js:1:957)
      at new FringeDynamo (lib/constructs/dynamo.ts:11:18)
      at new FringeStack (lib/fringe-stack.ts:22:20)
      at Object.<anonymous> (test/fringe-stack.test.ts:23:13)

  ● FringeStack › constructs › creates a DynamoDB table (FringeDynamo)

    «CannotFindAsset» Cannot find asset at /Users/jackschaible/dev/fringe/fringe-client/dist/client-new/browser
        .../Users/jackschaible/dev/fringe/infra/node_modules/aws-cdk-lib/aws-s3-deployment/lib/bucket-deployment.js:1:83 in aws-cdk-lib...
        at Array.map (:)
        ...new BucketDeployment2 in aws-cdk-lib...

      54 |     });
      55 |
    > 56 |     new BucketDeployment(this, "Deploy", {
         |     ^
      57 |       sources: [Source.asset("../fringe-client/dist/client-new/browser")],
      58 |       destinationBucket: bucket,
      59 |       distribution,

      at new FringeFrontend (lib/constructs/frontend.ts:56:5)
      at new FringeStack (lib/fringe-stack.ts:24:22)
          ...Promise.then.completed in jest-circus...
          at new Promise (:)
          ...jest-circus, node internals, jest-circus, jest-runner...
      Relates to construct:
          <.> (aws-cdk-lib.App)
           └─ FringeStack (aws-cdk-lib.Stack)
               └─ Frontend (constructs.Construct)
                   └─ Deploy (aws-cdk-lib.aws_s3_deployment.BucketDeployment)
                       └─ Asset1 (aws-cdk-lib.aws_s3_assets.Asset)
                           └─ Stage (aws-cdk-lib.AssetStaging)

  ● FringeStack › constructs › creates a Cognito UserPool (FringeAuth)

    «CannotFindAsset» Cannot find asset at /Users/jackschaible/dev/fringe/fringe-client/dist/client-new/browser
        .../Users/jackschaible/dev/fringe/infra/node_modules/aws-cdk-lib/aws-s3-deployment/lib/bucket-deployment.js:1:83 in aws-cdk-lib...
        at Array.map (:)
        ...new BucketDeployment2 in aws-cdk-lib...

      54 |     });
      55 |
    > 56 |     new BucketDeployment(this, "Deploy", {
         |     ^
      57 |       sources: [Source.asset("../fringe-client/dist/client-new/browser")],
      58 |       destinationBucket: bucket,
      59 |       distribution,

      at new FringeFrontend (lib/constructs/frontend.ts:56:5)
      at new FringeStack (lib/fringe-stack.ts:24:22)
          ...Promise.then.completed in jest-circus...
          at new Promise (:)
          ...jest-circus, node internals, jest-circus, jest-runner...
      Relates to construct:
          <.> (aws-cdk-lib.App)
           └─ FringeStack (aws-cdk-lib.Stack)
               └─ Frontend (constructs.Construct)
                   └─ Deploy (aws-cdk-lib.aws_s3_deployment.BucketDeployment)
                       └─ Asset1 (aws-cdk-lib.aws_s3_assets.Asset)
                           └─ Stage (aws-cdk-lib.AssetStaging)

  ● FringeStack › constructs › creates a CloudFront Distribution (FringeFrontend)

    «CannotFindAsset» Cannot find asset at /Users/jackschaible/dev/fringe/fringe-client/dist/client-new/browser
        .../Users/jackschaible/dev/fringe/infra/node_modules/aws-cdk-lib/aws-s3-deployment/lib/bucket-deployment.js:1:83 in aws-cdk-lib...
        at Array.map (:)
        ...new BucketDeployment2 in aws-cdk-lib...

      54 |     });
      55 |
    > 56 |     new BucketDeployment(this, "Deploy", {
         |     ^
      57 |       sources: [Source.asset("../fringe-client/dist/client-new/browser")],
      58 |       destinationBucket: bucket,
      59 |       distribution,

      at new FringeFrontend (lib/constructs/frontend.ts:56:5)
      at new FringeStack (lib/fringe-stack.ts:24:22)
          ...Promise.then.completed in jest-circus...
          at new Promise (:)
          ...jest-circus, node internals, jest-circus, jest-runner...
      Relates to construct:
          <.> (aws-cdk-lib.App)
           └─ FringeStack (aws-cdk-lib.Stack)
               └─ Frontend (constructs.Construct)
                   └─ Deploy (aws-cdk-lib.aws_s3_deployment.BucketDeployment)
                       └─ Asset1 (aws-cdk-lib.aws_s3_assets.Asset)
                           └─ Stage (aws-cdk-lib.AssetStaging)

  ● FringeStack › constructs › creates an API Gateway REST API (FringeApi)

    «CannotFindAsset» Cannot find asset at /Users/jackschaible/dev/fringe/fringe-client/dist/client-new/browser
        .../Users/jackschaible/dev/fringe/infra/node_modules/aws-cdk-lib/aws-s3-deployment/lib/bucket-deployment.js:1:83 in aws-cdk-lib...
        at Array.map (:)
        ...new BucketDeployment2 in aws-cdk-lib...

      54 |     });
      55 |
    > 56 |     new BucketDeployment(this, "Deploy", {
         |     ^
      57 |       sources: [Source.asset("../fringe-client/dist/client-new/browser")],
      58 |       destinationBucket: bucket,
      59 |       distribution,

      at new FringeFrontend (lib/constructs/frontend.ts:56:5)
      at new FringeStack (lib/fringe-stack.ts:24:22)
          ...Promise.then.completed in jest-circus...
          at new Promise (:)
          ...jest-circus, node internals, jest-circus, jest-runner...
      Relates to construct:
          <.> (aws-cdk-lib.App)
           └─ FringeStack (aws-cdk-lib.Stack)
               └─ Frontend (constructs.Construct)
                   └─ Deploy (aws-cdk-lib.aws_s3_deployment.BucketDeployment)
                       └─ Asset1 (aws-cdk-lib.aws_s3_assets.Asset)
                           └─ Stage (aws-cdk-lib.AssetStaging)

  ● FringeStack › constructs › creates an EventBridge Scheduler (FringeScraper)

    «CannotFindAsset» Cannot find asset at /Users/jackschaible/dev/fringe/fringe-client/dist/client-new/browser
        .../Users/jackschaible/dev/fringe/infra/node_modules/aws-cdk-lib/aws-s3-deployment/lib/bucket-deployment.js:1:83 in aws-cdk-lib...
        at Array.map (:)
        ...new BucketDeployment2 in aws-cdk-lib...

      54 |     });
      55 |
    > 56 |     new BucketDeployment(this, "Deploy", {
         |     ^
      57 |       sources: [Source.asset("../fringe-client/dist/client-new/browser")],
      58 |       destinationBucket: bucket,
      59 |       distribution,

      at new FringeFrontend (lib/constructs/frontend.ts:56:5)
      at new FringeStack (lib/fringe-stack.ts:24:22)
          ...Promise.then.completed in jest-circus...
          at new Promise (:)
          ...jest-circus, node internals, jest-circus, jest-runner...
      Relates to construct:
          <.> (aws-cdk-lib.App)
           └─ FringeStack (aws-cdk-lib.Stack)
               └─ Frontend (constructs.Construct)
                   └─ Deploy (aws-cdk-lib.aws_s3_deployment.BucketDeployment)
                       └─ Asset1 (aws-cdk-lib.aws_s3_assets.Asset)
                           └─ Stage (aws-cdk-lib.AssetStaging)

  ● FringeStack › stack properties › has termination protection enabled

    «CannotFindAsset» Cannot find asset at /Users/jackschaible/dev/fringe/fringe-client/dist/client-new/browser
        .../Users/jackschaible/dev/fringe/infra/node_modules/aws-cdk-lib/aws-s3-deployment/lib/bucket-deployment.js:1:83 in aws-cdk-lib...
        at Array.map (:)
        ...new BucketDeployment2 in aws-cdk-lib...

      54 |     });
      55 |
    > 56 |     new BucketDeployment(this, "Deploy", {
         |     ^
      57 |       sources: [Source.asset("../fringe-client/dist/client-new/browser")],
      58 |       destinationBucket: bucket,
      59 |       distribution,

      at new FringeFrontend (lib/constructs/frontend.ts:56:5)
      at new FringeStack (lib/fringe-stack.ts:24:22)
          ...Promise.then.completed in jest-circus...
          at new Promise (:)
          ...jest-circus, node internals, jest-circus, jest-runner...
      Relates to construct:
          <.> (aws-cdk-lib.App)
           └─ FringeStack (aws-cdk-lib.Stack)
               └─ Frontend (constructs.Construct)
                   └─ Deploy (aws-cdk-lib.aws_s3_deployment.BucketDeployment)
                       └─ Asset1 (aws-cdk-lib.aws_s3_assets.Asset)
                           └─ Stage (aws-cdk-lib.AssetStaging)

  ● FringeStack › stack properties › applies project=fringe-app tag to stack resources

    «CannotFindAsset» Cannot find asset at /Users/jackschaible/dev/fringe/fringe-client/dist/client-new/browser
        .../Users/jackschaible/dev/fringe/infra/node_modules/aws-cdk-lib/aws-s3-deployment/lib/bucket-deployment.js:1:83 in aws-cdk-lib...
        at Array.map (:)
        ...new BucketDeployment2 in aws-cdk-lib...

      54 |     });
      55 |
    > 56 |     new BucketDeployment(this, "Deploy", {
         |     ^
      57 |       sources: [Source.asset("../fringe-client/dist/client-new/browser")],
      58 |       destinationBucket: bucket,
      59 |       distribution,

      at new FringeFrontend (lib/constructs/frontend.ts:56:5)
      at new FringeStack (lib/fringe-stack.ts:24:22)
          ...Promise.then.completed in jest-circus...
          at new Promise (:)
          ...jest-circus, node internals, jest-circus, jest-runner...
      Relates to construct:
          <.> (aws-cdk-lib.App)
           └─ FringeStack (aws-cdk-lib.Stack)
               └─ Frontend (constructs.Construct)
                   └─ Deploy (aws-cdk-lib.aws_s3_deployment.BucketDeployment)
                       └─ Asset1 (aws-cdk-lib.aws_s3_assets.Asset)
                           └─ Stage (aws-cdk-lib.AssetStaging)

  ● FringeStack › outputs › outputs FrontendUrl with value https://fringe.jackschaible.ca

    «CannotFindAsset» Cannot find asset at /Users/jackschaible/dev/fringe/fringe-client/dist/client-new/browser
        .../Users/jackschaible/dev/fringe/infra/node_modules/aws-cdk-lib/aws-s3-deployment/lib/bucket-deployment.js:1:83 in aws-cdk-lib...
        at Array.map (:)
        ...new BucketDeployment2 in aws-cdk-lib...

      54 |     });
      55 |
    > 56 |     new BucketDeployment(this, "Deploy", {
         |     ^
      57 |       sources: [Source.asset("../fringe-client/dist/client-new/browser")],
      58 |       destinationBucket: bucket,
      59 |       distribution,

      at new FringeFrontend (lib/constructs/frontend.ts:56:5)
      at new FringeStack (lib/fringe-stack.ts:24:22)
          ...Promise.then.completed in jest-circus...
          at new Promise (:)
          ...jest-circus, node internals, jest-circus, jest-runner...
      Relates to construct:
          <.> (aws-cdk-lib.App)
           └─ FringeStack (aws-cdk-lib.Stack)
               └─ Frontend (constructs.Construct)
                   └─ Deploy (aws-cdk-lib.aws_s3_deployment.BucketDeployment)
                       └─ Asset1 (aws-cdk-lib.aws_s3_assets.Asset)
                           └─ Stage (aws-cdk-lib.AssetStaging)

  ● FringeStack › outputs › outputs CloudFrontDomain

    «CannotFindAsset» Cannot find asset at /Users/jackschaible/dev/fringe/fringe-client/dist/client-new/browser
        .../Users/jackschaible/dev/fringe/infra/node_modules/aws-cdk-lib/aws-s3-deployment/lib/bucket-deployment.js:1:83 in aws-cdk-lib...
        at Array.map (:)
        ...new BucketDeployment2 in aws-cdk-lib...

      54 |     });
      55 |
    > 56 |     new BucketDeployment(this, "Deploy", {
         |     ^
      57 |       sources: [Source.asset("../fringe-client/dist/client-new/browser")],
      58 |       destinationBucket: bucket,
      59 |       distribution,

      at new FringeFrontend (lib/constructs/frontend.ts:56:5)
      at new FringeStack (lib/fringe-stack.ts:24:22)
          ...Promise.then.completed in jest-circus...
          at new Promise (:)
          ...jest-circus, node internals, jest-circus, jest-runner...
      Relates to construct:
          <.> (aws-cdk-lib.App)
           └─ FringeStack (aws-cdk-lib.Stack)
               └─ Frontend (constructs.Construct)
                   └─ Deploy (aws-cdk-lib.aws_s3_deployment.BucketDeployment)
                       └─ Asset1 (aws-cdk-lib.aws_s3_assets.Asset)
                           └─ Stage (aws-cdk-lib.AssetStaging)

  ● FringeStack › outputs › outputs ApiUrl with value https://api.fringe.jackschaible.ca

    «CannotFindAsset» Cannot find asset at /Users/jackschaible/dev/fringe/fringe-client/dist/client-new/browser
        .../Users/jackschaible/dev/fringe/infra/node_modules/aws-cdk-lib/aws-s3-deployment/lib/bucket-deployment.js:1:83 in aws-cdk-lib...
        at Array.map (:)
        ...new BucketDeployment2 in aws-cdk-lib...

      54 |     });
      55 |
    > 56 |     new BucketDeployment(this, "Deploy", {
         |     ^
      57 |       sources: [Source.asset("../fringe-client/dist/client-new/browser")],
      58 |       destinationBucket: bucket,
      59 |       distribution,

      at new FringeFrontend (lib/constructs/frontend.ts:56:5)
      at new FringeStack (lib/fringe-stack.ts:24:22)
          ...Promise.then.completed in jest-circus...
          at new Promise (:)
          ...jest-circus, node internals, jest-circus, jest-runner...
      Relates to construct:
          <.> (aws-cdk-lib.App)
           └─ FringeStack (aws-cdk-lib.Stack)
               └─ Frontend (constructs.Construct)
                   └─ Deploy (aws-cdk-lib.aws_s3_deployment.BucketDeployment)
                       └─ Asset1 (aws-cdk-lib.aws_s3_assets.Asset)
                           └─ Stage (aws-cdk-lib.AssetStaging)

  ● FringeStack › outputs › outputs ApiGatewayDomain

    «CannotFindAsset» Cannot find asset at /Users/jackschaible/dev/fringe/fringe-client/dist/client-new/browser
        .../Users/jackschaible/dev/fringe/infra/node_modules/aws-cdk-lib/aws-s3-deployment/lib/bucket-deployment.js:1:83 in aws-cdk-lib...
        at Array.map (:)
        ...new BucketDeployment2 in aws-cdk-lib...

      54 |     });
      55 |
    > 56 |     new BucketDeployment(this, "Deploy", {
         |     ^
      57 |       sources: [Source.asset("../fringe-client/dist/client-new/browser")],
      58 |       destinationBucket: bucket,
      59 |       distribution,

      at new FringeFrontend (lib/constructs/frontend.ts:56:5)
      at new FringeStack (lib/fringe-stack.ts:24:22)
          ...Promise.then.completed in jest-circus...
          at new Promise (:)
          ...jest-circus, node internals, jest-circus, jest-runner...
      Relates to construct:
          <.> (aws-cdk-lib.App)
           └─ FringeStack (aws-cdk-lib.Stack)
               └─ Frontend (constructs.Construct)
                   └─ Deploy (aws-cdk-lib.aws_s3_deployment.BucketDeployment)
                       └─ Asset1 (aws-cdk-lib.aws_s3_assets.Asset)
                           └─ Stage (aws-cdk-lib.AssetStaging)

  ● FringeStack › outputs › outputs CognitoUserPoolId

    «CannotFindAsset» Cannot find asset at /Users/jackschaible/dev/fringe/fringe-client/dist/client-new/browser
        .../Users/jackschaible/dev/fringe/infra/node_modules/aws-cdk-lib/aws-s3-deployment/lib/bucket-deployment.js:1:83 in aws-cdk-lib...
        at Array.map (:)
        ...new BucketDeployment2 in aws-cdk-lib...

      54 |     });
      55 |
    > 56 |     new BucketDeployment(this, "Deploy", {
         |     ^
      57 |       sources: [Source.asset("../fringe-client/dist/client-new/browser")],
      58 |       destinationBucket: bucket,
      59 |       distribution,

      at new FringeFrontend (lib/constructs/frontend.ts:56:5)
      at new FringeStack (lib/fringe-stack.ts:24:22)
          ...Promise.then.completed in jest-circus...
          at new Promise (:)
          ...jest-circus, node internals, jest-circus, jest-runner...
      Relates to construct:
          <.> (aws-cdk-lib.App)
           └─ FringeStack (aws-cdk-lib.Stack)
               └─ Frontend (constructs.Construct)
                   └─ Deploy (aws-cdk-lib.aws_s3_deployment.BucketDeployment)
                       └─ Asset1 (aws-cdk-lib.aws_s3_assets.Asset)
                           └─ Stage (aws-cdk-lib.AssetStaging)

  ● FringeStack › outputs › outputs CognitoClientId

    «CannotFindAsset» Cannot find asset at /Users/jackschaible/dev/fringe/fringe-client/dist/client-new/browser
        .../Users/jackschaible/dev/fringe/infra/node_modules/aws-cdk-lib/aws-s3-deployment/lib/bucket-deployment.js:1:83 in aws-cdk-lib...
        at Array.map (:)
        ...new BucketDeployment2 in aws-cdk-lib...

      54 |     });
      55 |
    > 56 |     new BucketDeployment(this, "Deploy", {
         |     ^
      57 |       sources: [Source.asset("../fringe-client/dist/client-new/browser")],
      58 |       destinationBucket: bucket,
      59 |       distribution,

      at new FringeFrontend (lib/constructs/frontend.ts:56:5)
      at new FringeStack (lib/fringe-stack.ts:24:22)
          ...Promise.then.completed in jest-circus...
          at new Promise (:)
          ...jest-circus, node internals, jest-circus, jest-runner...
      Relates to construct:
          <.> (aws-cdk-lib.App)
           └─ FringeStack (aws-cdk-lib.Stack)
               └─ Frontend (constructs.Construct)
                   └─ Deploy (aws-cdk-lib.aws_s3_deployment.BucketDeployment)
                       └─ Asset1 (aws-cdk-lib.aws_s3_assets.Asset)
                           └─ Stage (aws-cdk-lib.AssetStaging)

npm warn Unknown env config "npm-globalconfig". This will stop working in the next major version of npm. See `npm help npmrc` for supported config options.
npm warn Unknown env config "dir". This will stop working in the next major version of npm. See `npm help npmrc` for supported config options.
npm warn Unknown env config "verify-deps-before-run". This will stop working in the next major version of npm. See `npm help npmrc` for supported config options.
npm warn Unknown env config "_jsr-registry". This will stop working in the next major version of npm. See `npm help npmrc` for supported config options.
npm warn Unknown env config "npm-globalconfig". This will stop working in the next major version of npm. See `npm help npmrc` for supported config options.
npm warn Unknown env config "dir". This will stop working in the next major version of npm. See `npm help npmrc` for supported config options.
npm warn Unknown env config "verify-deps-before-run". This will stop working in the next major version of npm. See `npm help npmrc` for supported config options.
npm warn Unknown env config "_jsr-registry". This will stop working in the next major version of npm. See `npm help npmrc` for supported config options.

  ...c2829e52f2559a3d978bc673902f2de6844ed286554cb4ad-building/index.js  1.5kb

⚡ Done in 1ms

  ...3b4f6f483af1d1d75d804f286c39003201de7aa8169e4895-building/index.js  1.5kb

⚡ Done in 1ms
Bundling asset TestStack/Auth/PreSignUp/Code/Stage...
PASS test/constructs/api.test.ts (27.618 s)
  ● Console

    console.warn
      [WARNING] aws-cdk-lib.aws_dynamodb.TableGrantsProps#encryptedResource is deprecated.
        - Leave this field undefined. If the table is encrypted with a customer-managed KMS key, appropriate
      grants to the key will be automatically added.
        This API will be removed in the next major release.

       9 |     super(scope, id);
      10 |
    > 11 |     this.table = new TableV2(this, 'Table', {
         |                  ^
      12 |       tableName: 'fringe',
      13 |       partitionKey: { name: 'pk', type: AttributeType.STRING },
      14 |       sortKey: { name: 'sk', type: AttributeType.STRING },

      at print (node_modules/aws-cdk-lib/.warnings.jsii.js:11:146)
      at Proxy.aws_cdk_lib_aws_dynamodb_TableGrantsProps (node_modules/aws-cdk-lib/.warnings.jsii.js:1:40694)
      at new TableGrants (node_modules/aws-cdk-lib/aws-dynamodb/lib/table-grants.js:1:2345)
      at new TableV22 (node_modules/aws-cdk-lib/aws-dynamodb/lib/table-v2.js:1:15662)
      at new TableV22 (node_modules/aws-cdk-lib/core/lib/no-box-stack-traces.js:1:447)
      at new TableV22 (node_modules/aws-cdk-lib/core/lib/prop-injectable.js:1:957)
      at new FringeDynamo (lib/constructs/dynamo.ts:11:18)
      at Object.<anonymous> (test/constructs/api.test.ts:16:20)

    console.warn
      [WARNING] aws-cdk-lib.aws_dynamodb.TableGrantsProps#policyResource is deprecated.
        - Leave this field undefined. A best-effort attempt will be made to discover a resource policy and add
      permissions to it.
        This API will be removed in the next major release.

       9 |     super(scope, id);
      10 |
    > 11 |     this.table = new TableV2(this, 'Table', {
         |                  ^
      12 |       tableName: 'fringe',
      13 |       partitionKey: { name: 'pk', type: AttributeType.STRING },
      14 |       sortKey: { name: 'sk', type: AttributeType.STRING },

      at print (node_modules/aws-cdk-lib/.warnings.jsii.js:11:146)
      at Proxy.aws_cdk_lib_aws_dynamodb_TableGrantsProps (node_modules/aws-cdk-lib/.warnings.jsii.js:2:72)
      at new TableGrants (node_modules/aws-cdk-lib/aws-dynamodb/lib/table-grants.js:1:2345)
      at new TableV22 (node_modules/aws-cdk-lib/aws-dynamodb/lib/table-v2.js:1:15662)
      at new TableV22 (node_modules/aws-cdk-lib/core/lib/no-box-stack-traces.js:1:447)
      at new TableV22 (node_modules/aws-cdk-lib/core/lib/prop-injectable.js:1:957)
      at new FringeDynamo (lib/constructs/dynamo.ts:11:18)
      at Object.<anonymous> (test/constructs/api.test.ts:16:20)

    console.warn
      [WARNING] aws-cdk-lib.aws_dynamodb.TableGrantsProps#encryptedResource is deprecated.
        - Leave this field undefined. If the table is encrypted with a customer-managed KMS key, appropriate
      grants to the key will be automatically added.
        This API will be removed in the next major release.

       9 |     super(scope, id);
      10 |
    > 11 |     this.table = new TableV2(this, 'Table', {
         |                  ^
      12 |       tableName: 'fringe',
      13 |       partitionKey: { name: 'pk', type: AttributeType.STRING },
      14 |       sortKey: { name: 'sk', type: AttributeType.STRING },

      at print (node_modules/aws-cdk-lib/.warnings.jsii.js:11:146)
      at Proxy.aws_cdk_lib_aws_dynamodb_TableGrantsProps (node_modules/aws-cdk-lib/.warnings.jsii.js:1:40694)
      at new TableGrants (node_modules/aws-cdk-lib/aws-dynamodb/lib/table-grants.js:1:2345)
      at new TableV22 (node_modules/aws-cdk-lib/aws-dynamodb/lib/table-v2.js:1:15662)
      at new TableV22 (node_modules/aws-cdk-lib/core/lib/no-box-stack-traces.js:1:447)
      at new TableV22 (node_modules/aws-cdk-lib/core/lib/prop-injectable.js:1:957)
      at new FringeDynamo (lib/constructs/dynamo.ts:11:18)
      at Object.<anonymous> (test/constructs/api.test.ts:16:20)

    console.warn
      [WARNING] aws-cdk-lib.aws_dynamodb.TableGrantsProps#policyResource is deprecated.
        - Leave this field undefined. A best-effort attempt will be made to discover a resource policy and add
      permissions to it.
        This API will be removed in the next major release.

       9 |     super(scope, id);
      10 |
    > 11 |     this.table = new TableV2(this, 'Table', {
         |                  ^
      12 |       tableName: 'fringe',
      13 |       partitionKey: { name: 'pk', type: AttributeType.STRING },
      14 |       sortKey: { name: 'sk', type: AttributeType.STRING },

      at print (node_modules/aws-cdk-lib/.warnings.jsii.js:11:146)
      at Proxy.aws_cdk_lib_aws_dynamodb_TableGrantsProps (node_modules/aws-cdk-lib/.warnings.jsii.js:2:72)
      at new TableGrants (node_modules/aws-cdk-lib/aws-dynamodb/lib/table-grants.js:1:2345)
      at new TableV22 (node_modules/aws-cdk-lib/aws-dynamodb/lib/table-v2.js:1:15662)
      at new TableV22 (node_modules/aws-cdk-lib/core/lib/no-box-stack-traces.js:1:447)
      at new TableV22 (node_modules/aws-cdk-lib/core/lib/prop-injectable.js:1:957)
      at new FringeDynamo (lib/constructs/dynamo.ts:11:18)
      at Object.<anonymous> (test/constructs/api.test.ts:16:20)

    console.warn
      [WARNING] aws-cdk-lib.aws_dynamodb.TableGrantsProps#encryptedResource is deprecated.
        - Leave this field undefined. If the table is encrypted with a customer-managed KMS key, appropriate
      grants to the key will be automatically added.
        This API will be removed in the next major release.

       9 |     super(scope, id);
      10 |
    > 11 |     this.table = new TableV2(this, 'Table', {
         |                  ^
      12 |       tableName: 'fringe',
      13 |       partitionKey: { name: 'pk', type: AttributeType.STRING },
      14 |       sortKey: { name: 'sk', type: AttributeType.STRING },

      at print (node_modules/aws-cdk-lib/.warnings.jsii.js:11:146)
      at Proxy.aws_cdk_lib_aws_dynamodb_TableGrantsProps (node_modules/aws-cdk-lib/.warnings.jsii.js:1:40694)
      at new TableGrants (node_modules/aws-cdk-lib/aws-dynamodb/lib/table-grants.js:1:2345)
      at new TableV22 (node_modules/aws-cdk-lib/aws-dynamodb/lib/table-v2.js:1:15662)
      at new TableV22 (node_modules/aws-cdk-lib/core/lib/no-box-stack-traces.js:1:447)
      at new TableV22 (node_modules/aws-cdk-lib/core/lib/prop-injectable.js:1:957)
      at new FringeDynamo (lib/constructs/dynamo.ts:11:18)
      at Object.<anonymous> (test/constructs/api.test.ts:16:20)

    console.warn
      [WARNING] aws-cdk-lib.aws_dynamodb.TableGrantsProps#policyResource is deprecated.
        - Leave this field undefined. A best-effort attempt will be made to discover a resource policy and add
      permissions to it.
        This API will be removed in the next major release.

       9 |     super(scope, id);
      10 |
    > 11 |     this.table = new TableV2(this, 'Table', {
         |                  ^
      12 |       tableName: 'fringe',
      13 |       partitionKey: { name: 'pk', type: AttributeType.STRING },
      14 |       sortKey: { name: 'sk', type: AttributeType.STRING },

      at print (node_modules/aws-cdk-lib/.warnings.jsii.js:11:146)
      at Proxy.aws_cdk_lib_aws_dynamodb_TableGrantsProps (node_modules/aws-cdk-lib/.warnings.jsii.js:2:72)
      at new TableGrants (node_modules/aws-cdk-lib/aws-dynamodb/lib/table-grants.js:1:2345)
      at new TableV22 (node_modules/aws-cdk-lib/aws-dynamodb/lib/table-v2.js:1:15662)
      at new TableV22 (node_modules/aws-cdk-lib/core/lib/no-box-stack-traces.js:1:447)
      at new TableV22 (node_modules/aws-cdk-lib/core/lib/prop-injectable.js:1:957)
      at new FringeDynamo (lib/constructs/dynamo.ts:11:18)
      at Object.<anonymous> (test/constructs/api.test.ts:16:20)

    console.warn
      [WARNING] aws-cdk-lib.aws_dynamodb.TableGrantsProps#encryptedResource is deprecated.
        - Leave this field undefined. If the table is encrypted with a customer-managed KMS key, appropriate
      grants to the key will be automatically added.
        This API will be removed in the next major release.

       9 |     super(scope, id);
      10 |
    > 11 |     this.table = new TableV2(this, 'Table', {
         |                  ^
      12 |       tableName: 'fringe',
      13 |       partitionKey: { name: 'pk', type: AttributeType.STRING },
      14 |       sortKey: { name: 'sk', type: AttributeType.STRING },

      at print (node_modules/aws-cdk-lib/.warnings.jsii.js:11:146)
      at Proxy.aws_cdk_lib_aws_dynamodb_TableGrantsProps (node_modules/aws-cdk-lib/.warnings.jsii.js:1:40694)
      at new TableGrants (node_modules/aws-cdk-lib/aws-dynamodb/lib/table-grants.js:1:2345)
      at new TableV22 (node_modules/aws-cdk-lib/aws-dynamodb/lib/table-v2.js:1:15662)
      at new TableV22 (node_modules/aws-cdk-lib/core/lib/no-box-stack-traces.js:1:447)
      at new TableV22 (node_modules/aws-cdk-lib/core/lib/prop-injectable.js:1:957)
      at new FringeDynamo (lib/constructs/dynamo.ts:11:18)
      at Object.<anonymous> (test/constructs/api.test.ts:16:20)

    console.warn
      [WARNING] aws-cdk-lib.aws_dynamodb.TableGrantsProps#policyResource is deprecated.
        - Leave this field undefined. A best-effort attempt will be made to discover a resource policy and add
      permissions to it.
        This API will be removed in the next major release.

       9 |     super(scope, id);
      10 |
    > 11 |     this.table = new TableV2(this, 'Table', {
         |                  ^
      12 |       tableName: 'fringe',
      13 |       partitionKey: { name: 'pk', type: AttributeType.STRING },
      14 |       sortKey: { name: 'sk', type: AttributeType.STRING },

      at print (node_modules/aws-cdk-lib/.warnings.jsii.js:11:146)
      at Proxy.aws_cdk_lib_aws_dynamodb_TableGrantsProps (node_modules/aws-cdk-lib/.warnings.jsii.js:2:72)
      at new TableGrants (node_modules/aws-cdk-lib/aws-dynamodb/lib/table-grants.js:1:2345)
      at new TableV22 (node_modules/aws-cdk-lib/aws-dynamodb/lib/table-v2.js:1:15662)
      at new TableV22 (node_modules/aws-cdk-lib/core/lib/no-box-stack-traces.js:1:447)
      at new TableV22 (node_modules/aws-cdk-lib/core/lib/prop-injectable.js:1:957)
      at new FringeDynamo (lib/constructs/dynamo.ts:11:18)
      at Object.<anonymous> (test/constructs/api.test.ts:16:20)

    console.warn
      [WARNING] aws-cdk-lib.aws_dynamodb.TableGrantsProps#encryptedResource is deprecated.
        - Leave this field undefined. If the table is encrypted with a customer-managed KMS key, appropriate
      grants to the key will be automatically added.
        This API will be removed in the next major release.

       9 |     super(scope, id);
      10 |
    > 11 |     this.table = new TableV2(this, 'Table', {
         |                  ^
      12 |       tableName: 'fringe',
      13 |       partitionKey: { name: 'pk', type: AttributeType.STRING },
      14 |       sortKey: { name: 'sk', type: AttributeType.STRING },

      at print (node_modules/aws-cdk-lib/.warnings.jsii.js:11:146)
      at Proxy.aws_cdk_lib_aws_dynamodb_TableGrantsProps (node_modules/aws-cdk-lib/.warnings.jsii.js:1:40694)
      at new TableGrants (node_modules/aws-cdk-lib/aws-dynamodb/lib/table-grants.js:1:2345)
      at new TableV22 (node_modules/aws-cdk-lib/aws-dynamodb/lib/table-v2.js:1:15662)
      at new TableV22 (node_modules/aws-cdk-lib/core/lib/no-box-stack-traces.js:1:447)
      at new TableV22 (node_modules/aws-cdk-lib/core/lib/prop-injectable.js:1:957)
      at new FringeDynamo (lib/constructs/dynamo.ts:11:18)
      at Object.<anonymous> (test/constructs/api.test.ts:16:20)

    console.warn
      [WARNING] aws-cdk-lib.aws_dynamodb.TableGrantsProps#policyResource is deprecated.
        - Leave this field undefined. A best-effort attempt will be made to discover a resource policy and add
      permissions to it.
        This API will be removed in the next major release.

       9 |     super(scope, id);
      10 |
    > 11 |     this.table = new TableV2(this, 'Table', {
         |                  ^
      12 |       tableName: 'fringe',
      13 |       partitionKey: { name: 'pk', type: AttributeType.STRING },
      14 |       sortKey: { name: 'sk', type: AttributeType.STRING },

      at print (node_modules/aws-cdk-lib/.warnings.jsii.js:11:146)
      at Proxy.aws_cdk_lib_aws_dynamodb_TableGrantsProps (node_modules/aws-cdk-lib/.warnings.jsii.js:2:72)
      at new TableGrants (node_modules/aws-cdk-lib/aws-dynamodb/lib/table-grants.js:1:2345)
      at new TableV22 (node_modules/aws-cdk-lib/aws-dynamodb/lib/table-v2.js:1:15662)
      at new TableV22 (node_modules/aws-cdk-lib/core/lib/no-box-stack-traces.js:1:447)
      at new TableV22 (node_modules/aws-cdk-lib/core/lib/prop-injectable.js:1:957)
      at new FringeDynamo (lib/constructs/dynamo.ts:11:18)
      at Object.<anonymous> (test/constructs/api.test.ts:16:20)

    console.warn
      [WARNING] aws-cdk-lib.aws_dynamodb.TableGrantsProps#encryptedResource is deprecated.
        - Leave this field undefined. If the table is encrypted with a customer-managed KMS key, appropriate
      grants to the key will be automatically added.
        This API will be removed in the next major release.

       9 |     super(scope, id);
      10 |
    > 11 |     this.table = new TableV2(this, 'Table', {
         |                  ^
      12 |       tableName: 'fringe',
      13 |       partitionKey: { name: 'pk', type: AttributeType.STRING },
      14 |       sortKey: { name: 'sk', type: AttributeType.STRING },

      at print (node_modules/aws-cdk-lib/.warnings.jsii.js:11:146)
      at Proxy.aws_cdk_lib_aws_dynamodb_TableGrantsProps (node_modules/aws-cdk-lib/.warnings.jsii.js:1:40694)
      at new TableGrants (node_modules/aws-cdk-lib/aws-dynamodb/lib/table-grants.js:1:2345)
      at new TableV22 (node_modules/aws-cdk-lib/aws-dynamodb/lib/table-v2.js:1:15662)
      at new TableV22 (node_modules/aws-cdk-lib/core/lib/no-box-stack-traces.js:1:447)
      at new TableV22 (node_modules/aws-cdk-lib/core/lib/prop-injectable.js:1:957)
      at new FringeDynamo (lib/constructs/dynamo.ts:11:18)
      at Object.<anonymous> (test/constructs/api.test.ts:16:20)

    console.warn
      [WARNING] aws-cdk-lib.aws_dynamodb.TableGrantsProps#policyResource is deprecated.
        - Leave this field undefined. A best-effort attempt will be made to discover a resource policy and add
      permissions to it.
        This API will be removed in the next major release.

       9 |     super(scope, id);
      10 |
    > 11 |     this.table = new TableV2(this, 'Table', {
         |                  ^
      12 |       tableName: 'fringe',
      13 |       partitionKey: { name: 'pk', type: AttributeType.STRING },
      14 |       sortKey: { name: 'sk', type: AttributeType.STRING },

      at print (node_modules/aws-cdk-lib/.warnings.jsii.js:11:146)
      at Proxy.aws_cdk_lib_aws_dynamodb_TableGrantsProps (node_modules/aws-cdk-lib/.warnings.jsii.js:2:72)
      at new TableGrants (node_modules/aws-cdk-lib/aws-dynamodb/lib/table-grants.js:1:2345)
      at new TableV22 (node_modules/aws-cdk-lib/aws-dynamodb/lib/table-v2.js:1:15662)
      at new TableV22 (node_modules/aws-cdk-lib/core/lib/no-box-stack-traces.js:1:447)
      at new TableV22 (node_modules/aws-cdk-lib/core/lib/prop-injectable.js:1:957)
      at new FringeDynamo (lib/constructs/dynamo.ts:11:18)
      at Object.<anonymous> (test/constructs/api.test.ts:16:20)

    console.warn
      [WARNING] aws-cdk-lib.aws_dynamodb.TableGrantsProps#encryptedResource is deprecated.
        - Leave this field undefined. If the table is encrypted with a customer-managed KMS key, appropriate
      grants to the key will be automatically added.
        This API will be removed in the next major release.

       9 |     super(scope, id);
      10 |
    > 11 |     this.table = new TableV2(this, 'Table', {
         |                  ^
      12 |       tableName: 'fringe',
      13 |       partitionKey: { name: 'pk', type: AttributeType.STRING },
      14 |       sortKey: { name: 'sk', type: AttributeType.STRING },

      at print (node_modules/aws-cdk-lib/.warnings.jsii.js:11:146)
      at Proxy.aws_cdk_lib_aws_dynamodb_TableGrantsProps (node_modules/aws-cdk-lib/.warnings.jsii.js:1:40694)
      at new TableGrants (node_modules/aws-cdk-lib/aws-dynamodb/lib/table-grants.js:1:2345)
      at new TableV22 (node_modules/aws-cdk-lib/aws-dynamodb/lib/table-v2.js:1:15662)
      at new TableV22 (node_modules/aws-cdk-lib/core/lib/no-box-stack-traces.js:1:447)
      at new TableV22 (node_modules/aws-cdk-lib/core/lib/prop-injectable.js:1:957)
      at new FringeDynamo (lib/constructs/dynamo.ts:11:18)
      at Object.<anonymous> (test/constructs/api.test.ts:16:20)

    console.warn
      [WARNING] aws-cdk-lib.aws_dynamodb.TableGrantsProps#policyResource is deprecated.
        - Leave this field undefined. A best-effort attempt will be made to discover a resource policy and add
      permissions to it.
        This API will be removed in the next major release.

       9 |     super(scope, id);
      10 |
    > 11 |     this.table = new TableV2(this, 'Table', {
         |                  ^
      12 |       tableName: 'fringe',
      13 |       partitionKey: { name: 'pk', type: AttributeType.STRING },
      14 |       sortKey: { name: 'sk', type: AttributeType.STRING },

      at print (node_modules/aws-cdk-lib/.warnings.jsii.js:11:146)
      at Proxy.aws_cdk_lib_aws_dynamodb_TableGrantsProps (node_modules/aws-cdk-lib/.warnings.jsii.js:2:72)
      at new TableGrants (node_modules/aws-cdk-lib/aws-dynamodb/lib/table-grants.js:1:2345)
      at new TableV22 (node_modules/aws-cdk-lib/aws-dynamodb/lib/table-v2.js:1:15662)
      at new TableV22 (node_modules/aws-cdk-lib/core/lib/no-box-stack-traces.js:1:447)
      at new TableV22 (node_modules/aws-cdk-lib/core/lib/prop-injectable.js:1:957)
      at new FringeDynamo (lib/constructs/dynamo.ts:11:18)
      at Object.<anonymous> (test/constructs/api.test.ts:16:20)

    console.warn
      [WARNING] aws-cdk-lib.aws_dynamodb.TableGrantsProps#encryptedResource is deprecated.
        - Leave this field undefined. If the table is encrypted with a customer-managed KMS key, appropriate
      grants to the key will be automatically added.
        This API will be removed in the next major release.

       9 |     super(scope, id);
      10 |
    > 11 |     this.table = new TableV2(this, 'Table', {
         |                  ^
      12 |       tableName: 'fringe',
      13 |       partitionKey: { name: 'pk', type: AttributeType.STRING },
      14 |       sortKey: { name: 'sk', type: AttributeType.STRING },

      at print (node_modules/aws-cdk-lib/.warnings.jsii.js:11:146)
      at Proxy.aws_cdk_lib_aws_dynamodb_TableGrantsProps (node_modules/aws-cdk-lib/.warnings.jsii.js:1:40694)
      at new TableGrants (node_modules/aws-cdk-lib/aws-dynamodb/lib/table-grants.js:1:2345)
      at new TableV22 (node_modules/aws-cdk-lib/aws-dynamodb/lib/table-v2.js:1:15662)
      at new TableV22 (node_modules/aws-cdk-lib/core/lib/no-box-stack-traces.js:1:447)
      at new TableV22 (node_modules/aws-cdk-lib/core/lib/prop-injectable.js:1:957)
      at new FringeDynamo (lib/constructs/dynamo.ts:11:18)
      at Object.<anonymous> (test/constructs/api.test.ts:16:20)

    console.warn
      [WARNING] aws-cdk-lib.aws_dynamodb.TableGrantsProps#policyResource is deprecated.
        - Leave this field undefined. A best-effort attempt will be made to discover a resource policy and add
      permissions to it.
        This API will be removed in the next major release.

       9 |     super(scope, id);
      10 |
    > 11 |     this.table = new TableV2(this, 'Table', {
         |                  ^
      12 |       tableName: 'fringe',
      13 |       partitionKey: { name: 'pk', type: AttributeType.STRING },
      14 |       sortKey: { name: 'sk', type: AttributeType.STRING },

      at print (node_modules/aws-cdk-lib/.warnings.jsii.js:11:146)
      at Proxy.aws_cdk_lib_aws_dynamodb_TableGrantsProps (node_modules/aws-cdk-lib/.warnings.jsii.js:2:72)
      at new TableGrants (node_modules/aws-cdk-lib/aws-dynamodb/lib/table-grants.js:1:2345)
      at new TableV22 (node_modules/aws-cdk-lib/aws-dynamodb/lib/table-v2.js:1:15662)
      at new TableV22 (node_modules/aws-cdk-lib/core/lib/no-box-stack-traces.js:1:447)
      at new TableV22 (node_modules/aws-cdk-lib/core/lib/prop-injectable.js:1:957)
      at new FringeDynamo (lib/constructs/dynamo.ts:11:18)
      at Object.<anonymous> (test/constructs/api.test.ts:16:20)

    console.warn
      [WARNING] aws-cdk-lib.aws_dynamodb.TableGrantsProps#encryptedResource is deprecated.
        - Leave this field undefined. If the table is encrypted with a customer-managed KMS key, appropriate
      grants to the key will be automatically added.
        This API will be removed in the next major release.

       9 |     super(scope, id);
      10 |
    > 11 |     this.table = new TableV2(this, 'Table', {
         |                  ^
      12 |       tableName: 'fringe',
      13 |       partitionKey: { name: 'pk', type: AttributeType.STRING },
      14 |       sortKey: { name: 'sk', type: AttributeType.STRING },

      at print (node_modules/aws-cdk-lib/.warnings.jsii.js:11:146)
      at Proxy.aws_cdk_lib_aws_dynamodb_TableGrantsProps (node_modules/aws-cdk-lib/.warnings.jsii.js:1:40694)
      at new TableGrants (node_modules/aws-cdk-lib/aws-dynamodb/lib/table-grants.js:1:2345)
      at new TableV22 (node_modules/aws-cdk-lib/aws-dynamodb/lib/table-v2.js:1:15662)
      at new TableV22 (node_modules/aws-cdk-lib/core/lib/no-box-stack-traces.js:1:447)
      at new TableV22 (node_modules/aws-cdk-lib/core/lib/prop-injectable.js:1:957)
      at new FringeDynamo (lib/constructs/dynamo.ts:11:18)
      at Object.<anonymous> (test/constructs/api.test.ts:16:20)

    console.warn
      [WARNING] aws-cdk-lib.aws_dynamodb.TableGrantsProps#policyResource is deprecated.
        - Leave this field undefined. A best-effort attempt will be made to discover a resource policy and add
      permissions to it.
        This API will be removed in the next major release.

       9 |     super(scope, id);
      10 |
    > 11 |     this.table = new TableV2(this, 'Table', {
         |                  ^
      12 |       tableName: 'fringe',
      13 |       partitionKey: { name: 'pk', type: AttributeType.STRING },
      14 |       sortKey: { name: 'sk', type: AttributeType.STRING },

      at print (node_modules/aws-cdk-lib/.warnings.jsii.js:11:146)
      at Proxy.aws_cdk_lib_aws_dynamodb_TableGrantsProps (node_modules/aws-cdk-lib/.warnings.jsii.js:2:72)
      at new TableGrants (node_modules/aws-cdk-lib/aws-dynamodb/lib/table-grants.js:1:2345)
      at new TableV22 (node_modules/aws-cdk-lib/aws-dynamodb/lib/table-v2.js:1:15662)
      at new TableV22 (node_modules/aws-cdk-lib/core/lib/no-box-stack-traces.js:1:447)
      at new TableV22 (node_modules/aws-cdk-lib/core/lib/prop-injectable.js:1:957)
      at new FringeDynamo (lib/constructs/dynamo.ts:11:18)
      at Object.<anonymous> (test/constructs/api.test.ts:16:20)

    console.warn
      [WARNING] aws-cdk-lib.aws_dynamodb.TableGrantsProps#encryptedResource is deprecated.
        - Leave this field undefined. If the table is encrypted with a customer-managed KMS key, appropriate
      grants to the key will be automatically added.
        This API will be removed in the next major release.

       9 |     super(scope, id);
      10 |
    > 11 |     this.table = new TableV2(this, 'Table', {
         |                  ^
      12 |       tableName: 'fringe',
      13 |       partitionKey: { name: 'pk', type: AttributeType.STRING },
      14 |       sortKey: { name: 'sk', type: AttributeType.STRING },

      at print (node_modules/aws-cdk-lib/.warnings.jsii.js:11:146)
      at Proxy.aws_cdk_lib_aws_dynamodb_TableGrantsProps (node_modules/aws-cdk-lib/.warnings.jsii.js:1:40694)
      at new TableGrants (node_modules/aws-cdk-lib/aws-dynamodb/lib/table-grants.js:1:2345)
      at new TableV22 (node_modules/aws-cdk-lib/aws-dynamodb/lib/table-v2.js:1:15662)
      at new TableV22 (node_modules/aws-cdk-lib/core/lib/no-box-stack-traces.js:1:447)
      at new TableV22 (node_modules/aws-cdk-lib/core/lib/prop-injectable.js:1:957)
      at new FringeDynamo (lib/constructs/dynamo.ts:11:18)
      at Object.<anonymous> (test/constructs/api.test.ts:16:20)

    console.warn
      [WARNING] aws-cdk-lib.aws_dynamodb.TableGrantsProps#policyResource is deprecated.
        - Leave this field undefined. A best-effort attempt will be made to discover a resource policy and add
      permissions to it.
        This API will be removed in the next major release.

       9 |     super(scope, id);
      10 |
    > 11 |     this.table = new TableV2(this, 'Table', {
         |                  ^
      12 |       tableName: 'fringe',
      13 |       partitionKey: { name: 'pk', type: AttributeType.STRING },
      14 |       sortKey: { name: 'sk', type: AttributeType.STRING },

      at print (node_modules/aws-cdk-lib/.warnings.jsii.js:11:146)
      at Proxy.aws_cdk_lib_aws_dynamodb_TableGrantsProps (node_modules/aws-cdk-lib/.warnings.jsii.js:2:72)
      at new TableGrants (node_modules/aws-cdk-lib/aws-dynamodb/lib/table-grants.js:1:2345)
      at new TableV22 (node_modules/aws-cdk-lib/aws-dynamodb/lib/table-v2.js:1:15662)
      at new TableV22 (node_modules/aws-cdk-lib/core/lib/no-box-stack-traces.js:1:447)
      at new TableV22 (node_modules/aws-cdk-lib/core/lib/prop-injectable.js:1:957)
      at new FringeDynamo (lib/constructs/dynamo.ts:11:18)
      at Object.<anonymous> (test/constructs/api.test.ts:16:20)

    console.warn
      [WARNING] aws-cdk-lib.aws_dynamodb.TableGrantsProps#encryptedResource is deprecated.
        - Leave this field undefined. If the table is encrypted with a customer-managed KMS key, appropriate
      grants to the key will be automatically added.
        This API will be removed in the next major release.

       9 |     super(scope, id);
      10 |
    > 11 |     this.table = new TableV2(this, 'Table', {
         |                  ^
      12 |       tableName: 'fringe',
      13 |       partitionKey: { name: 'pk', type: AttributeType.STRING },
      14 |       sortKey: { name: 'sk', type: AttributeType.STRING },

      at print (node_modules/aws-cdk-lib/.warnings.jsii.js:11:146)
      at Proxy.aws_cdk_lib_aws_dynamodb_TableGrantsProps (node_modules/aws-cdk-lib/.warnings.jsii.js:1:40694)
      at new TableGrants (node_modules/aws-cdk-lib/aws-dynamodb/lib/table-grants.js:1:2345)
      at new TableV22 (node_modules/aws-cdk-lib/aws-dynamodb/lib/table-v2.js:1:15662)
      at new TableV22 (node_modules/aws-cdk-lib/core/lib/no-box-stack-traces.js:1:447)
      at new TableV22 (node_modules/aws-cdk-lib/core/lib/prop-injectable.js:1:957)
      at new FringeDynamo (lib/constructs/dynamo.ts:11:18)
      at Object.<anonymous> (test/constructs/api.test.ts:16:20)

    console.warn
      [WARNING] aws-cdk-lib.aws_dynamodb.TableGrantsProps#policyResource is deprecated.
        - Leave this field undefined. A best-effort attempt will be made to discover a resource policy and add
      permissions to it.
        This API will be removed in the next major release.

       9 |     super(scope, id);
      10 |
    > 11 |     this.table = new TableV2(this, 'Table', {
         |                  ^
      12 |       tableName: 'fringe',
      13 |       partitionKey: { name: 'pk', type: AttributeType.STRING },
      14 |       sortKey: { name: 'sk', type: AttributeType.STRING },

      at print (node_modules/aws-cdk-lib/.warnings.jsii.js:11:146)
      at Proxy.aws_cdk_lib_aws_dynamodb_TableGrantsProps (node_modules/aws-cdk-lib/.warnings.jsii.js:2:72)
      at new TableGrants (node_modules/aws-cdk-lib/aws-dynamodb/lib/table-grants.js:1:2345)
      at new TableV22 (node_modules/aws-cdk-lib/aws-dynamodb/lib/table-v2.js:1:15662)
      at new TableV22 (node_modules/aws-cdk-lib/core/lib/no-box-stack-traces.js:1:447)
      at new TableV22 (node_modules/aws-cdk-lib/core/lib/prop-injectable.js:1:957)
      at new FringeDynamo (lib/constructs/dynamo.ts:11:18)
      at Object.<anonymous> (test/constructs/api.test.ts:16:20)

    console.warn
      [WARNING] aws-cdk-lib.aws_dynamodb.TableGrantsProps#encryptedResource is deprecated.
        - Leave this field undefined. If the table is encrypted with a customer-managed KMS key, appropriate
      grants to the key will be automatically added.
        This API will be removed in the next major release.

       9 |     super(scope, id);
      10 |
    > 11 |     this.table = new TableV2(this, 'Table', {
         |                  ^
      12 |       tableName: 'fringe',
      13 |       partitionKey: { name: 'pk', type: AttributeType.STRING },
      14 |       sortKey: { name: 'sk', type: AttributeType.STRING },

      at print (node_modules/aws-cdk-lib/.warnings.jsii.js:11:146)
      at Proxy.aws_cdk_lib_aws_dynamodb_TableGrantsProps (node_modules/aws-cdk-lib/.warnings.jsii.js:1:40694)
      at new TableGrants (node_modules/aws-cdk-lib/aws-dynamodb/lib/table-grants.js:1:2345)
      at new TableV22 (node_modules/aws-cdk-lib/aws-dynamodb/lib/table-v2.js:1:15662)
      at new TableV22 (node_modules/aws-cdk-lib/core/lib/no-box-stack-traces.js:1:447)
      at new TableV22 (node_modules/aws-cdk-lib/core/lib/prop-injectable.js:1:957)
      at new FringeDynamo (lib/constructs/dynamo.ts:11:18)
      at Object.<anonymous> (test/constructs/api.test.ts:16:20)

    console.warn
      [WARNING] aws-cdk-lib.aws_dynamodb.TableGrantsProps#policyResource is deprecated.
        - Leave this field undefined. A best-effort attempt will be made to discover a resource policy and add
      permissions to it.
        This API will be removed in the next major release.

       9 |     super(scope, id);
      10 |
    > 11 |     this.table = new TableV2(this, 'Table', {
         |                  ^
      12 |       tableName: 'fringe',
      13 |       partitionKey: { name: 'pk', type: AttributeType.STRING },
      14 |       sortKey: { name: 'sk', type: AttributeType.STRING },

      at print (node_modules/aws-cdk-lib/.warnings.jsii.js:11:146)
      at Proxy.aws_cdk_lib_aws_dynamodb_TableGrantsProps (node_modules/aws-cdk-lib/.warnings.jsii.js:2:72)
      at new TableGrants (node_modules/aws-cdk-lib/aws-dynamodb/lib/table-grants.js:1:2345)
      at new TableV22 (node_modules/aws-cdk-lib/aws-dynamodb/lib/table-v2.js:1:15662)
      at new TableV22 (node_modules/aws-cdk-lib/core/lib/no-box-stack-traces.js:1:447)
      at new TableV22 (node_modules/aws-cdk-lib/core/lib/prop-injectable.js:1:957)
      at new FringeDynamo (lib/constructs/dynamo.ts:11:18)
      at Object.<anonymous> (test/constructs/api.test.ts:16:20)

    console.warn
      [WARNING] aws-cdk-lib.aws_dynamodb.TableGrantsProps#encryptedResource is deprecated.
        - Leave this field undefined. If the table is encrypted with a customer-managed KMS key, appropriate
      grants to the key will be automatically added.
        This API will be removed in the next major release.

       9 |     super(scope, id);
      10 |
    > 11 |     this.table = new TableV2(this, 'Table', {
         |                  ^
      12 |       tableName: 'fringe',
      13 |       partitionKey: { name: 'pk', type: AttributeType.STRING },
      14 |       sortKey: { name: 'sk', type: AttributeType.STRING },

      at print (node_modules/aws-cdk-lib/.warnings.jsii.js:11:146)
      at Proxy.aws_cdk_lib_aws_dynamodb_TableGrantsProps (node_modules/aws-cdk-lib/.warnings.jsii.js:1:40694)
      at new TableGrants (node_modules/aws-cdk-lib/aws-dynamodb/lib/table-grants.js:1:2345)
      at new TableV22 (node_modules/aws-cdk-lib/aws-dynamodb/lib/table-v2.js:1:15662)
      at new TableV22 (node_modules/aws-cdk-lib/core/lib/no-box-stack-traces.js:1:447)
      at new TableV22 (node_modules/aws-cdk-lib/core/lib/prop-injectable.js:1:957)
      at new FringeDynamo (lib/constructs/dynamo.ts:11:18)
      at Object.<anonymous> (test/constructs/api.test.ts:16:20)

    console.warn
      [WARNING] aws-cdk-lib.aws_dynamodb.TableGrantsProps#policyResource is deprecated.
        - Leave this field undefined. A best-effort attempt will be made to discover a resource policy and add
      permissions to it.
        This API will be removed in the next major release.

       9 |     super(scope, id);
      10 |
    > 11 |     this.table = new TableV2(this, 'Table', {
         |                  ^
      12 |       tableName: 'fringe',
      13 |       partitionKey: { name: 'pk', type: AttributeType.STRING },
      14 |       sortKey: { name: 'sk', type: AttributeType.STRING },

      at print (node_modules/aws-cdk-lib/.warnings.jsii.js:11:146)
      at Proxy.aws_cdk_lib_aws_dynamodb_TableGrantsProps (node_modules/aws-cdk-lib/.warnings.jsii.js:2:72)
      at new TableGrants (node_modules/aws-cdk-lib/aws-dynamodb/lib/table-grants.js:1:2345)
      at new TableV22 (node_modules/aws-cdk-lib/aws-dynamodb/lib/table-v2.js:1:15662)
      at new TableV22 (node_modules/aws-cdk-lib/core/lib/no-box-stack-traces.js:1:447)
      at new TableV22 (node_modules/aws-cdk-lib/core/lib/prop-injectable.js:1:957)
      at new FringeDynamo (lib/constructs/dynamo.ts:11:18)
      at Object.<anonymous> (test/constructs/api.test.ts:16:20)

    console.warn
      [WARNING] aws-cdk-lib.aws_dynamodb.TableGrantsProps#encryptedResource is deprecated.
        - Leave this field undefined. If the table is encrypted with a customer-managed KMS key, appropriate
      grants to the key will be automatically added.
        This API will be removed in the next major release.

       9 |     super(scope, id);
      10 |
    > 11 |     this.table = new TableV2(this, 'Table', {
         |                  ^
      12 |       tableName: 'fringe',
      13 |       partitionKey: { name: 'pk', type: AttributeType.STRING },
      14 |       sortKey: { name: 'sk', type: AttributeType.STRING },

      at print (node_modules/aws-cdk-lib/.warnings.jsii.js:11:146)
      at Proxy.aws_cdk_lib_aws_dynamodb_TableGrantsProps (node_modules/aws-cdk-lib/.warnings.jsii.js:1:40694)
      at new TableGrants (node_modules/aws-cdk-lib/aws-dynamodb/lib/table-grants.js:1:2345)
      at new TableV22 (node_modules/aws-cdk-lib/aws-dynamodb/lib/table-v2.js:1:15662)
      at new TableV22 (node_modules/aws-cdk-lib/core/lib/no-box-stack-traces.js:1:447)
      at new TableV22 (node_modules/aws-cdk-lib/core/lib/prop-injectable.js:1:957)
      at new FringeDynamo (lib/constructs/dynamo.ts:11:18)
      at Object.<anonymous> (test/constructs/api.test.ts:16:20)

    console.warn
      [WARNING] aws-cdk-lib.aws_dynamodb.TableGrantsProps#policyResource is deprecated.
        - Leave this field undefined. A best-effort attempt will be made to discover a resource policy and add
      permissions to it.
        This API will be removed in the next major release.

       9 |     super(scope, id);
      10 |
    > 11 |     this.table = new TableV2(this, 'Table', {
         |                  ^
      12 |       tableName: 'fringe',
      13 |       partitionKey: { name: 'pk', type: AttributeType.STRING },
      14 |       sortKey: { name: 'sk', type: AttributeType.STRING },

      at print (node_modules/aws-cdk-lib/.warnings.jsii.js:11:146)
      at Proxy.aws_cdk_lib_aws_dynamodb_TableGrantsProps (node_modules/aws-cdk-lib/.warnings.jsii.js:2:72)
      at new TableGrants (node_modules/aws-cdk-lib/aws-dynamodb/lib/table-grants.js:1:2345)
      at new TableV22 (node_modules/aws-cdk-lib/aws-dynamodb/lib/table-v2.js:1:15662)
      at new TableV22 (node_modules/aws-cdk-lib/core/lib/no-box-stack-traces.js:1:447)
      at new TableV22 (node_modules/aws-cdk-lib/core/lib/prop-injectable.js:1:957)
      at new FringeDynamo (lib/constructs/dynamo.ts:11:18)
      at Object.<anonymous> (test/constructs/api.test.ts:16:20)

npm warn Unknown env config "npm-globalconfig". This will stop working in the next major version of npm. See `npm help npmrc` for supported config options.
npm warn Unknown env config "dir". This will stop working in the next major version of npm. See `npm help npmrc` for supported config options.
npm warn Unknown env config "verify-deps-before-run". This will stop working in the next major version of npm. See `npm help npmrc` for supported config options.
npm warn Unknown env config "_jsr-registry". This will stop working in the next major version of npm. See `npm help npmrc` for supported config options.

  ...008dea2a8a2883bda49948deffcd362e477dd977091b8685-building/index.js  1.2kb

⚡ Done in 1ms
Bundling asset TestStack/Auth/DefineAuthChallenge/Code/Stage...
npm warn Unknown env config "npm-globalconfig". This will stop working in the next major version of npm. See `npm help npmrc` for supported config options.
npm warn Unknown env config "dir". This will stop working in the next major version of npm. See `npm help npmrc` for supported config options.
npm warn Unknown env config "verify-deps-before-run". This will stop working in the next major version of npm. See `npm help npmrc` for supported config options.
npm warn Unknown env config "_jsr-registry". This will stop working in the next major version of npm. See `npm help npmrc` for supported config options.

  ...b3fb8e5a5083e6ea2f30ab01b27d89be51ba64a7d7f4bfb6-building/index.js  1.9kb

⚡ Done in 2ms
Bundling asset TestStack/Auth/CreateAuthChallenge/Code/Stage...
npm warn Unknown env config "npm-globalconfig". This will stop working in the next major version of npm. See `npm help npmrc` for supported config options.
npm warn Unknown env config "dir". This will stop working in the next major version of npm. See `npm help npmrc` for supported config options.
npm warn Unknown env config "verify-deps-before-run". This will stop working in the next major version of npm. See `npm help npmrc` for supported config options.
npm warn Unknown env config "_jsr-registry". This will stop working in the next major version of npm. See `npm help npmrc` for supported config options.

  ...68851c743dc634e65ed4b232e4c97fd76e33b7fa0adf4270-building/index.js  2.1kb

⚡ Done in 1ms
Bundling asset TestStack/Auth/VerifyAuthChallengeResponse/Code/Stage...
npm warn Unknown env config "npm-globalconfig". This will stop working in the next major version of npm. See `npm help npmrc` for supported config options.
npm warn Unknown env config "dir". This will stop working in the next major version of npm. See `npm help npmrc` for supported config options.
npm warn Unknown env config "verify-deps-before-run". This will stop working in the next major version of npm. See `npm help npmrc` for supported config options.
npm warn Unknown env config "_jsr-registry". This will stop working in the next major version of npm. See `npm help npmrc` for supported config options.

  ...62c6dc0417105ee2474286186e427c6a2cd4623ca6987846-building/index.js  1.5kb

⚡ Done in 1ms
Bundling asset TestStack/Auth/PreSignUp/Code/Stage...
npm warn Unknown env config "npm-globalconfig". This will stop working in the next major version of npm. See `npm help npmrc` for supported config options.
npm warn Unknown env config "dir". This will stop working in the next major version of npm. See `npm help npmrc` for supported config options.
npm warn Unknown env config "verify-deps-before-run". This will stop working in the next major version of npm. See `npm help npmrc` for supported config options.
npm warn Unknown env config "_jsr-registry". This will stop working in the next major version of npm. See `npm help npmrc` for supported config options.

  ...c8725dfb39f0895933b07b15d84428b9f5a46f27d0dfc8a4-building/index.js  1.2kb

⚡ Done in 1ms
Bundling asset TestStack/Auth/DefineAuthChallenge/Code/Stage...
npm warn Unknown env config "npm-globalconfig". This will stop working in the next major version of npm. See `npm help npmrc` for supported config options.
npm warn Unknown env config "dir". This will stop working in the next major version of npm. See `npm help npmrc` for supported config options.
npm warn Unknown env config "verify-deps-before-run". This will stop working in the next major version of npm. See `npm help npmrc` for supported config options.
npm warn Unknown env config "_jsr-registry". This will stop working in the next major version of npm. See `npm help npmrc` for supported config options.

  ...0b56eeba0a75c5e66105ec918ad6c6213e3a960786f23414-building/index.js  1.9kb

⚡ Done in 1ms
Bundling asset TestStack/Auth/CreateAuthChallenge/Code/Stage...
npm warn Unknown env config "npm-globalconfig". This will stop working in the next major version of npm. See `npm help npmrc` for supported config options.
npm warn Unknown env config "dir". This will stop working in the next major version of npm. See `npm help npmrc` for supported config options.
npm warn Unknown env config "verify-deps-before-run". This will stop working in the next major version of npm. See `npm help npmrc` for supported config options.
npm warn Unknown env config "_jsr-registry". This will stop working in the next major version of npm. See `npm help npmrc` for supported config options.

  ...af51ab74360a6f390d32408439e3f84a15bdda93a760faa8-building/index.js  2.1kb

⚡ Done in 1ms
Bundling asset TestStack/Auth/VerifyAuthChallengeResponse/Code/Stage...
npm warn Unknown env config "npm-globalconfig". This will stop working in the next major version of npm. See `npm help npmrc` for supported config options.
npm warn Unknown env config "dir". This will stop working in the next major version of npm. See `npm help npmrc` for supported config options.
npm warn Unknown env config "verify-deps-before-run". This will stop working in the next major version of npm. See `npm help npmrc` for supported config options.
npm warn Unknown env config "_jsr-registry". This will stop working in the next major version of npm. See `npm help npmrc` for supported config options.

  ...c9ddad868a6fe969b91369d6c34b1dda6391b63fba7ebd79-building/index.js  1.5kb

⚡ Done in 1ms
PASS test/constructs/auth.test.ts (29.34 s)
A worker process has failed to exit gracefully and has been force exited. This is likely caused by tests leaking due to improper teardown. Try running with --detectOpenHandles to find leaks. Active timers can also cause this, ensure that .unref() was called on them.
------------------------------------|---------|----------|---------|---------|-------------------
File                                | % Stmts | % Branch | % Funcs | % Lines | Uncovered Line #s 
------------------------------------|---------|----------|---------|---------|-------------------
All files                           |   93.52 |      100 |     100 |   93.33 |                   
 lambda/auth                        |     100 |      100 |     100 |     100 |                   
  create-auth-challenge.ts          |     100 |      100 |     100 |     100 |                   
  define-auth-challenge.ts          |     100 |      100 |     100 |     100 |                   
  pre-sign-up.ts                    |     100 |      100 |     100 |     100 |                   
  verify-auth-challenge-response.ts |     100 |      100 |     100 |     100 |                   
 lib                                |   69.23 |      100 |     100 |   69.23 |                   
  cert-stack.ts                     |     100 |      100 |     100 |     100 |                   
  fringe-stack.ts                   |    61.9 |      100 |     100 |    61.9 | 25-46             
 lib/constructs                     |   98.55 |      100 |     100 |   98.55 |                   
  api.ts                            |     100 |      100 |     100 |     100 |                   
  auth.ts                           |     100 |      100 |     100 |     100 |                   
  dynamo.ts                         |     100 |      100 |     100 |     100 |                   
  frontend.ts                       |   91.66 |      100 |     100 |   91.66 | 63                
  scraper.ts                        |     100 |      100 |     100 |     100 |                   
------------------------------------|---------|----------|---------|---------|-------------------

Test Suites: 2 failed, 9 passed, 11 total
Tests:       24 failed, 79 passed, 103 total
Snapshots:   0 total
Time:        30.427 s
Ran all test suites.
 ELIFECYCLE  Command failed with exit code 1.
 ELIFECYCLE  Command failed with exit code 1.
 ELIFECYCLE  Test failed. See above for more details.
